../Core/Src/main.c:98:6:HAL_TIM_PeriodElapsedCallback	16	static
../Core/Src/main.c:103:6:HAL_DAC_ConvHalfCpltCallbackCh1	16	static
../Core/Src/main.c:108:6:HAL_DAC_ConvCpltCallbackCh1	16	static
../Core/Src/main.c:113:6:HAL_GPIO_EXTI_Callback	16	static
../Core/Src/main.c:124:5:main	24	static
../Core/Src/main.c:194:6:SystemClock_Config	120	static
../Core/Src/main.c:253:6:PeriphCommonClock_Config	192	static
../Core/Src/main.c:280:13:MX_ADC1_Init	56	static
../Core/Src/main.c:349:13:MX_ADC2_Init	48	static
../Core/Src/main.c:409:13:MX_DAC1_Init	48	static
../Core/Src/main.c:459:13:MX_I2C2_Init	8	static
../Core/Src/main.c:507:13:MX_SPI2_Init	8	static
../Core/Src/main.c:555:13:MX_SPI3_Init	8	static
../Core/Src/main.c:603:13:MX_SPI4_Init	8	static
../Core/Src/main.c:651:13:MX_TIM1_Init	40	static
../Core/Src/main.c:698:13:MX_TIM2_Init	40	static
../Core/Src/main.c:743:13:MX_TIM3_Init	64	static
../Core/Src/main.c:810:13:MX_TIM4_Init	64	static
../Core/Src/main.c:869:13:MX_UART7_Init	8	static
../Core/Src/main.c:917:13:MX_USART1_UART_Init	8	static
../Core/Src/main.c:963:13:MX_DMA_Init	16	static
../Core/Src/main.c:987:13:MX_GPIO_Init	56	static
../Core/Src/main.c:1120:6:MPU_Config	24	static
../Core/Src/main.c:1151:6:Error_Handler	4	static,ignoring_inline_asm
