../Core/Src/main.c:98:6:HAL_TIM_PeriodElapsedCallback	16	static
../Core/Src/main.c:103:6:HAL_DAC_ConvHalfCpltCallbackCh1	16	static
../Core/Src/main.c:108:6:HAL_DAC_ConvCpltCallbackCh1	16	static
../Core/Src/main.c:119:5:main	16	static
../Core/Src/main.c:189:6:SystemClock_Config	120	static
../Core/Src/main.c:248:6:PeriphCommonClock_Config	192	static
../Core/Src/main.c:275:13:MX_ADC1_Init	56	static
../Core/Src/main.c:344:13:MX_ADC2_Init	48	static
../Core/Src/main.c:404:13:MX_DAC1_Init	48	static
../Core/Src/main.c:454:13:MX_I2C2_Init	8	static
../Core/Src/main.c:502:13:MX_SPI2_Init	8	static
../Core/Src/main.c:550:13:MX_SPI3_Init	8	static
../Core/Src/main.c:598:13:MX_SPI4_Init	8	static
../Core/Src/main.c:646:13:MX_TIM1_Init	40	static
../Core/Src/main.c:693:13:MX_TIM2_Init	40	static
../Core/Src/main.c:738:13:MX_TIM3_Init	64	static
../Core/Src/main.c:805:13:MX_TIM4_Init	64	static
../Core/Src/main.c:864:13:MX_UART7_Init	8	static
../Core/Src/main.c:912:13:MX_USART1_UART_Init	8	static
../Core/Src/main.c:958:13:MX_DMA_Init	16	static
../Core/Src/main.c:982:13:MX_GPIO_Init	56	static
../Core/Src/main.c:1083:6:MPU_Config	24	static
../Core/Src/main.c:1114:6:Error_Handler	4	static,ignoring_inline_asm
