../Core/Src/vibecheck_wavegen.c:13:13:ComputeSineWave	40	static
../Core/Src/vibecheck_wavegen.c:19:13:ComputeSquareWave	32	static
../Core/Src/vibecheck_wavegen.c:28:13:ComputeSawWave	32	static
../Core/Src/vibecheck_wavegen.c:37:13:ComputeTriangleWave	32	static
../Core/Src/vibecheck_wavegen.c:48:13:ComputeNullWave	24	static
../Core/Src/vibecheck_wavegen.c:57:13:VibeCheckWaveGen_RecomputeWave	16	static
../Core/Src/vibecheck_wavegen.c:84:6:VibeCheckWaveGen_Init	32	static
../Core/Src/vibecheck_wavegen.c:120:6:VibeCheckWaveGen_Update	24	static
../Core/Src/vibecheck_wavegen.c:167:6:VibeCheckWaveGen_Start	16	static
../Core/Src/vibecheck_wavegen.c:178:6:VibeCheckWaveGen_Stop	16	static
../Core/Src/vibecheck_wavegen.c:188:6:VibeCheckWaveGen_SetFrequency	24	static
../Core/Src/vibecheck_wavegen.c:200:7:VibeCheckWaveGen_GetFrequency	16	static
../Core/Src/vibecheck_wavegen.c:205:6:VibeCheckWaveGen_SetAmplitude	16	static
../Core/Src/vibecheck_wavegen.c:217:7:VibeCheckWaveGen_GetAmplitude	16	static
../Core/Src/vibecheck_wavegen.c:222:6:VibeCheckWaveGen_SetWaveform	16	static
../Core/Src/vibecheck_wavegen.c:229:27:VibeCheckWaveGen_GetWaveform	16	static
../Core/Src/vibecheck_wavegen.c:234:10:VibeCheckWaveGen_WasMuteButtonPressed	16	static
../Core/Src/vibecheck_wavegen.c:248:6:VibeCheckWaveGen_DMAHalfCpltCallback	16	static
../Core/Src/vibecheck_wavegen.c:257:6:VibeCheckWaveGen_DMACpltCallback	16	static
