../Core/Src/vibecheck_accel.c:11:6:VibeCheckAccel_Init	152	static
../Core/Src/vibecheck_accel.c:50:6:VibeCheckAccel_Update	40	static
../Core/Src/vibecheck_accel.c:113:6:VibeCheckAccel_StartAccel	16	static
../Core/Src/vibecheck_accel.c:128:6:VibeCheckAccel_StopAccel	16	static
../Core/Src/vibecheck_accel.c:138:6:VibeCheckAccel_StartGyro	16	static
../Core/Src/vibecheck_accel.c:148:6:VibeCheckAccel_StopGyro	16	static
../Core/Src/vibecheck_accel.c:158:6:VibeCheckAccel_SetAccelODR	24	static
../Core/Src/vibecheck_accel.c:166:6:VibeCheckAccel_SetGyroODR	24	static
../Core/Src/vibecheck_accel.c:174:6:VibeCheckAccel_SetAccelRange	24	static
../Core/Src/vibecheck_accel.c:182:6:VibeCheckAccel_SetGyroRange	24	static
../Core/Src/vibecheck_accel.c:190:6:VibeCheckAccel_SetOffsets	32	static
../Core/Src/vibecheck_accel.c:208:10:VibeCheckAccel_GetAccelODR	16	static
../Core/Src/vibecheck_accel.c:214:10:VibeCheckAccel_GetGyroODR	16	static
../Core/Src/vibecheck_accel.c:220:10:VibeCheckAccel_GetAccelRange	16	static
../Core/Src/vibecheck_accel.c:226:10:VibeCheckAccel_GetGyroRange	16	static
../Core/Src/vibecheck_accel.c:232:6:VibeCheckAccel_GetOffsets	24	static
../Core/Src/vibecheck_accel.c:241:6:VibeCheckAccel_StartFakeData	16	static
../Core/Src/vibecheck_accel.c:247:6:VibeCheckAccel_StopFakeData	16	static
../Core/Src/vibecheck_accel.c:253:10:VibeCheckAccel_ConnectionChanged	32	static
../Core/Src/vibecheck_accel.c:270:6:VibeCheckAccel_UpdateSensor	16	static
../Core/Src/vibecheck_accel.c:285:6:VibeCheckAccel_AddData	32	static
../Core/Src/vibecheck_accel.c:306:10:VibeCheckAccel_GetDataReady	16	static
../Core/Src/vibecheck_accel.c:327:6:VibeCheckAccel_EXTICallback	48	static
