../Core/Src/vibecheck_shell.c:11:6:VibeCheckShell_Init	16	static
../Core/Src/vibecheck_shell.c:27:23:VibeCheckShell_Update	112	static
../Core/Src/vibecheck_shell.c:115:6:VibeCheckShell_RegisterInputHandler	16	static
../Core/Src/vibecheck_shell.c:121:6:VibeCheckShell_RegisterOutputHandler	24	static
../Core/Src/vibecheck_shell.c:127:6:VibeCheckShell_PutInput	32	static
../Core/Src/vibecheck_shell.c:150:10:VibeCheckShell_GetOutput	32	static
../Core/Src/vibecheck_shell.c:186:6:VibeCheckShell_UpdateOutputBuffer	16	static
../Core/Src/vibecheck_shell.c:211:10:VibeCheckShell_GetNextString	32	static
../Core/Src/vibecheck_shell.c:259:10:VibeCheckShell_GetNextInt	80	static
../Core/Src/vibecheck_shell.c:271:10:VibeCheckShell_GetNextFloat	80	static
../Core/Src/vibecheck_shell.c:283:10:VibeCheckShell_TurnToInt	32	static
../Core/Src/vibecheck_shell.c:293:10:VibeCheckShell_TurnToFloat	48	static
../Core/Src/vibecheck_shell.c:306:6:VibeCheckShell_PutOutputString	16	static
../Core/Src/vibecheck_shell.c:317:6:VibeCheckShell_PutOutputInt	80	static
../Core/Src/vibecheck_shell.c:324:6:VibeCheckShell_PutOutputFloat	80	static
../Core/Src/vibecheck_shell.c:331:6:VibeCheckShell_PutOutputSeparator	16	static
../Core/Src/vibecheck_shell.c:336:6:VibeCheckShell_PutOutputDelimiter	16	static
