../Core/Src/vibecheck_sensor.c:11:6:VibeCheckSensor_Init	152	static
../Core/Src/vibecheck_sensor.c:52:6:VibeCheckSensor_Update	40	static
../Core/Src/vibecheck_sensor.c:116:6:VibeCheckSensor_StartAccel	16	static
../Core/Src/vibecheck_sensor.c:131:6:VibeCheckSensor_StopAccel	16	static
../Core/Src/vibecheck_sensor.c:141:6:VibeCheckSensor_StartGyro	16	static
../Core/Src/vibecheck_sensor.c:151:6:VibeCheckSensor_StopGyro	16	static
../Core/Src/vibecheck_sensor.c:161:6:VibeCheckSensor_SetAccelODR	24	static
../Core/Src/vibecheck_sensor.c:169:6:VibeCheckSensor_SetGyroODR	24	static
../Core/Src/vibecheck_sensor.c:177:6:VibeCheckSensor_SetAccelRange	24	static
../Core/Src/vibecheck_sensor.c:185:6:VibeCheckSensor_SetGyroRange	24	static
../Core/Src/vibecheck_sensor.c:193:6:VibeCheckSensor_SetOffsets	32	static
../Core/Src/vibecheck_sensor.c:213:10:VibeCheckSensor_GetAccelODR	16	static
../Core/Src/vibecheck_sensor.c:219:10:VibeCheckSensor_GetGyroODR	16	static
../Core/Src/vibecheck_sensor.c:225:10:VibeCheckSensor_GetAccelRange	16	static
../Core/Src/vibecheck_sensor.c:231:10:VibeCheckSensor_GetGyroRange	16	static
../Core/Src/vibecheck_sensor.c:237:6:VibeCheckSensor_GetOffsets	24	static
../Core/Src/vibecheck_sensor.c:246:6:VibeCheckSensor_StartFakeData	16	static
../Core/Src/vibecheck_sensor.c:252:6:VibeCheckSensor_StopFakeData	16	static
../Core/Src/vibecheck_sensor.c:258:6:VibeCheckSensor_ResetTime	16	static
../Core/Src/vibecheck_sensor.c:264:10:VibeCheckSensor_IsConnected	16	static
../Core/Src/vibecheck_sensor.c:271:10:VibeCheckSensor_ConnectionChanged	32	static
../Core/Src/vibecheck_sensor.c:287:6:VibeCheckSensor_ResetConnectionFlag	16	static
../Core/Src/vibecheck_sensor.c:294:6:VibeCheckSensor_UpdateSensor	16	static
../Core/Src/vibecheck_sensor.c:309:6:VibeCheckSensor_AddData	32	static
../Core/Src/vibecheck_sensor.c:330:10:VibeCheckSensor_GetDataReady	16	static
../Core/Src/vibecheck_sensor.c:351:6:VibeCheckSensor_EXTICallback	48	static
