../Core/Src/vibecheck_shell.c:11:6:VibeCheckShell_Init	16	static
../Core/Src/vibecheck_shell.c:26:23:VibeCheckShell_Update	112	static
../Core/Src/vibecheck_shell.c:107:6:VibeCheckShell_RegisterInputHandler	16	static
../Core/Src/vibecheck_shell.c:113:6:VibeCheckShell_RegisterOutputHandler	24	static
../Core/Src/vibecheck_shell.c:119:6:VibeCheckShell_PutInput	32	static
../Core/Src/vibecheck_shell.c:142:10:VibeCheckShell_GetOutput	24	static
../Core/Src/vibecheck_shell.c:171:10:VibeCheckShell_GetNextString	32	static
../Core/Src/vibecheck_shell.c:219:10:VibeCheckShell_GetNextInt	80	static
../Core/Src/vibecheck_shell.c:231:10:VibeCheckShell_GetNextFloat	80	static
../Core/Src/vibecheck_shell.c:243:10:VibeCheckShell_TurnToInt	32	static
../Core/Src/vibecheck_shell.c:253:10:VibeCheckShell_TurnToFloat	48	static
../Core/Src/vibecheck_shell.c:266:6:VibeCheckShell_PutOutputString	16	static
../Core/Src/vibecheck_shell.c:277:6:VibeCheckShell_PutOutputInt	80	static
../Core/Src/vibecheck_shell.c:284:6:VibeCheckShell_PutOutputFloat	80	static
../Core/Src/vibecheck_shell.c:291:6:VibeCheckShell_PutOutputSeparator	16	static
../Core/Src/vibecheck_shell.c:296:6:VibeCheckShell_PutOutputDelimiter	16	static
