../Core/Src/vibecheck_sensor.c:11:6:VibeCheckSensor_Init	152	static
../Core/Src/vibecheck_sensor.c:53:6:VibeCheckSensor_Update	40	static
../Core/Src/vibecheck_sensor.c:117:6:VibeCheckSensor_StartAccel	16	static
../Core/Src/vibecheck_sensor.c:133:6:VibeCheckSensor_StopAccel	16	static
../Core/Src/vibecheck_sensor.c:144:6:VibeCheckSensor_StartGyro	16	static
../Core/Src/vibecheck_sensor.c:155:6:VibeCheckSensor_StopGyro	16	static
../Core/Src/vibecheck_sensor.c:166:6:VibeCheckSensor_SetAccelODR	24	static
../Core/Src/vibecheck_sensor.c:174:6:VibeCheckSensor_SetGyroODR	24	static
../Core/Src/vibecheck_sensor.c:182:6:VibeCheckSensor_SetAccelRange	24	static
../Core/Src/vibecheck_sensor.c:190:6:VibeCheckSensor_SetGyroRange	24	static
../Core/Src/vibecheck_sensor.c:198:6:VibeCheckSensor_SetOffsets	32	static
../Core/Src/vibecheck_sensor.c:218:10:VibeCheckSensor_GetAccelODR	16	static
../Core/Src/vibecheck_sensor.c:224:10:VibeCheckSensor_GetGyroODR	16	static
../Core/Src/vibecheck_sensor.c:230:10:VibeCheckSensor_GetAccelRange	16	static
../Core/Src/vibecheck_sensor.c:236:10:VibeCheckSensor_GetGyroRange	16	static
../Core/Src/vibecheck_sensor.c:242:6:VibeCheckSensor_GetOffsets	24	static
../Core/Src/vibecheck_sensor.c:251:6:VibeCheckSensor_StartFakeData	16	static
../Core/Src/vibecheck_sensor.c:257:6:VibeCheckSensor_StopFakeData	16	static
../Core/Src/vibecheck_sensor.c:263:6:VibeCheckSensor_SetPacketSize	16	static
../Core/Src/vibecheck_sensor.c:275:10:VibeCheckSensor_GetPacketSize	16	static
../Core/Src/vibecheck_sensor.c:281:6:VibeCheckSensor_ResetTime	16	static
../Core/Src/vibecheck_sensor.c:287:10:VibeCheckSensor_IsConnected	16	static
../Core/Src/vibecheck_sensor.c:294:10:VibeCheckSensor_ConnectionChanged	32	static
../Core/Src/vibecheck_sensor.c:310:10:VibeCheckSensor_MeasuringChanged	32	static
../Core/Src/vibecheck_sensor.c:329:6:VibeCheckSensor_ResetConnectionFlag	16	static
../Core/Src/vibecheck_sensor.c:336:6:VibeCheckSensor_UpdateSensor	16	static
../Core/Src/vibecheck_sensor.c:351:6:VibeCheckSensor_AddData	32	static
../Core/Src/vibecheck_sensor.c:372:10:VibeCheckSensor_GetDataReady	16	static
../Core/Src/vibecheck_sensor.c:393:6:VibeCheckSensor_EXTICallback	48	static
