../Core/Src/vibecheck_sensor.c:11:6:VibeCheckSensor_Init	152	static
../Core/Src/vibecheck_sensor.c:50:6:VibeCheckSensor_Update	40	static
../Core/Src/vibecheck_sensor.c:113:6:VibeCheckSensor_StartAccel	16	static
../Core/Src/vibecheck_sensor.c:128:6:VibeCheckSensor_StopAccel	16	static
../Core/Src/vibecheck_sensor.c:138:6:VibeCheckSensor_StartGyro	16	static
../Core/Src/vibecheck_sensor.c:148:6:VibeCheckSensor_StopGyro	16	static
../Core/Src/vibecheck_sensor.c:158:6:VibeCheckSensor_SetAccelODR	24	static
../Core/Src/vibecheck_sensor.c:166:6:VibeCheckSensor_SetGyroODR	24	static
../Core/Src/vibecheck_sensor.c:174:6:VibeCheckSensor_SetAccelRange	24	static
../Core/Src/vibecheck_sensor.c:182:6:VibeCheckSensor_SetGyroRange	24	static
../Core/Src/vibecheck_sensor.c:190:6:VibeCheckSensor_SetOffsets	32	static
../Core/Src/vibecheck_sensor.c:208:10:VibeCheckSensor_GetAccelODR	16	static
../Core/Src/vibecheck_sensor.c:214:10:VibeCheckSensor_GetGyroODR	16	static
../Core/Src/vibecheck_sensor.c:220:10:VibeCheckSensor_GetAccelRange	16	static
../Core/Src/vibecheck_sensor.c:226:10:VibeCheckSensor_GetGyroRange	16	static
../Core/Src/vibecheck_sensor.c:232:6:VibeCheckSensor_GetOffsets	24	static
../Core/Src/vibecheck_sensor.c:241:6:VibeCheckSensor_StartFakeData	16	static
../Core/Src/vibecheck_sensor.c:247:6:VibeCheckSensor_StopFakeData	16	static
../Core/Src/vibecheck_sensor.c:253:10:VibeCheckSensor_ConnectionChanged	32	static
../Core/Src/vibecheck_sensor.c:270:6:VibeCheckSensor_UpdateSensor	16	static
../Core/Src/vibecheck_sensor.c:285:6:VibeCheckSensor_AddData	32	static
../Core/Src/vibecheck_sensor.c:306:10:VibeCheckSensor_GetDataReady	16	static
../Core/Src/vibecheck_sensor.c:327:6:VibeCheckSensor_EXTICallback	48	static
