../Core/Src/main.c:109:6:Generate_Sine	40	static
../Core/Src/main.c:123:5:main	3216	static
../Core/Src/main.c:213:6:SystemClock_Config	120	static
../Core/Src/main.c:271:6:PeriphCommonClock_Config	192	static
../Core/Src/main.c:298:13:MX_ADC1_Init	56	static
../Core/Src/main.c:367:13:MX_ADC2_Init	48	static
../Core/Src/main.c:427:13:MX_DAC1_Init	48	static
../Core/Src/main.c:470:13:MX_I2C2_Init	8	static
../Core/Src/main.c:518:13:MX_SPI2_Init	8	static
../Core/Src/main.c:566:13:MX_SPI3_Init	8	static
../Core/Src/main.c:614:13:MX_SPI4_Init	8	static
../Core/Src/main.c:662:13:MX_TIM1_Init	40	static
../Core/Src/main.c:709:13:MX_TIM2_Init	40	static
../Core/Src/main.c:754:13:MX_TIM3_Init	64	static
../Core/Src/main.c:821:13:MX_TIM4_Init	64	static
../Core/Src/main.c:880:13:MX_UART7_Init	8	static
../Core/Src/main.c:928:13:MX_USART1_UART_Init	8	static
../Core/Src/main.c:974:13:MX_DMA_Init	16	static
../Core/Src/main.c:992:13:MX_GPIO_Init	56	static
../Core/Src/main.c:1090:6:MPU_Config	24	static
../Core/Src/main.c:1121:6:Error_Handler	4	static,ignoring_inline_asm
