../Core/Src/LSM6DS3.c:12:6:LSM6DS3_Init	12	static
../Core/Src/LSM6DS3.c:217:6:LSM6DS3_ReadAccel	48	static
../Core/Src/LSM6DS3.c:244:6:LSM6DS3_ReadGyro	48	static
../Core/Src/LSM6DS3.c:271:19:LSM6DS3_ReadRegister	40	static
../Core/Src/LSM6DS3.c:30:10:LSM6DS3_TestCommunication	16	static
../Core/Src/LSM6DS3.c:286:19:LSM6DS3_WriteRegister	24	static
../Core/Src/LSM6DS3.c:57:6:LSM6DS3_WriteOffsets	24	static
../Core/Src/LSM6DS3.c:73:6:LSM6DS3_StartAccel	0	static
../Core/Src/LSM6DS3.c:138:6:LSM6DS3_StartGyro	0	static
../Core/Src/LSM6DS3.c:205:6:LSM6DS3_StopAccel	0	static
../Core/Src/LSM6DS3.c:211:6:LSM6DS3_StopGyro	0	static
../Core/Src/LSM6DS3.c:41:6:LSM6DS3_Configure	8	static
../Core/Src/LSM6DS3.c:298:10:LSM6DS3_GetInt1State	8	static
../Core/Src/LSM6DS3.c:304:10:LSM6DS3_GetInt2State	8	static
