../Core/Src/stm32h7xx_it.c:73:6:NMI_Handler	0	static
../Core/Src/stm32h7xx_it.c:88:6:HardFault_Handler	0	static
../Core/Src/stm32h7xx_it.c:103:6:MemManage_Handler	0	static
../Core/Src/stm32h7xx_it.c:118:6:BusFault_Handler	0	static
../Core/Src/stm32h7xx_it.c:133:6:UsageFault_Handler	0	static
../Core/Src/stm32h7xx_it.c:148:6:SVC_Handler	0	static
../Core/Src/stm32h7xx_it.c:161:6:DebugMon_Handler	0	static
../Core/Src/stm32h7xx_it.c:174:6:PendSV_Handler	0	static
../Core/Src/stm32h7xx_it.c:187:6:SysTick_Handler	0	static
../Core/Src/stm32h7xx_it.c:208:6:EXTI1_IRQHandler	0	static
../Core/Src/stm32h7xx_it.c:222:6:EXTI2_IRQHandler	0	static
../Core/Src/stm32h7xx_it.c:236:6:EXTI3_IRQHandler	0	static
../Core/Src/stm32h7xx_it.c:250:6:DMA1_Stream0_IRQHandler	0	static
../Core/Src/stm32h7xx_it.c:264:6:DMA1_Stream1_IRQHandler	0	static
../Core/Src/stm32h7xx_it.c:278:6:DMA1_Stream2_IRQHandler	0	static
../Core/Src/stm32h7xx_it.c:292:6:EXTI9_5_IRQHandler	8	static
../Core/Src/stm32h7xx_it.c:307:6:TIM3_IRQHandler	0	static
../Core/Src/stm32h7xx_it.c:321:6:EXTI15_10_IRQHandler	0	static
../Core/Src/stm32h7xx_it.c:335:6:OTG_HS_IRQHandler	0	static
