../Core/Src/vibecheck_strobe.c:27:6:VibeCheckStrobe_Start	8	static
../Core/Src/vibecheck_strobe.c:36:6:VibeCheckStrobe_Stop	8	static
../Core/Src/vibecheck_strobe.c:44:6:VibeCheckStrobe_SetFrequency	0	static
../Core/Src/vibecheck_strobe.c:56:7:VibeCheckStrobe_GetFrequency	0	static
../Core/Src/vibecheck_strobe.c:61:6:VibeCheckStrobe_SetPhase	0	static
../Core/Src/vibecheck_strobe.c:87:7:VibeCheckStrobe_GetPhase	0	static
../Core/Src/vibecheck_strobe.c:92:6:VibeCheckStrobe_SetExposure	0	static
../Core/Src/vibecheck_strobe.c:12:6:VibeCheckStrobe_Init	8	static
../Core/Src/vibecheck_strobe.c:104:7:VibeCheckStrobe_GetExposure	0	static
../Core/Src/vibecheck_strobe.c:111:6:VibeCheckStrobe_PeriodElapsedUpdate	0	static
