../Core/Src/vibecheck_shell.c:11:6:VibeCheckShell_Init	0	static
../Core/Src/vibecheck_shell.c:107:6:VibeCheckShell_RegisterInputHandler	8	static
../Core/Src/vibecheck_shell.c:113:6:VibeCheckShell_RegisterOutputHandler	24	static
../Core/Src/vibecheck_shell.c:119:6:VibeCheckShell_PutInput	24	static
../Core/Src/vibecheck_shell.c:142:10:VibeCheckShell_GetOutput	8	static
../Core/Src/vibecheck_shell.c:166:6:VibeCheckShell_UpdateOutputBuffer	0	static
../Core/Src/vibecheck_shell.c:179:10:VibeCheckShell_GetNextString	40	static
../Core/Src/vibecheck_shell.c:26:23:VibeCheckShell_Update	104	static
../Core/Src/vibecheck_shell.c:251:10:VibeCheckShell_TurnToInt	40	static
../Core/Src/vibecheck_shell.c:227:10:VibeCheckShell_GetNextInt	72	static
../Core/Src/vibecheck_shell.c:261:10:VibeCheckShell_TurnToFloat	40	static
../Core/Src/vibecheck_shell.c:239:10:VibeCheckShell_GetNextFloat	72	static
../Core/Src/vibecheck_shell.c:274:6:VibeCheckShell_PutOutputString	16	static
../Core/Src/vibecheck_shell.c:285:6:VibeCheckShell_PutOutputInt	72	static
../Core/Src/vibecheck_shell.c:292:6:VibeCheckShell_PutOutputFloat	72	static
../Core/Src/vibecheck_shell.c:299:6:VibeCheckShell_PutOutputSeparator	0	static
../Core/Src/vibecheck_shell.c:304:6:VibeCheckShell_PutOutputDelimiter	0	static
