../Core/Src/vibecheck_wavegen.c:61:13:VibeCheckWaveGen_RecomputeWave	48	static
../Core/Src/vibecheck_wavegen.c:181:6:VibeCheckWaveGen_Start	0	static
../Core/Src/vibecheck_wavegen.c:192:6:VibeCheckWaveGen_Stop	0	static
../Core/Src/vibecheck_wavegen.c:202:6:VibeCheckWaveGen_SetFrequency	0	static
../Core/Src/vibecheck_wavegen.c:88:6:VibeCheckWaveGen_Init	32	static
../Core/Src/vibecheck_wavegen.c:126:6:VibeCheckWaveGen_Update	32	static
../Core/Src/vibecheck_wavegen.c:214:7:VibeCheckWaveGen_GetFrequency	0	static
../Core/Src/vibecheck_wavegen.c:219:6:VibeCheckWaveGen_SetAmplitude	0	static
../Core/Src/vibecheck_wavegen.c:231:7:VibeCheckWaveGen_GetAmplitude	0	static
../Core/Src/vibecheck_wavegen.c:236:6:VibeCheckWaveGen_SetWaveform	0	static
../Core/Src/vibecheck_wavegen.c:243:27:VibeCheckWaveGen_GetWaveform	0	static
../Core/Src/vibecheck_wavegen.c:248:10:VibeCheckWaveGen_WasMuteButtonPressed	0	static
../Core/Src/vibecheck_wavegen.c:262:6:VibeCheckWaveGen_DMAHalfCpltCallback	0	static
../Core/Src/vibecheck_wavegen.c:271:6:VibeCheckWaveGen_DMACpltCallback	0	static
../Core/Src/vibecheck_wavegen.c:282:6:VibeCheckWaveGen_StartDemo	16	static
../Core/Src/vibecheck_wavegen.c:294:6:VibeCheckWaveGen_StopDemo	8	static
