../Core/Src/vibecheck_shell.c:11:6:VibeCheckShell_Init	0	static
../Core/Src/vibecheck_shell.c:115:6:VibeCheckShell_RegisterInputHandler	8	static
../Core/Src/vibecheck_shell.c:121:6:VibeCheckShell_RegisterOutputHandler	24	static
../Core/Src/vibecheck_shell.c:127:6:VibeCheckShell_PutInput	24	static
../Core/Src/vibecheck_shell.c:150:10:VibeCheckShell_GetOutput	12	static
../Core/Src/vibecheck_shell.c:186:6:VibeCheckShell_UpdateOutputBuffer	0	static
../Core/Src/vibecheck_shell.c:211:10:VibeCheckShell_GetNextString	40	static
../Core/Src/vibecheck_shell.c:27:23:VibeCheckShell_Update	104	static
../Core/Src/vibecheck_shell.c:283:10:VibeCheckShell_TurnToInt	40	static
../Core/Src/vibecheck_shell.c:259:10:VibeCheckShell_GetNextInt	72	static
../Core/Src/vibecheck_shell.c:293:10:VibeCheckShell_TurnToFloat	40	static
../Core/Src/vibecheck_shell.c:271:10:VibeCheckShell_GetNextFloat	72	static
../Core/Src/vibecheck_shell.c:306:6:VibeCheckShell_PutOutputString	16	static
../Core/Src/vibecheck_shell.c:317:6:VibeCheckShell_PutOutputInt	72	static
../Core/Src/vibecheck_shell.c:324:6:VibeCheckShell_PutOutputFloat	72	static
../Core/Src/vibecheck_shell.c:331:6:VibeCheckShell_PutOutputSeparator	0	static
../Core/Src/vibecheck_shell.c:336:6:VibeCheckShell_PutOutputDelimiter	0	static
