Archive member included to satisfy reference by file (symbol)

C:/ST/STM32CubeIDE_1.14.0/STM32CubeIDE/plugins/com.st.stm32cube.ide.mcu.externaltools.gnu-tools-for-stm32.12.3.rel1.win32_1.0.200.202406191623/tools/bin/../lib/gcc/arm-none-eabi/12.3.1/../../../../arm-none-eabi/lib/thumb/v7e-m+dp/hard\libc_nano.a(libc_a-exit.o)
                              C:/ST/STM32CubeIDE_1.14.0/STM32CubeIDE/plugins/com.st.stm32cube.ide.mcu.externaltools.gnu-tools-for-stm32.12.3.rel1.win32_1.0.200.202406191623/tools/bin/../lib/gcc/arm-none-eabi/12.3.1/../../../../arm-none-eabi/lib/thumb/v7e-m+dp/hard/crt0.o (exit)
C:/ST/STM32CubeIDE_1.14.0/STM32CubeIDE/plugins/com.st.stm32cube.ide.mcu.externaltools.gnu-tools-for-stm32.12.3.rel1.win32_1.0.200.202406191623/tools/bin/../lib/gcc/arm-none-eabi/12.3.1/../../../../arm-none-eabi/lib/thumb/v7e-m+dp/hard\libc_nano.a(libc_a-findfp.o)
                              C:/ST/STM32CubeIDE_1.14.0/STM32CubeIDE/plugins/com.st.stm32cube.ide.mcu.externaltools.gnu-tools-for-stm32.12.3.rel1.win32_1.0.200.202406191623/tools/bin/../lib/gcc/arm-none-eabi/12.3.1/../../../../arm-none-eabi/lib/thumb/v7e-m+dp/hard\libc_nano.a(libc_a-exit.o) (__stdio_exit_handler)
C:/ST/STM32CubeIDE_1.14.0/STM32CubeIDE/plugins/com.st.stm32cube.ide.mcu.externaltools.gnu-tools-for-stm32.12.3.rel1.win32_1.0.200.202406191623/tools/bin/../lib/gcc/arm-none-eabi/12.3.1/../../../../arm-none-eabi/lib/thumb/v7e-m+dp/hard\libc_nano.a(libc_a-fwalk.o)
                              C:/ST/STM32CubeIDE_1.14.0/STM32CubeIDE/plugins/com.st.stm32cube.ide.mcu.externaltools.gnu-tools-for-stm32.12.3.rel1.win32_1.0.200.202406191623/tools/bin/../lib/gcc/arm-none-eabi/12.3.1/../../../../arm-none-eabi/lib/thumb/v7e-m+dp/hard\libc_nano.a(libc_a-findfp.o) (_fwalk_sglue)
C:/ST/STM32CubeIDE_1.14.0/STM32CubeIDE/plugins/com.st.stm32cube.ide.mcu.externaltools.gnu-tools-for-stm32.12.3.rel1.win32_1.0.200.202406191623/tools/bin/../lib/gcc/arm-none-eabi/12.3.1/../../../../arm-none-eabi/lib/thumb/v7e-m+dp/hard\libc_nano.a(libc_a-stdio.o)
                              C:/ST/STM32CubeIDE_1.14.0/STM32CubeIDE/plugins/com.st.stm32cube.ide.mcu.externaltools.gnu-tools-for-stm32.12.3.rel1.win32_1.0.200.202406191623/tools/bin/../lib/gcc/arm-none-eabi/12.3.1/../../../../arm-none-eabi/lib/thumb/v7e-m+dp/hard\libc_nano.a(libc_a-findfp.o) (__sread)
C:/ST/STM32CubeIDE_1.14.0/STM32CubeIDE/plugins/com.st.stm32cube.ide.mcu.externaltools.gnu-tools-for-stm32.12.3.rel1.win32_1.0.200.202406191623/tools/bin/../lib/gcc/arm-none-eabi/12.3.1/../../../../arm-none-eabi/lib/thumb/v7e-m+dp/hard\libc_nano.a(libc_a-memset.o)
                              C:/ST/STM32CubeIDE_1.14.0/STM32CubeIDE/plugins/com.st.stm32cube.ide.mcu.externaltools.gnu-tools-for-stm32.12.3.rel1.win32_1.0.200.202406191623/tools/bin/../lib/gcc/arm-none-eabi/12.3.1/../../../../arm-none-eabi/lib/thumb/v7e-m+dp/hard/crt0.o (memset)
C:/ST/STM32CubeIDE_1.14.0/STM32CubeIDE/plugins/com.st.stm32cube.ide.mcu.externaltools.gnu-tools-for-stm32.12.3.rel1.win32_1.0.200.202406191623/tools/bin/../lib/gcc/arm-none-eabi/12.3.1/../../../../arm-none-eabi/lib/thumb/v7e-m+dp/hard\libc_nano.a(libc_a-closer.o)
                              C:/ST/STM32CubeIDE_1.14.0/STM32CubeIDE/plugins/com.st.stm32cube.ide.mcu.externaltools.gnu-tools-for-stm32.12.3.rel1.win32_1.0.200.202406191623/tools/bin/../lib/gcc/arm-none-eabi/12.3.1/../../../../arm-none-eabi/lib/thumb/v7e-m+dp/hard\libc_nano.a(libc_a-stdio.o) (_close_r)
C:/ST/STM32CubeIDE_1.14.0/STM32CubeIDE/plugins/com.st.stm32cube.ide.mcu.externaltools.gnu-tools-for-stm32.12.3.rel1.win32_1.0.200.202406191623/tools/bin/../lib/gcc/arm-none-eabi/12.3.1/../../../../arm-none-eabi/lib/thumb/v7e-m+dp/hard\libc_nano.a(libc_a-reent.o)
                              C:/ST/STM32CubeIDE_1.14.0/STM32CubeIDE/plugins/com.st.stm32cube.ide.mcu.externaltools.gnu-tools-for-stm32.12.3.rel1.win32_1.0.200.202406191623/tools/bin/../lib/gcc/arm-none-eabi/12.3.1/../../../../arm-none-eabi/lib/thumb/v7e-m+dp/hard\libc_nano.a(libc_a-closer.o) (errno)
C:/ST/STM32CubeIDE_1.14.0/STM32CubeIDE/plugins/com.st.stm32cube.ide.mcu.externaltools.gnu-tools-for-stm32.12.3.rel1.win32_1.0.200.202406191623/tools/bin/../lib/gcc/arm-none-eabi/12.3.1/../../../../arm-none-eabi/lib/thumb/v7e-m+dp/hard\libc_nano.a(libc_a-impure.o)
                              C:/ST/STM32CubeIDE_1.14.0/STM32CubeIDE/plugins/com.st.stm32cube.ide.mcu.externaltools.gnu-tools-for-stm32.12.3.rel1.win32_1.0.200.202406191623/tools/bin/../lib/gcc/arm-none-eabi/12.3.1/../../../../arm-none-eabi/lib/thumb/v7e-m+dp/hard\libc_nano.a(libc_a-reent.o) (_impure_ptr)
C:/ST/STM32CubeIDE_1.14.0/STM32CubeIDE/plugins/com.st.stm32cube.ide.mcu.externaltools.gnu-tools-for-stm32.12.3.rel1.win32_1.0.200.202406191623/tools/bin/../lib/gcc/arm-none-eabi/12.3.1/../../../../arm-none-eabi/lib/thumb/v7e-m+dp/hard\libc_nano.a(libc_a-lseekr.o)
[...]
Memory Configuration

Name             Origin             Length             Attributes
ITCMRAM          0x00000000         0x00010000         xrw
DTCMRAM          0x20000000         0x00020000         xrw
FLASH            0x08000000         0x00100000         xr
RAM_D1           0x24000000         0x00050000         xrw
RAM_D2           0x30000000         0x00008000         xrw
RAM_D3           0x38000000         0x00004000         xrw
*default*        0x00000000         0xffffffff

Linker script and memory map

LOAD C:/ST/STM32CubeIDE_1.14.0/STM32CubeIDE/plugins/com.st.stm32cube.ide.mcu.externaltools.gnu-tools-for-stm32.12.3.rel1.win32_1.0.200.202406191623/tools/bin/../lib/gcc/arm-none-eabi/12.3.1/thumb/v7e-m+dp/hard/crti.o
LOAD C:/ST/STM32CubeIDE_1.14.0/STM32CubeIDE/plugins/com.st.stm32cube.ide.mcu.externaltools.gnu-tools-for-stm32.12.3.rel1.win32_1.0.200.202406191623/tools/bin/../lib/gcc/arm-none-eabi/12.3.1/thumb/v7e-m+dp/hard/crtbegin.o
LOAD C:/ST/STM32CubeIDE_1.14.0/STM32CubeIDE/plugins/com.st.stm32cube.ide.mcu.externaltools.gnu-tools-for-stm32.12.3.rel1.win32_1.0.200.202406191623/tools/bin/../lib/gcc/arm-none-eabi/12.3.1/../../../../arm-none-eabi/lib/thumb/v7e-m+dp/hard/crt0.o
LOAD ./Core/Src/driver_RGB_LED.o
LOAD ./Core/Src/main.o
LOAD ./Core/Src/stm32h7xx_hal_msp.o
LOAD ./Core/Src/stm32h7xx_it.o
LOAD ./Core/Src/syscalls.o
LOAD ./Core/Src/sysmem.o
LOAD ./Core/Src/system_stm32h7xx.o
LOAD ./Core/Startup/startup_stm32h723vgtx.o
LOAD ./Drivers/STM32H7xx_HAL_Driver/Src/stm32h7xx_hal.o
LOAD ./Drivers/STM32H7xx_HAL_Driver/Src/stm32h7xx_hal_adc.o
LOAD ./Drivers/STM32H7xx_HAL_Driver/Src/stm32h7xx_hal_adc_ex.o
LOAD ./Drivers/STM32H7xx_HAL_Driver/Src/stm32h7xx_hal_cortex.o
LOAD ./Drivers/STM32H7xx_HAL_Driver/Src/stm32h7xx_hal_dac.o
LOAD ./Drivers/STM32H7xx_HAL_Driver/Src/stm32h7xx_hal_dac_ex.o
LOAD ./Drivers/STM32H7xx_HAL_Driver/Src/stm32h7xx_hal_dma.o
LOAD ./Drivers/STM32H7xx_HAL_Driver/Src/stm32h7xx_hal_dma_ex.o
LOAD ./Drivers/STM32H7xx_HAL_Driver/Src/stm32h7xx_hal_exti.o
LOAD ./Drivers/STM32H7xx_HAL_Driver/Src/stm32h7xx_hal_flash.o
LOAD ./Drivers/STM32H7xx_HAL_Driver/Src/stm32h7xx_hal_flash_ex.o
LOAD ./Drivers/STM32H7xx_HAL_Driver/Src/stm32h7xx_hal_gpio.o
LOAD ./Drivers/STM32H7xx_HAL_Driver/Src/stm32h7xx_hal_hsem.o
LOAD ./Drivers/STM32H7xx_HAL_Driver/Src/stm32h7xx_hal_i2c.o
LOAD ./Drivers/STM32H7xx_HAL_Driver/Src/stm32h7xx_hal_i2c_ex.o
LOAD ./Drivers/STM32H7xx_HAL_Driver/Src/stm32h7xx_hal_mdma.o
LOAD ./Drivers/STM32H7xx_HAL_Driver/Src/stm32h7xx_hal_pwr.o
LOAD ./Drivers/STM32H7xx_HAL_Driver/Src/stm32h7xx_hal_pwr_ex.o
LOAD ./Drivers/STM32H7xx_HAL_Driver/Src/stm32h7xx_hal_rcc.o
LOAD ./Drivers/STM32H7xx_HAL_Driver/Src/stm32h7xx_hal_rcc_ex.o
LOAD ./Drivers/STM32H7xx_HAL_Driver/Src/stm32h7xx_hal_spi.o
LOAD ./Drivers/STM32H7xx_HAL_Driver/Src/stm32h7xx_hal_spi_ex.o
LOAD ./Drivers/STM32H7xx_HAL_Driver/Src/stm32h7xx_hal_tim.o
LOAD ./Drivers/STM32H7xx_HAL_Driver/Src/stm32h7xx_hal_tim_ex.o
LOAD ./Drivers/STM32H7xx_HAL_Driver/Src/stm32h7xx_hal_uart.o
LOAD ./Drivers/STM32H7xx_HAL_Driver/Src/stm32h7xx_hal_uart_ex.o
START GROUP
LOAD C:/ST/STM32CubeIDE_1.14.0/STM32CubeIDE/plugins/com.st.stm32cube.ide.mcu.externaltools.gnu-tools-for-stm32.12.3.rel1.win32_1.0.200.202406191623/tools/bin/../lib/gcc/arm-none-eabi/12.3.1/../../../../arm-none-eabi/lib/thumb/v7e-m+dp/hard\libc_nano.a
LOAD C:/ST/STM32CubeIDE_1.14.0/STM32CubeIDE/plugins/com.st.stm32cube.ide.mcu.externaltools.gnu-tools-for-stm32.12.3.rel1.win32_1.0.200.202406191623/tools/bin/../lib/gcc/arm-none-eabi/12.3.1/../../../../arm-none-eabi/lib/thumb/v7e-m+dp/hard\libm.a
END GROUP
START GROUP
LOAD C:/ST/STM32CubeIDE_1.14.0/STM32CubeIDE/plugins/com.st.stm32cube.ide.mcu.externaltools.gnu-tools-for-stm32.12.3.rel1.win32_1.0.200.202406191623/tools/bin/../lib/gcc/arm-none-eabi/12.3.1/thumb/v7e-m+dp/hard\libgcc.a
LOAD C:/ST/STM32CubeIDE_1.14.0/STM32CubeIDE/plugins/com.st.stm32cube.ide.mcu.externaltools.gnu-tools-for-stm32.12.3.rel1.win32_1.0.200.202406191623/tools/bin/../lib/gcc/arm-none-eabi/12.3.1/../../../../arm-none-eabi/lib/thumb/v7e-m+dp/hard\libc_nano.a
END GROUP
START GROUP
LOAD C:/ST/STM32CubeIDE_1.14.0/STM32CubeIDE/plugins/com.st.stm32cube.ide.mcu.externaltools.gnu-tools-for-stm32.12.3.rel1.win32_1.0.200.202406191623/tools/bin/../lib/gcc/arm-none-eabi/12.3.1/thumb/v7e-m+dp/hard\libgcc.a
LOAD C:/ST/STM32CubeIDE_1.14.0/STM32CubeIDE/plugins/com.st.stm32cube.ide.mcu.externaltools.gnu-tools-for-stm32.12.3.rel1.win32_1.0.200.202406191623/tools/bin/../lib/gcc/arm-none-eabi/12.3.1/../../../../arm-none-eabi/lib/thumb/v7e-m+dp/hard\libc_nano.a
LOAD C:/ST/STM32CubeIDE_1.14.0/STM32CubeIDE/plugins/com.st.stm32cube.ide.mcu.externaltools.gnu-tools-for-stm32.12.3.rel1.win32_1.0.200.202406191623/tools/bin/../lib/gcc/arm-none-eabi/12.3.1/../../../../arm-none-eabi/lib/thumb/v7e-m+dp/hard\libnosys.a
END GROUP
START GROUP
LOAD C:/ST/STM32CubeIDE_1.14.0/STM32CubeIDE/plugins/com.st.stm32cube.ide.mcu.externaltools.gnu-tools-for-stm32.12.3.rel1.win32_1.0.200.202406191623/tools/bin/../lib/gcc/arm-none-eabi/12.3.1/thumb/v7e-m+dp/hard\libgcc.a
LOAD C:/ST/STM32CubeIDE_1.14.0/STM32CubeIDE/plugins/com.st.stm32cube.ide.mcu.externaltools.gnu-tools-for-stm32.12.3.rel1.win32_1.0.200.202406191623/tools/bin/../lib/gcc/arm-none-eabi/12.3.1/../../../../arm-none-eabi/lib/thumb/v7e-m+dp/hard\libc_nano.a
LOAD C:/ST/STM32CubeIDE_1.14.0/STM32CubeIDE/plugins/com.st.stm32cube.ide.mcu.externaltools.gnu-tools-for-stm32.12.3.rel1.win32_1.0.200.202406191623/tools/bin/../lib/gcc/arm-none-eabi/12.3.1/../../../../arm-none-eabi/lib/thumb/v7e-m+dp/hard\libnosys.a
END GROUP
LOAD C:/ST/STM32CubeIDE_1.14.0/STM32CubeIDE/plugins/com.st.stm32cube.ide.mcu.externaltools.gnu-tools-for-stm32.12.3.rel1.win32_1.0.200.202406191623/tools/bin/../lib/gcc/arm-none-eabi/12.3.1/thumb/v7e-m+dp/hard/crtend.o
LOAD C:/ST/STM32CubeIDE_1.14.0/STM32CubeIDE/plugins/com.st.stm32cube.ide.mcu.externaltools.gnu-tools-for-stm32.12.3.rel1.win32_1.0.200.202406191623/tools/bin/../lib/gcc/arm-none-eabi/12.3.1/thumb/v7e-m+dp/hard/crtn.o
                0x24050000                        _estack = (ORIGIN (RAM_D1) + LENGTH (RAM_D1))
                0x00000200                        _Min_Heap_Size = 0x200
                0x00000400                        _Min_Stack_Size = 0x400

.isr_vector     0x08000000      0x2cc
                0x08000000                        . = ALIGN (0x4)
 *(.isr_vector)
 .isr_vector    0x08000000      0x2cc ./Core/Startup/startup_stm32h723vgtx.o
                0x08000000                g_pfnVectors
                0x080002cc                        . = ALIGN (0x4)

.text           0x080002d0     0xdd80
                0x080002d0                        . = ALIGN (0x4)
 *(.text)
 .text          0x080002d0       0x40 C:/ST/STM32CubeIDE_1.14.0/STM32CubeIDE/plugins/com.st.stm32cube.ide.mcu.externaltools.gnu-tools-for-stm32.12.3.rel1.win32_1.0.200.202406191623/tools/bin/../lib/gcc/arm-none-eabi/12.3.1/thumb/v7e-m+dp/hard/crtbegin.o
 .text          0x08000310       0x30 C:/ST/STM32CubeIDE_1.14.0/STM32CubeIDE/plugins/com.st.stm32cube.ide.mcu.externaltools.gnu-tools-for-stm32.12.3.rel1.win32_1.0.200.202406191623/tools/bin/../lib/gcc/arm-none-eabi/12.3.1/thumb/v7e-m+dp/hard\libgcc.a(_aeabi_uldivmod.o)
                0x08000310                __aeabi_uldivmod
 .text          0x08000340      0x2bc C:/ST/STM32CubeIDE_1.14.0/STM32CubeIDE/plugins/com.st.stm32cube.ide.mcu.externaltools.gnu-tools-for-stm32.12.3.rel1.win32_1.0.200.202406191623/tools/bin/../lib/gcc/arm-none-eabi/12.3.1/thumb/v7e-m+dp/hard\libgcc.a(_udivmoddi4.o)
                0x08000340                __udivmoddi4
 .text          0x080005fc        0x4 C:/ST/STM32CubeIDE_1.14.0/STM32CubeIDE/plugins/com.st.stm32cube.ide.mcu.externaltools.gnu-tools-for-stm32.12.3.rel1.win32_1.0.200.202406191623/tools/bin/../lib/gcc/arm-none-eabi/12.3.1/thumb/v7e-m+dp/hard\libgcc.a(_dvmd_tls.o)
                0x080005fc                __aeabi_idiv0
                0x080005fc                __aeabi_ldiv0
 *(.text*)
 .text.RGB_Init
                0x08000600       0x4c ./Core/Src/driver_RGB_LED.o
                0x08000600                RGB_Init
 .text.RGB_SetColor
                0x0800064c       0x50 ./Core/Src/driver_RGB_LED.o
                0x0800064c                RGB_SetColor
 .text.RGB_Update
                0x0800069c       0xa8 ./Core/Src/driver_RGB_LED.o
                0x0800069c                RGB_Update
 .text.RGB_Callback
                0x08000744       0x18 ./Core/Src/driver_RGB_LED.o
                0x08000744                RGB_Callback
 *fill*         0x0800075c        0x4 
 .text.Generate_Sine
                0x08000760       0x9c ./Core/Src/main.o
                0x08000760                Generate_Sine
 .text.HAL_TIM_PWM_PulseFinishedCallback
                0x080007fc       0x20 ./Core/Src/main.o
                0x080007fc                HAL_TIM_PWM_PulseFinishedCallback
 *fill*         0x0800081c        0x4 
 .text.main     0x08000820      0x28c ./Core/Src/main.o
                0x08000820                main
 .text.SystemClock_Config
                0x08000aac       0xdc ./Core/Src/main.o
                0x08000aac                SystemClock_Config
 .text.PeriphCommonClock_Config
                0x08000b88       0x5e ./Core/Src/main.o
                0x08000b88                PeriphCommonClock_Config
 *fill*         0x08000be6        0x2 
 .text.MX_ADC1_Init
                0x08000be8       0xf8 ./Core/Src/main.o
 .text.MX_ADC2_Init
                0x08000ce0       0xd4 ./Core/Src/main.o
 .text.MX_DAC1_Init
                0x08000db4       0x7c ./Core/Src/main.o
 .text.MX_I2C2_Init
                0x08000e30       0x80 ./Core/Src/main.o
 .text.MX_SPI2_Init
                0x08000eb0       0xac ./Core/Src/main.o
 .text.MX_SPI3_Init
                0x08000f5c       0xac ./Core/Src/main.o
 .text.MX_SPI4_Init
                0x08001008       0xac ./Core/Src/main.o
 .text.MX_TIM1_Init
                0x080010b4       0xa8 ./Core/Src/main.o
 .text.MX_TIM2_Init
                0x0800115c       0x9c ./Core/Src/main.o
 .text.MX_TIM3_Init
                0x080011f8      0x11c ./Core/Src/main.o
 .text.MX_TIM4_Init
                0x08001314       0xec ./Core/Src/main.o
 .text.MX_UART7_Init
                0x08001400       0x9c ./Core/Src/main.o
 .text.MX_USART1_UART_Init
                0x0800149c       0x98 ./Core/Src/main.o
 .text.MX_DMA_Init
                0x08001534       0x60 ./Core/Src/main.o
 .text.MX_GPIO_Init
                0x08001594      0x214 ./Core/Src/main.o
 .text.MPU_Config
                0x080017a8       0x58 ./Core/Src/main.o
 .text.Error_Handler
                0x08001800        0xc ./Core/Src/main.o
                0x08001800                Error_Handler
 .text.HAL_MspInit
                0x0800180c       0x34 ./Core/Src/stm32h7xx_hal_msp.o
                0x0800180c                HAL_MspInit
 .text.HAL_ADC_MspInit
                0x08001840      0x11c ./Core/Src/stm32h7xx_hal_msp.o
                0x08001840                HAL_ADC_MspInit
 .text.HAL_DAC_MspInit
                0x0800195c      0x15c ./Core/Src/stm32h7xx_hal_msp.o
                0x0800195c                HAL_DAC_MspInit
 .text.HAL_I2C_MspInit
                0x08001ab8       0xd4 ./Core/Src/stm32h7xx_hal_msp.o
                0x08001ab8                HAL_I2C_MspInit
 .text.HAL_SPI_MspInit
                0x08001b8c      0x210 ./Core/Src/stm32h7xx_hal_msp.o
                0x08001b8c                HAL_SPI_MspInit
 .text.HAL_TIM_Base_MspInit
                0x08001d9c      0x13c ./Core/Src/stm32h7xx_hal_msp.o
                0x08001d9c                HAL_TIM_Base_MspInit
 .text.HAL_TIM_MspPostInit
                0x08001ed8       0xcc ./Core/Src/stm32h7xx_hal_msp.o
                0x08001ed8                HAL_TIM_MspPostInit
 .text.HAL_UART_MspInit
                0x08001fa4      0x174 ./Core/Src/stm32h7xx_hal_msp.o
                0x08001fa4                HAL_UART_MspInit
 .text.NMI_Handler
                0x08002118        0x8 ./Core/Src/stm32h7xx_it.o
                0x08002118                NMI_Handler
 .text.HardFault_Handler
                0x08002120        0x8 ./Core/Src/stm32h7xx_it.o
                0x08002120                HardFault_Handler
 .text.MemManage_Handler
                0x08002128        0x8 ./Core/Src/stm32h7xx_it.o
                0x08002128                MemManage_Handler
 .text.BusFault_Handler
                0x08002130        0x8 ./Core/Src/stm32h7xx_it.o
                0x08002130                BusFault_Handler
 .text.UsageFault_Handler
                0x08002138        0x8 ./Core/Src/stm32h7xx_it.o
                0x08002138                UsageFault_Handler
 .text.SVC_Handler
                0x08002140        0xe ./Core/Src/stm32h7xx_it.o
                0x08002140                SVC_Handler
 .text.DebugMon_Handler
                0x0800214e        0xe ./Core/Src/stm32h7xx_it.o
                0x0800214e                DebugMon_Handler
 .text.PendSV_Handler
                0x0800215c        0xe ./Core/Src/stm32h7xx_it.o
                0x0800215c                PendSV_Handler
 .text.SysTick_Handler
                0x0800216a        0xc ./Core/Src/stm32h7xx_it.o
                0x0800216a                SysTick_Handler
 *fill*         0x08002176        0x2 
 .text.DMA1_Stream0_IRQHandler
                0x08002178       0x14 ./Core/Src/stm32h7xx_it.o
                0x08002178                DMA1_Stream0_IRQHandler
 .text.DMA1_Stream1_IRQHandler
                0x0800218c       0x14 ./Core/Src/stm32h7xx_it.o
                0x0800218c                DMA1_Stream1_IRQHandler
 .text.DMA1_Stream2_IRQHandler
                0x080021a0       0x14 ./Core/Src/stm32h7xx_it.o
                0x080021a0                DMA1_Stream2_IRQHandler
 .text.TIM4_IRQHandler
                0x080021b4       0x14 ./Core/Src/stm32h7xx_it.o
                0x080021b4                TIM4_IRQHandler
 .text.SystemInit
                0x080021c8       0xf0 ./Core/Src/system_stm32h7xx.o
                0x080021c8                SystemInit
 .text.Reset_Handler
                0x080022b8       0x50 ./Core/Startup/startup_stm32h723vgtx.o
                0x080022b8                Reset_Handler
 .text.Default_Handler
                0x08002308        0x2 ./Core/Startup/startup_stm32h723vgtx.o
                0x08002308                RTC_Alarm_IRQHandler
                0x08002308                EXTI2_IRQHandler
                0x08002308                TIM8_CC_IRQHandler
                0x08002308                UART8_IRQHandler
                0x08002308                SPI4_IRQHandler
                0x08002308                FDCAN3_IT0_IRQHandler
                0x08002308                TIM1_CC_IRQHandler
                0x08002308                BDMA_Channel6_IRQHandler
                0x08002308                DMA2_Stream5_IRQHandler
                0x08002308                DMA1_Stream5_IRQHandler
                0x08002308                CORDIC_IRQHandler
                0x08002308                BDMA_Channel1_IRQHandler
                0x08002308                TAMP_STAMP_IRQHandler
                0x08002308                EXTI3_IRQHandler
                0x08002308                LPTIM4_IRQHandler
                0x08002308                TIM8_TRG_COM_TIM14_IRQHandler
                0x08002308                LPTIM2_IRQHandler
                0x08002308                DFSDM1_FLT1_IRQHandler
                0x08002308                DMAMUX2_OVR_IRQHandler
                0x08002308                TIM8_UP_TIM13_IRQHandler
                0x08002308                I2C3_ER_IRQHandler
                0x08002308                DFSDM1_FLT2_IRQHandler
                0x08002308                I2C5_EV_IRQHandler
                0x08002308                USART10_IRQHandler
                0x08002308                MDMA_IRQHandler
                0x08002308                LPTIM3_IRQHandler
                0x08002308                HSEM1_IRQHandler
                0x08002308                EXTI0_IRQHandler
                0x08002308                I2C2_EV_IRQHandler
                0x08002308                FPU_IRQHandler
                0x08002308                OTG_HS_WKUP_IRQHandler
                0x08002308                FDCAN1_IT1_IRQHandler
                0x08002308                LTDC_ER_IRQHandler
                0x08002308                DMA2_Stream2_IRQHandler
                0x08002308                SPI1_IRQHandler
                0x08002308                OCTOSPI1_IRQHandler
                0x08002308                TIM6_DAC_IRQHandler
                0x08002308                DMA2_Stream3_IRQHandler
                0x08002308                OCTOSPI2_IRQHandler
                0x08002308                DFSDM1_FLT3_IRQHandler
                0x08002308                TIM23_IRQHandler
                0x08002308                USART6_IRQHandler
                0x08002308                TIM17_IRQHandler
                0x08002308                USART3_IRQHandler
                0x08002308                BDMA_Channel7_IRQHandler
                0x08002308                LPTIM5_IRQHandler
                0x08002308                UART5_IRQHandler
                0x08002308                ADC3_IRQHandler
                0x08002308                DMA2_Stream0_IRQHandler
                0x08002308                BDMA_Channel2_IRQHandler
                0x08002308                I2C1_EV_IRQHandler
                0x08002308                DMA1_Stream6_IRQHandler
                0x08002308                DMAMUX1_OVR_IRQHandler
                0x08002308                TIM16_IRQHandler
                0x08002308                UART4_IRQHandler
                0x08002308                BDMA_Channel5_IRQHandler
                0x08002308                TIM3_IRQHandler
                0x08002308                RCC_IRQHandler
                0x08002308                UART9_IRQHandler
                0x08002308                TIM8_BRK_TIM12_IRQHandler
                0x08002308                TIM1_TRG_COM_IRQHandler
                0x08002308                Default_Handler
                0x08002308                ECC_IRQHandler
                0x08002308                FMAC_IRQHandler
                0x08002308                CEC_IRQHandler
                0x08002308                EXTI15_10_IRQHandler
                0x08002308                BDMA_Channel0_IRQHandler
                0x08002308                ADC_IRQHandler
                0x08002308                I2C5_ER_IRQHandler
                0x08002308                DMA1_Stream7_IRQHandler
                0x08002308                SPI5_IRQHandler
                0x08002308                TIM7_IRQHandler
                0x08002308                FDCAN3_IT1_IRQHandler
                0x08002308                SDMMC1_IRQHandler
                0x08002308                TIM5_IRQHandler
                0x08002308                DMA2_Stream7_IRQHandler
                0x08002308                TIM15_IRQHandler
                0x08002308                PVD_AVD_IRQHandler
                0x08002308                I2C3_EV_IRQHandler
                0x08002308                EXTI9_5_IRQHandler
                0x08002308                RTC_WKUP_IRQHandler
                0x08002308                LTDC_IRQHandler
                0x08002308                ETH_WKUP_IRQHandler
                0x08002308                SPDIF_RX_IRQHandler
                0x08002308                SPI2_IRQHandler
                0x08002308                OTG_HS_EP1_IN_IRQHandler
                0x08002308                TIM24_IRQHandler
                0x08002308                CRS_IRQHandler
                0x08002308                EXTI4_IRQHandler
                0x08002308                RNG_IRQHandler
                0x08002308                FDCAN2_IT1_IRQHandler
                0x08002308                ETH_IRQHandler
                0x08002308                TIM1_UP_IRQHandler
                0x08002308                BDMA_Channel4_IRQHandler
                0x08002308                OTG_HS_EP1_OUT_IRQHandler
                0x08002308                WWDG_IRQHandler
                0x08002308                SPI6_IRQHandler
                0x08002308                MDIOS_IRQHandler
                0x08002308                I2C4_EV_IRQHandler
                0x08002308                FDCAN2_IT0_IRQHandler
                0x08002308                LPUART1_IRQHandler
                0x08002308                FDCAN1_IT0_IRQHandler
                0x08002308                TIM2_IRQHandler
                0x08002308                OTG_HS_IRQHandler
                0x08002308                DMA2D_IRQHandler
                0x08002308                TIM1_BRK_IRQHandler
                0x08002308                EXTI1_IRQHandler
                0x08002308                SDMMC2_IRQHandler
                0x08002308                BDMA_Channel3_IRQHandler
                0x08002308                DTS_IRQHandler
                0x08002308                UART7_IRQHandler
                0x08002308                MDIOS_WKUP_IRQHandler
                0x08002308                USART2_IRQHandler
                0x08002308                DFSDM1_FLT0_IRQHandler
                0x08002308                SAI4_IRQHandler
                0x08002308                I2C2_ER_IRQHandler
                0x08002308                DMA2_Stream1_IRQHandler
                0x08002308                FLASH_IRQHandler
                0x08002308                DMA2_Stream4_IRQHandler
                0x08002308                USART1_IRQHandler
                0x08002308                SPI3_IRQHandler
                0x08002308                WAKEUP_PIN_IRQHandler
                0x08002308                DMA1_Stream4_IRQHandler
                0x08002308                I2C1_ER_IRQHandler
                0x08002308                FMC_IRQHandler
                0x08002308                FDCAN_CAL_IRQHandler
                0x08002308                SWPMI1_IRQHandler
                0x08002308                COMP1_IRQHandler
                0x08002308                LPTIM1_IRQHandler
                0x08002308                DCMI_PSSI_IRQHandler
                0x08002308                I2C4_ER_IRQHandler
                0x08002308                DMA2_Stream6_IRQHandler
                0x08002308                SAI1_IRQHandler
                0x08002308                DMA1_Stream3_IRQHandler
 *fill*         0x0800230a        0x2 
 .text.HAL_Init
                0x0800230c       0x78 ./Drivers/STM32H7xx_HAL_Driver/Src/stm32h7xx_hal.o
                0x0800230c                HAL_Init
 .text.HAL_InitTick
                0x08002384       0x6c ./Drivers/STM32H7xx_HAL_Driver/Src/stm32h7xx_hal.o
                0x08002384                HAL_InitTick
 .text.HAL_IncTick
                0x080023f0       0x28 ./Drivers/STM32H7xx_HAL_Driver/Src/stm32h7xx_hal.o
                0x080023f0                HAL_IncTick
 .text.HAL_GetTick
                0x08002418       0x18 ./Drivers/STM32H7xx_HAL_Driver/Src/stm32h7xx_hal.o
                0x08002418                HAL_GetTick
 .text.HAL_Delay
                0x08002430       0x48 ./Drivers/STM32H7xx_HAL_Driver/Src/stm32h7xx_hal.o
                0x08002430                HAL_Delay
 .text.LL_ADC_SetCommonClock
                0x08002478       0x26 ./Drivers/STM32H7xx_HAL_Driver/Src/stm32h7xx_hal_adc.o
 .text.LL_ADC_SetCommonPathInternalCh
                0x0800249e       0x26 ./Drivers/STM32H7xx_HAL_Driver/Src/stm32h7xx_hal_adc.o
 .text.LL_ADC_GetCommonPathInternalCh
                0x080024c4       0x1c ./Drivers/STM32H7xx_HAL_Driver/Src/stm32h7xx_hal_adc.o
 .text.LL_ADC_SetOffset
                0x080024e0       0x64 ./Drivers/STM32H7xx_HAL_Driver/Src/stm32h7xx_hal_adc.o
 .text.LL_ADC_GetOffsetChannel
                0x08002544       0x2c ./Drivers/STM32H7xx_HAL_Driver/Src/stm32h7xx_hal_adc.o
 .text.LL_ADC_SetDataRightShift
                0x08002570       0x32 ./Drivers/STM32H7xx_HAL_Driver/Src/stm32h7xx_hal_adc.o
 *fill*         0x080025a2        0x2 
 .text.LL_ADC_SetOffsetSignedSaturation
                0x080025a4       0x44 ./Drivers/STM32H7xx_HAL_Driver/Src/stm32h7xx_hal_adc.o
 .text.LL_ADC_SetOffsetSaturation
                0x080025e8       0x44 ./Drivers/STM32H7xx_HAL_Driver/Src/stm32h7xx_hal_adc.o
 .text.LL_ADC_SetOffsetSign
                0x0800262c       0x44 ./Drivers/STM32H7xx_HAL_Driver/Src/stm32h7xx_hal_adc.o
 .text.LL_ADC_SetOffsetState
                0x08002670       0x54 ./Drivers/STM32H7xx_HAL_Driver/Src/stm32h7xx_hal_adc.o
 .text.LL_ADC_REG_SetSequencerRanks
                0x080026c4       0x58 ./Drivers/STM32H7xx_HAL_Driver/Src/stm32h7xx_hal_adc.o
 .text.LL_ADC_SetChannelSamplingTime
                0x0800271c       0x56 ./Drivers/STM32H7xx_HAL_Driver/Src/stm32h7xx_hal_adc.o
 *fill*         0x08002772        0x2 
 .text.LL_ADC_SetChannelSingleDiff
                0x08002774       0x80 ./Drivers/STM32H7xx_HAL_Driver/Src/stm32h7xx_hal_adc.o
 .text.LL_ADC_DisableDeepPowerDown
                0x080027f4       0x24 ./Drivers/STM32H7xx_HAL_Driver/Src/stm32h7xx_hal_adc.o
 .text.LL_ADC_IsDeepPowerDownEnabled
                0x08002818       0x28 ./Drivers/STM32H7xx_HAL_Driver/Src/stm32h7xx_hal_adc.o
 .text.LL_ADC_EnableInternalRegulator
                0x08002840       0x28 ./Drivers/STM32H7xx_HAL_Driver/Src/stm32h7xx_hal_adc.o
 .text.LL_ADC_IsInternalRegulatorEnabled
                0x08002868       0x28 ./Drivers/STM32H7xx_HAL_Driver/Src/stm32h7xx_hal_adc.o
 .text.LL_ADC_IsEnabled
                0x08002890       0x26 ./Drivers/STM32H7xx_HAL_Driver/Src/stm32h7xx_hal_adc.o
 .text.LL_ADC_REG_IsConversionOngoing
                0x080028b6       0x26 ./Drivers/STM32H7xx_HAL_Driver/Src/stm32h7xx_hal_adc.o
 .text.LL_ADC_INJ_IsConversionOngoing
                0x080028dc       0x26 ./Drivers/STM32H7xx_HAL_Driver/Src/stm32h7xx_hal_adc.o
 *fill*         0x08002902        0x2 
 .text.HAL_ADC_Init
                0x08002904      0x410 ./Drivers/STM32H7xx_HAL_Driver/Src/stm32h7xx_hal_adc.o
                0x08002904                HAL_ADC_Init
 .text.HAL_ADC_ConfigChannel
                0x08002d14      0xa60 ./Drivers/STM32H7xx_HAL_Driver/Src/stm32h7xx_hal_adc.o
                0x08002d14                HAL_ADC_ConfigChannel
 .text.ADC_ConfigureBoostMode
                0x08003774      0x1dc ./Drivers/STM32H7xx_HAL_Driver/Src/stm32h7xx_hal_adc.o
                0x08003774                ADC_ConfigureBoostMode
 .text.LL_ADC_IsEnabled
                0x08003950       0x26 ./Drivers/STM32H7xx_HAL_Driver/Src/stm32h7xx_hal_adc_ex.o
 .text.LL_ADC_REG_IsConversionOngoing
                0x08003976       0x26 ./Drivers/STM32H7xx_HAL_Driver/Src/stm32h7xx_hal_adc_ex.o
 .text.HAL_ADCEx_MultiModeConfigChannel
                0x0800399c      0x1c4 ./Drivers/STM32H7xx_HAL_Driver/Src/stm32h7xx_hal_adc_ex.o
                0x0800399c                HAL_ADCEx_MultiModeConfigChannel
 .text.__NVIC_SetPriorityGrouping
                0x08003b60       0x48 ./Drivers/STM32H7xx_HAL_Driver/Src/stm32h7xx_hal_cortex.o
 .text.__NVIC_GetPriorityGrouping
                0x08003ba8       0x1c ./Drivers/STM32H7xx_HAL_Driver/Src/stm32h7xx_hal_cortex.o
 .text.__NVIC_EnableIRQ
                0x08003bc4       0x3c ./Drivers/STM32H7xx_HAL_Driver/Src/stm32h7xx_hal_cortex.o
 .text.__NVIC_SetPriority
                0x08003c00       0x54 ./Drivers/STM32H7xx_HAL_Driver/Src/stm32h7xx_hal_cortex.o
 .text.NVIC_EncodePriority
                0x08003c54       0x66 ./Drivers/STM32H7xx_HAL_Driver/Src/stm32h7xx_hal_cortex.o
 *fill*         0x08003cba        0x2 
 .text.SysTick_Config
                0x08003cbc       0x44 ./Drivers/STM32H7xx_HAL_Driver/Src/stm32h7xx_hal_cortex.o
 .text.HAL_NVIC_SetPriorityGrouping
                0x08003d00       0x16 ./Drivers/STM32H7xx_HAL_Driver/Src/stm32h7xx_hal_cortex.o
                0x08003d00                HAL_NVIC_SetPriorityGrouping
 .text.HAL_NVIC_SetPriority
                0x08003d16       0x34 ./Drivers/STM32H7xx_HAL_Driver/Src/stm32h7xx_hal_cortex.o
                0x08003d16                HAL_NVIC_SetPriority
 .text.HAL_NVIC_EnableIRQ
                0x08003d4a       0x1c ./Drivers/STM32H7xx_HAL_Driver/Src/stm32h7xx_hal_cortex.o
                0x08003d4a                HAL_NVIC_EnableIRQ
 .text.HAL_SYSTICK_Config
                0x08003d66       0x18 ./Drivers/STM32H7xx_HAL_Driver/Src/stm32h7xx_hal_cortex.o
                0x08003d66                HAL_SYSTICK_Config
 *fill*         0x08003d7e        0x2 
 .text.HAL_MPU_Disable
                0x08003d80       0x30 ./Drivers/STM32H7xx_HAL_Driver/Src/stm32h7xx_hal_cortex.o
                0x08003d80                HAL_MPU_Disable
 .text.HAL_MPU_Enable
                0x08003db0       0x40 ./Drivers/STM32H7xx_HAL_Driver/Src/stm32h7xx_hal_cortex.o
                0x08003db0                HAL_MPU_Enable
 .text.HAL_MPU_ConfigRegion
                0x08003df0       0x80 ./Drivers/STM32H7xx_HAL_Driver/Src/stm32h7xx_hal_cortex.o
                0x08003df0                HAL_MPU_ConfigRegion
 .text.HAL_DAC_Init
                0x08003e70       0x44 ./Drivers/STM32H7xx_HAL_Driver/Src/stm32h7xx_hal_dac.o
                0x08003e70                HAL_DAC_Init
 .text.HAL_DAC_Start_DMA
                0x08003eb4      0x180 ./Drivers/STM32H7xx_HAL_Driver/Src/stm32h7xx_hal_dac.o
                0x08003eb4                HAL_DAC_Start_DMA
 .text.HAL_DAC_ConvCpltCallbackCh1
                0x08004034       0x14 ./Drivers/STM32H7xx_HAL_Driver/Src/stm32h7xx_hal_dac.o
                0x08004034                HAL_DAC_ConvCpltCallbackCh1
 .text.HAL_DAC_ConvHalfCpltCallbackCh1
                0x08004048       0x14 ./Drivers/STM32H7xx_HAL_Driver/Src/stm32h7xx_hal_dac.o
                0x08004048                HAL_DAC_ConvHalfCpltCallbackCh1
 .text.HAL_DAC_ErrorCallbackCh1
                0x0800405c       0x14 ./Drivers/STM32H7xx_HAL_Driver/Src/stm32h7xx_hal_dac.o
                0x0800405c                HAL_DAC_ErrorCallbackCh1
 .text.HAL_DAC_ConfigChannel
                0x08004070      0x284 ./Drivers/STM32H7xx_HAL_Driver/Src/stm32h7xx_hal_dac.o
                0x08004070                HAL_DAC_ConfigChannel
 .text.DAC_DMAConvCpltCh1
                0x080042f4       0x22 ./Drivers/STM32H7xx_HAL_Driver/Src/stm32h7xx_hal_dac.o
                0x080042f4                DAC_DMAConvCpltCh1
 .text.DAC_DMAHalfConvCpltCh1
                0x08004316       0x1c ./Drivers/STM32H7xx_HAL_Driver/Src/stm32h7xx_hal_dac.o
                0x08004316                DAC_DMAHalfConvCpltCh1
 .text.DAC_DMAErrorCh1
                0x08004332       0x2e ./Drivers/STM32H7xx_HAL_Driver/Src/stm32h7xx_hal_dac.o
                0x08004332                DAC_DMAErrorCh1
 .text.HAL_DACEx_ConvCpltCallbackCh2
                0x08004360       0x14 ./Drivers/STM32H7xx_HAL_Driver/Src/stm32h7xx_hal_dac_ex.o
                0x08004360                HAL_DACEx_ConvCpltCallbackCh2
 .text.HAL_DACEx_ConvHalfCpltCallbackCh2
                0x08004374       0x14 ./Drivers/STM32H7xx_HAL_Driver/Src/stm32h7xx_hal_dac_ex.o
                0x08004374                HAL_DACEx_ConvHalfCpltCallbackCh2
 .text.HAL_DACEx_ErrorCallbackCh2
                0x08004388       0x14 ./Drivers/STM32H7xx_HAL_Driver/Src/stm32h7xx_hal_dac_ex.o
                0x08004388                HAL_DACEx_ErrorCallbackCh2
 .text.DAC_DMAConvCpltCh2
                0x0800439c       0x22 ./Drivers/STM32H7xx_HAL_Driver/Src/stm32h7xx_hal_dac_ex.o
                0x0800439c                DAC_DMAConvCpltCh2
 .text.DAC_DMAHalfConvCpltCh2
                0x080043be       0x1c ./Drivers/STM32H7xx_HAL_Driver/Src/stm32h7xx_hal_dac_ex.o
                0x080043be                DAC_DMAHalfConvCpltCh2
 .text.DAC_DMAErrorCh2
                0x080043da       0x2e ./Drivers/STM32H7xx_HAL_Driver/Src/stm32h7xx_hal_dac_ex.o
                0x080043da                DAC_DMAErrorCh2
 .text.HAL_DMA_Init
                0x08004408      0x6b0 ./Drivers/STM32H7xx_HAL_Driver/Src/stm32h7xx_hal_dma.o
                0x08004408                HAL_DMA_Init
 .text.HAL_DMA_Start_IT
                0x08004ab8      0x4d4 ./Drivers/STM32H7xx_HAL_Driver/Src/stm32h7xx_hal_dma.o
                0x08004ab8                HAL_DMA_Start_IT
 .text.HAL_DMA_IRQHandler
                0x08004f8c      0xe54 ./Drivers/STM32H7xx_HAL_Driver/Src/stm32h7xx_hal_dma.o
                0x08004f8c                HAL_DMA_IRQHandler
 .text.DMA_SetConfig
                0x08005de0      0x358 ./Drivers/STM32H7xx_HAL_Driver/Src/stm32h7xx_hal_dma.o
 .text.DMA_CalcBaseAndBitshift
                0x08006138      0x164 ./Drivers/STM32H7xx_HAL_Driver/Src/stm32h7xx_hal_dma.o
 .text.DMA_CheckFifoParam
                0x0800629c       0xf8 ./Drivers/STM32H7xx_HAL_Driver/Src/stm32h7xx_hal_dma.o
 .text.DMA_CalcDMAMUXChannelBaseAndMask
                0x08006394      0x134 ./Drivers/STM32H7xx_HAL_Driver/Src/stm32h7xx_hal_dma.o
 .text.DMA_CalcDMAMUXRequestGenBaseAndMask
                0x080064c8       0xe8 ./Drivers/STM32H7xx_HAL_Driver/Src/stm32h7xx_hal_dma.o
 .text.HAL_GPIO_Init
                0x080065b0      0x350 ./Drivers/STM32H7xx_HAL_Driver/Src/stm32h7xx_hal_gpio.o
                0x080065b0                HAL_GPIO_Init
 .text.HAL_GPIO_WritePin
                0x08006900       0x32 ./Drivers/STM32H7xx_HAL_Driver/Src/stm32h7xx_hal_gpio.o
                0x08006900                HAL_GPIO_WritePin
 *fill*         0x08006932        0x2 
 .text.HAL_I2C_Init
                0x08006934      0x138 ./Drivers/STM32H7xx_HAL_Driver/Src/stm32h7xx_hal_i2c.o
                0x08006934                HAL_I2C_Init
 .text.HAL_I2CEx_ConfigAnalogFilter
                0x08006a6c       0x96 ./Drivers/STM32H7xx_HAL_Driver/Src/stm32h7xx_hal_i2c_ex.o
                0x08006a6c                HAL_I2CEx_ConfigAnalogFilter
 .text.HAL_I2CEx_ConfigDigitalFilter
                0x08006b02       0x98 ./Drivers/STM32H7xx_HAL_Driver/Src/stm32h7xx_hal_i2c_ex.o
                0x08006b02                HAL_I2CEx_ConfigDigitalFilter
 *fill*         0x08006b9a        0x2 
 .text.HAL_PWREx_ConfigSupply
                0x08006b9c       0x74 ./Drivers/STM32H7xx_HAL_Driver/Src/stm32h7xx_hal_pwr_ex.o
                0x08006b9c                HAL_PWREx_ConfigSupply
 .text.HAL_RCC_OscConfig
                0x08006c10      0x7b4 ./Drivers/STM32H7xx_HAL_Driver/Src/stm32h7xx_hal_rcc.o
                0x08006c10                HAL_RCC_OscConfig
 .text.HAL_RCC_ClockConfig
                0x080073c4      0x36c ./Drivers/STM32H7xx_HAL_Driver/Src/stm32h7xx_hal_rcc.o
                0x080073c4                HAL_RCC_ClockConfig
 .text.HAL_RCC_GetSysClockFreq
                0x08007730      0x2f4 ./Drivers/STM32H7xx_HAL_Driver/Src/stm32h7xx_hal_rcc.o
                0x08007730                HAL_RCC_GetSysClockFreq
 .text.HAL_RCC_GetHCLKFreq
                0x08007a24       0x60 ./Drivers/STM32H7xx_HAL_Driver/Src/stm32h7xx_hal_rcc.o
                0x08007a24                HAL_RCC_GetHCLKFreq
 .text.HAL_RCC_GetPCLK1Freq
                0x08007a84       0x2c ./Drivers/STM32H7xx_HAL_Driver/Src/stm32h7xx_hal_rcc.o
                0x08007a84                HAL_RCC_GetPCLK1Freq
 .text.HAL_RCC_GetPCLK2Freq
                0x08007ab0       0x2c ./Drivers/STM32H7xx_HAL_Driver/Src/stm32h7xx_hal_rcc.o
                0x08007ab0                HAL_RCC_GetPCLK2Freq
 .text.HAL_RCCEx_PeriphCLKConfig
                0x08007adc     0x1340 ./Drivers/STM32H7xx_HAL_Driver/Src/stm32h7xx_hal_rcc_ex.o
                0x08007adc                HAL_RCCEx_PeriphCLKConfig
 .text.HAL_RCCEx_GetPeriphCLKFreq
                0x08008e1c      0x9a4 ./Drivers/STM32H7xx_HAL_Driver/Src/stm32h7xx_hal_rcc_ex.o
                0x08008e1c                HAL_RCCEx_GetPeriphCLKFreq
 .text.HAL_RCCEx_GetD3PCLK1Freq
                0x080097c0       0x2c ./Drivers/STM32H7xx_HAL_Driver/Src/stm32h7xx_hal_rcc_ex.o
                0x080097c0                HAL_RCCEx_GetD3PCLK1Freq
 .text.HAL_RCCEx_GetPLL2ClockFreq
                0x080097ec      0x2a8 ./Drivers/STM32H7xx_HAL_Driver/Src/stm32h7xx_hal_rcc_ex.o
                0x080097ec                HAL_RCCEx_GetPLL2ClockFreq
 .text.HAL_RCCEx_GetPLL3ClockFreq
                0x08009a94      0x2a8 ./Drivers/STM32H7xx_HAL_Driver/Src/stm32h7xx_hal_rcc_ex.o
                0x08009a94                HAL_RCCEx_GetPLL3ClockFreq
 .text.HAL_RCCEx_GetPLL1ClockFreq
                0x08009d3c      0x2a4 ./Drivers/STM32H7xx_HAL_Driver/Src/stm32h7xx_hal_rcc_ex.o
                0x08009d3c                HAL_RCCEx_GetPLL1ClockFreq
 .text.RCCEx_PLL2_Config
                0x08009fe0      0x164 ./Drivers/STM32H7xx_HAL_Driver/Src/stm32h7xx_hal_rcc_ex.o
 .text.RCCEx_PLL3_Config
                0x0800a144      0x164 ./Drivers/STM32H7xx_HAL_Driver/Src/stm32h7xx_hal_rcc_ex.o
 .text.HAL_SPI_Init
                0x0800a2a8      0x248 ./Drivers/STM32H7xx_HAL_Driver/Src/stm32h7xx_hal_spi.o
                0x0800a2a8                HAL_SPI_Init
 .text.SPI_GetPacketSize
                0x0800a4f0       0x36 ./Drivers/STM32H7xx_HAL_Driver/Src/stm32h7xx_hal_spi.o
 .text.HAL_TIM_Base_Init
                0x0800a526       0xae ./Drivers/STM32H7xx_HAL_Driver/Src/stm32h7xx_hal_tim.o
                0x0800a526                HAL_TIM_Base_Init
 .text.HAL_TIM_Base_Start
                0x0800a5d4       0xfc ./Drivers/STM32H7xx_HAL_Driver/Src/stm32h7xx_hal_tim.o
                0x0800a5d4                HAL_TIM_Base_Start
 .text.HAL_TIM_PWM_Init
                0x0800a6d0       0xae ./Drivers/STM32H7xx_HAL_Driver/Src/stm32h7xx_hal_tim.o
                0x0800a6d0                HAL_TIM_PWM_Init
 .text.HAL_TIM_PWM_MspInit
                0x0800a77e       0x14 ./Drivers/STM32H7xx_HAL_Driver/Src/stm32h7xx_hal_tim.o
                0x0800a77e                HAL_TIM_PWM_MspInit
 *fill*         0x0800a792        0x2 
 .text.HAL_TIM_PWM_Start
                0x0800a794      0x238 ./Drivers/STM32H7xx_HAL_Driver/Src/stm32h7xx_hal_tim.o
                0x0800a794                HAL_TIM_PWM_Start
 .text.HAL_TIM_PWM_Start_DMA
                0x0800a9cc      0x468 ./Drivers/STM32H7xx_HAL_Driver/Src/stm32h7xx_hal_tim.o
                0x0800a9cc                HAL_TIM_PWM_Start_DMA
 .text.HAL_TIM_IRQHandler
                0x0800ae34      0x20e ./Drivers/STM32H7xx_HAL_Driver/Src/stm32h7xx_hal_tim.o
                0x0800ae34                HAL_TIM_IRQHandler
 *fill*         0x0800b042        0x2 
 .text.HAL_TIM_PWM_ConfigChannel
                0x0800b044      0x228 ./Drivers/STM32H7xx_HAL_Driver/Src/stm32h7xx_hal_tim.o
                0x0800b044                HAL_TIM_PWM_ConfigChannel
 .text.HAL_TIM_ConfigClockSource
                0x0800b26c      0x1f0 ./Drivers/STM32H7xx_HAL_Driver/Src/stm32h7xx_hal_tim.o
                0x0800b26c                HAL_TIM_ConfigClockSource
 .text.HAL_TIM_PeriodElapsedCallback
                0x0800b45c       0x14 ./Drivers/STM32H7xx_HAL_Driver/Src/stm32h7xx_hal_tim.o
                0x0800b45c                HAL_TIM_PeriodElapsedCallback
 .text.HAL_TIM_OC_DelayElapsedCallback
                0x0800b470       0x14 ./Drivers/STM32H7xx_HAL_Driver/Src/stm32h7xx_hal_tim.o
                0x0800b470                HAL_TIM_OC_DelayElapsedCallback
 .text.HAL_TIM_IC_CaptureCallback
                0x0800b484       0x14 ./Drivers/STM32H7xx_HAL_Driver/Src/stm32h7xx_hal_tim.o
                0x0800b484                HAL_TIM_IC_CaptureCallback
 .text.HAL_TIM_PWM_PulseFinishedHalfCpltCallback
                0x0800b498       0x14 ./Drivers/STM32H7xx_HAL_Driver/Src/stm32h7xx_hal_tim.o
                0x0800b498                HAL_TIM_PWM_PulseFinishedHalfCpltCallback
 .text.HAL_TIM_TriggerCallback
                0x0800b4ac       0x14 ./Drivers/STM32H7xx_HAL_Driver/Src/stm32h7xx_hal_tim.o
                0x0800b4ac                HAL_TIM_TriggerCallback
 .text.HAL_TIM_ErrorCallback
                0x0800b4c0       0x14 ./Drivers/STM32H7xx_HAL_Driver/Src/stm32h7xx_hal_tim.o
                0x0800b4c0                HAL_TIM_ErrorCallback
 .text.TIM_DMAError
                0x0800b4d4       0x92 ./Drivers/STM32H7xx_HAL_Driver/Src/stm32h7xx_hal_tim.o
                0x0800b4d4                TIM_DMAError
 .text.TIM_DMADelayPulseCplt
                0x0800b566       0xa8 ./Drivers/STM32H7xx_HAL_Driver/Src/stm32h7xx_hal_tim.o
 .text.TIM_DMADelayPulseHalfCplt
                0x0800b60e       0x68 ./Drivers/STM32H7xx_HAL_Driver/Src/stm32h7xx_hal_tim.o
                0x0800b60e                TIM_DMADelayPulseHalfCplt
 *fill*         0x0800b676        0x2 
 .text.TIM_Base_SetConfig
                0x0800b678      0x164 ./Drivers/STM32H7xx_HAL_Driver/Src/stm32h7xx_hal_tim.o
                0x0800b678                TIM_Base_SetConfig
 .text.TIM_OC1_SetConfig
                0x0800b7dc      0x120 ./Drivers/STM32H7xx_HAL_Driver/Src/stm32h7xx_hal_tim.o
 .text.TIM_OC2_SetConfig
                0x0800b8fc      0x114 ./Drivers/STM32H7xx_HAL_Driver/Src/stm32h7xx_hal_tim.o
                0x0800b8fc                TIM_OC2_SetConfig
 .text.TIM_OC3_SetConfig
                0x0800ba10      0x110 ./Drivers/STM32H7xx_HAL_Driver/Src/stm32h7xx_hal_tim.o
 .text.TIM_OC4_SetConfig
                0x0800bb20       0xd4 ./Drivers/STM32H7xx_HAL_Driver/Src/stm32h7xx_hal_tim.o
 .text.TIM_OC5_SetConfig
                0x0800bbf4       0xc8 ./Drivers/STM32H7xx_HAL_Driver/Src/stm32h7xx_hal_tim.o
 .text.TIM_OC6_SetConfig
                0x0800bcbc       0xcc ./Drivers/STM32H7xx_HAL_Driver/Src/stm32h7xx_hal_tim.o
 .text.TIM_TI1_ConfigInputStage
                0x0800bd88       0x5e ./Drivers/STM32H7xx_HAL_Driver/Src/stm32h7xx_hal_tim.o
 .text.TIM_TI2_ConfigInputStage
                0x0800bde6       0x60 ./Drivers/STM32H7xx_HAL_Driver/Src/stm32h7xx_hal_tim.o
 *fill*         0x0800be46        0x2 
 .text.TIM_ITRx_SetConfig
                0x0800be48       0x3c ./Drivers/STM32H7xx_HAL_Driver/Src/stm32h7xx_hal_tim.o
 .text.TIM_ETR_SetConfig
                0x0800be84       0x40 ./Drivers/STM32H7xx_HAL_Driver/Src/stm32h7xx_hal_tim.o
                0x0800be84                TIM_ETR_SetConfig
 .text.TIM_CCxChannelCmd
                0x0800bec4       0x4a ./Drivers/STM32H7xx_HAL_Driver/Src/stm32h7xx_hal_tim.o
                0x0800bec4                TIM_CCxChannelCmd
 *fill*         0x0800bf0e        0x2 
 .text.HAL_TIMEx_MasterConfigSynchronization
                0x0800bf10      0x138 ./Drivers/STM32H7xx_HAL_Driver/Src/stm32h7xx_hal_tim_ex.o
                0x0800bf10                HAL_TIMEx_MasterConfigSynchronization
 .text.HAL_TIMEx_CommutCallback
                0x0800c048       0x14 ./Drivers/STM32H7xx_HAL_Driver/Src/stm32h7xx_hal_tim_ex.o
                0x0800c048                HAL_TIMEx_CommutCallback
 .text.HAL_TIMEx_BreakCallback
                0x0800c05c       0x14 ./Drivers/STM32H7xx_HAL_Driver/Src/stm32h7xx_hal_tim_ex.o
                0x0800c05c                HAL_TIMEx_BreakCallback
 .text.HAL_TIMEx_Break2Callback
                0x0800c070       0x14 ./Drivers/STM32H7xx_HAL_Driver/Src/stm32h7xx_hal_tim_ex.o
                0x0800c070                HAL_TIMEx_Break2Callback
 .text.HAL_UART_Init
                0x0800c084       0xa0 ./Drivers/STM32H7xx_HAL_Driver/Src/stm32h7xx_hal_uart.o
                0x0800c084                HAL_UART_Init
 .text.UART_SetConfig
                0x0800c124      0xcd8 ./Drivers/STM32H7xx_HAL_Driver/Src/stm32h7xx_hal_uart.o
                0x0800c124                UART_SetConfig
 .text.UART_AdvFeatureConfig
                0x0800cdfc      0x144 ./Drivers/STM32H7xx_HAL_Driver/Src/stm32h7xx_hal_uart.o
                0x0800cdfc                UART_AdvFeatureConfig
 .text.UART_CheckIdleState
                0x0800cf40      0x154 ./Drivers/STM32H7xx_HAL_Driver/Src/stm32h7xx_hal_uart.o
                0x0800cf40                UART_CheckIdleState
 .text.UART_WaitOnFlagUntilTimeout
                0x0800d094       0xda ./Drivers/STM32H7xx_HAL_Driver/Src/stm32h7xx_hal_uart.o
                0x0800d094                UART_WaitOnFlagUntilTimeout
 *fill*         0x0800d16e        0x2 
 .text.UART_EndRxTransfer
                0x0800d170       0xcc ./Drivers/STM32H7xx_HAL_Driver/Src/stm32h7xx_hal_uart.o
 .text.HAL_UARTEx_DisableFifoMode
                0x0800d23c       0x72 ./Drivers/STM32H7xx_HAL_Driver/Src/stm32h7xx_hal_uart_ex.o
                0x0800d23c                HAL_UARTEx_DisableFifoMode
 .text.HAL_UARTEx_SetTxFifoThreshold
                0x0800d2ae       0x7c ./Drivers/STM32H7xx_HAL_Driver/Src/stm32h7xx_hal_uart_ex.o
                0x0800d2ae                HAL_UARTEx_SetTxFifoThreshold
 .text.HAL_UARTEx_SetRxFifoThreshold
                0x0800d32a       0x7c ./Drivers/STM32H7xx_HAL_Driver/Src/stm32h7xx_hal_uart_ex.o
                0x0800d32a                HAL_UARTEx_SetRxFifoThreshold
 *fill*         0x0800d3a6        0x2 
 .text.UARTEx_SetNbDataToProcess
                0x0800d3a8       0x9c ./Drivers/STM32H7xx_HAL_Driver/Src/stm32h7xx_hal_uart_ex.o
 .text.memset   0x0800d444       0x10 C:/ST/STM32CubeIDE_1.14.0/STM32CubeIDE/plugins/com.st.stm32cube.ide.mcu.externaltools.gnu-tools-for-stm32.12.3.rel1.win32_1.0.200.202406191623/tools/bin/../lib/gcc/arm-none-eabi/12.3.1/../../../../arm-none-eabi/lib/thumb/v7e-m+dp/hard\libc_nano.a(libc_a-memset.o)
                0x0800d444                memset
 .text.__libc_init_array
                0x0800d454       0x48 C:/ST/STM32CubeIDE_1.14.0/STM32CubeIDE/plugins/com.st.stm32cube.ide.mcu.externaltools.gnu-tools-for-stm32.12.3.rel1.win32_1.0.200.202406191623/tools/bin/../lib/gcc/arm-none-eabi/12.3.1/../../../../arm-none-eabi/lib/thumb/v7e-m+dp/hard\libc_nano.a(libc_a-init.o)
                0x0800d454                __libc_init_array
 *fill*         0x0800d49c        0x4 
 .text.sin      0x0800d4a0       0x98 C:/ST/STM32CubeIDE_1.14.0/STM32CubeIDE/plugins/com.st.stm32cube.ide.mcu.externaltools.gnu-tools-for-stm32.12.3.rel1.win32_1.0.200.202406191623/tools/bin/../lib/gcc/arm-none-eabi/12.3.1/../../../../arm-none-eabi/lib/thumb/v7e-m+dp/hard\libm.a(libm_a-s_sin.o)
                0x0800d4a0                sin
 .text.__kernel_cos
                0x0800d538       0xd0 C:/ST/STM32CubeIDE_1.14.0/STM32CubeIDE/plugins/com.st.stm32cube.ide.mcu.externaltools.gnu-tools-for-stm32.12.3.rel1.win32_1.0.200.202406191623/tools/bin/../lib/gcc/arm-none-eabi/12.3.1/../../../../arm-none-eabi/lib/thumb/v7e-m+dp/hard\libm.a(libm_a-k_cos.o)
                0x0800d538                __kernel_cos
 .text.__kernel_sin
                0x0800d608       0xb0 C:/ST/STM32CubeIDE_1.14.0/STM32CubeIDE/plugins/com.st.stm32cube.ide.mcu.externaltools.gnu-tools-for-stm32.12.3.rel1.win32_1.0.200.202406191623/tools/bin/../lib/gcc/arm-none-eabi/12.3.1/../../../../arm-none-eabi/lib/thumb/v7e-m+dp/hard\libm.a(libm_a-k_sin.o)
                0x0800d608                __kernel_sin
 .text.__ieee754_rem_pio2
                0x0800d6b8      0x288 C:/ST/STM32CubeIDE_1.14.0/STM32CubeIDE/plugins/com.st.stm32cube.ide.mcu.externaltools.gnu-tools-for-stm32.12.3.rel1.win32_1.0.200.202406191623/tools/bin/../lib/gcc/arm-none-eabi/12.3.1/../../../../arm-none-eabi/lib/thumb/v7e-m+dp/hard\libm.a(libm_a-e_rem_pio2.o)
                0x0800d6b8                __ieee754_rem_pio2
 .text.fabs     0x0800d940       0x10 C:/ST/STM32CubeIDE_1.14.0/STM32CubeIDE/plugins/com.st.stm32cube.ide.mcu.externaltools.gnu-tools-for-stm32.12.3.rel1.win32_1.0.200.202406191623/tools/bin/../lib/gcc/arm-none-eabi/12.3.1/../../../../arm-none-eabi/lib/thumb/v7e-m+dp/hard\libm.a(libm_a-s_fabs.o)
                0x0800d940                fabs
 .text.__kernel_rem_pio2
                0x0800d950      0x4f8 C:/ST/STM32CubeIDE_1.14.0/STM32CubeIDE/plugins/com.st.stm32cube.ide.mcu.externaltools.gnu-tools-for-stm32.12.3.rel1.win32_1.0.200.202406191623/tools/bin/../lib/gcc/arm-none-eabi/12.3.1/../../../../arm-none-eabi/lib/thumb/v7e-m+dp/hard\libm.a(libm_a-k_rem_pio2.o)
                0x0800d950                __kernel_rem_pio2
 .text.scalbn   0x0800de48       0xfc C:/ST/STM32CubeIDE_1.14.0/STM32CubeIDE/plugins/com.st.stm32cube.ide.mcu.externaltools.gnu-tools-for-stm32.12.3.rel1.win32_1.0.200.202406191623/tools/bin/../lib/gcc/arm-none-eabi/12.3.1/../../../../arm-none-eabi/lib/thumb/v7e-m+dp/hard\libm.a(libm_a-s_scalbn.o)
                0x0800de48                scalbn
 *fill*         0x0800df44        0x4 
 .text.floor    0x0800df48       0xf0 C:/ST/STM32CubeIDE_1.14.0/STM32CubeIDE/plugins/com.st.stm32cube.ide.mcu.externaltools.gnu-tools-for-stm32.12.3.rel1.win32_1.0.200.202406191623/tools/bin/../lib/gcc/arm-none-eabi/12.3.1/../../../../arm-none-eabi/lib/thumb/v7e-m+dp/hard\libm.a(libm_a-s_floor.o)
                0x0800df48                floor
 *(.glue_7)
 .glue_7        0x0800e038        0x0 linker stubs
 *(.glue_7t)
 .glue_7t       0x0800e038        0x0 linker stubs
 *(.eh_frame)
 .eh_frame      0x0800e038        0x0 C:/ST/STM32CubeIDE_1.14.0/STM32CubeIDE/plugins/com.st.stm32cube.ide.mcu.externaltools.gnu-tools-for-stm32.12.3.rel1.win32_1.0.200.202406191623/tools/bin/../lib/gcc/arm-none-eabi/12.3.1/thumb/v7e-m+dp/hard/crtbegin.o
 *(.init)
 .init          0x0800e038        0x4 C:/ST/STM32CubeIDE_1.14.0/STM32CubeIDE/plugins/com.st.stm32cube.ide.mcu.externaltools.gnu-tools-for-stm32.12.3.rel1.win32_1.0.200.202406191623/tools/bin/../lib/gcc/arm-none-eabi/12.3.1/thumb/v7e-m+dp/hard/crti.o
                0x0800e038                _init
 .init          0x0800e03c        0x8 C:/ST/STM32CubeIDE_1.14.0/STM32CubeIDE/plugins/com.st.stm32cube.ide.mcu.externaltools.gnu-tools-for-stm32.12.3.rel1.win32_1.0.200.202406191623/tools/bin/../lib/gcc/arm-none-eabi/12.3.1/thumb/v7e-m+dp/hard/crtn.o
 *(.fini)
 .fini          0x0800e044        0x4 C:/ST/STM32CubeIDE_1.14.0/STM32CubeIDE/plugins/com.st.stm32cube.ide.mcu.externaltools.gnu-tools-for-stm32.12.3.rel1.win32_1.0.200.202406191623/tools/bin/../lib/gcc/arm-none-eabi/12.3.1/thumb/v7e-m+dp/hard/crti.o
                0x0800e044                _fini
 .fini          0x0800e048        0x8 C:/ST/STM32CubeIDE_1.14.0/STM32CubeIDE/plugins/com.st.stm32cube.ide.mcu.externaltools.gnu-tools-for-stm32.12.3.rel1.win32_1.0.200.202406191623/tools/bin/../lib/gcc/arm-none-eabi/12.3.1/thumb/v7e-m+dp/hard/crtn.o
                0x0800e050                        . = ALIGN (0x4)
                0x0800e050                        _etext = .

.vfp11_veneer   0x0800e050        0x0
 .vfp11_veneer  0x0800e050        0x0 linker stubs

.v4_bx          0x0800e050        0x0
 .v4_bx         0x0800e050        0x0 linker stubs

.iplt           0x0800e050        0x0
 .iplt          0x0800e050        0x0 C:/ST/STM32CubeIDE_1.14.0/STM32CubeIDE/plugins/com.st.stm32cube.ide.mcu.externaltools.gnu-tools-for-stm32.12.3.rel1.win32_1.0.200.202406191623/tools/bin/../lib/gcc/arm-none-eabi/12.3.1/thumb/v7e-m+dp/hard/crtbegin.o

.rodata         0x0800e050      0x218
                0x0800e050                        . = ALIGN (0x4)
 *(.rodata)
 *(.rodata*)
 .rodata.D1CorePrescTable
                0x0800e050       0x10 ./Core/Src/system_stm32h7xx.o
                0x0800e050                D1CorePrescTable
 .rodata.flagBitshiftOffset.0
                0x0800e060        0x8 ./Drivers/STM32H7xx_HAL_Driver/Src/stm32h7xx_hal_dma.o
 .rodata.UARTPrescTable
                0x0800e068       0x18 ./Drivers/STM32H7xx_HAL_Driver/Src/stm32h7xx_hal_uart.o
                0x0800e068                UARTPrescTable
 .rodata.numerator.1
                0x0800e080        0x8 ./Drivers/STM32H7xx_HAL_Driver/Src/stm32h7xx_hal_uart_ex.o
 .rodata.denominator.0
                0x0800e088        0x8 ./Drivers/STM32H7xx_HAL_Driver/Src/stm32h7xx_hal_uart_ex.o
 .rodata.npio2_hw
                0x0800e090       0x80 C:/ST/STM32CubeIDE_1.14.0/STM32CubeIDE/plugins/com.st.stm32cube.ide.mcu.externaltools.gnu-tools-for-stm32.12.3.rel1.win32_1.0.200.202406191623/tools/bin/../lib/gcc/arm-none-eabi/12.3.1/../../../../arm-none-eabi/lib/thumb/v7e-m+dp/hard\libm.a(libm_a-e_rem_pio2.o)
 .rodata.two_over_pi
                0x0800e110      0x108 C:/ST/STM32CubeIDE_1.14.0/STM32CubeIDE/plugins/com.st.stm32cube.ide.mcu.externaltools.gnu-tools-for-stm32.12.3.rel1.win32_1.0.200.202406191623/tools/bin/../lib/gcc/arm-none-eabi/12.3.1/../../../../arm-none-eabi/lib/thumb/v7e-m+dp/hard\libm.a(libm_a-e_rem_pio2.o)
 .rodata.PIo2   0x0800e218       0x40 C:/ST/STM32CubeIDE_1.14.0/STM32CubeIDE/plugins/com.st.stm32cube.ide.mcu.externaltools.gnu-tools-for-stm32.12.3.rel1.win32_1.0.200.202406191623/tools/bin/../lib/gcc/arm-none-eabi/12.3.1/../../../../arm-none-eabi/lib/thumb/v7e-m+dp/hard\libm.a(libm_a-k_rem_pio2.o)
 .rodata.init_jk
                0x0800e258       0x10 C:/ST/STM32CubeIDE_1.14.0/STM32CubeIDE/plugins/com.st.stm32cube.ide.mcu.externaltools.gnu-tools-for-stm32.12.3.rel1.win32_1.0.200.202406191623/tools/bin/../lib/gcc/arm-none-eabi/12.3.1/../../../../arm-none-eabi/lib/thumb/v7e-m+dp/hard\libm.a(libm_a-k_rem_pio2.o)
                0x0800e268                        . = ALIGN (0x4)

.ARM.extab
 *(.ARM.extab* .gnu.linkonce.armextab.*)

.ARM            0x0800e268        0x8
                0x0800e268                        __exidx_start = .
 *(.ARM.exidx*)
 .ARM.exidx     0x0800e268        0x8 C:/ST/STM32CubeIDE_1.14.0/STM32CubeIDE/plugins/com.st.stm32cube.ide.mcu.externaltools.gnu-tools-for-stm32.12.3.rel1.win32_1.0.200.202406191623/tools/bin/../lib/gcc/arm-none-eabi/12.3.1/thumb/v7e-m+dp/hard\libgcc.a(_udivmoddi4.o)
                0x0800e270                        __exidx_end = .

.preinit_array  0x0800e270        0x0
                0x0800e270                        PROVIDE (__preinit_array_start = .)
 *(.preinit_array*)
                0x0800e270                        PROVIDE (__preinit_array_end = .)

.init_array     0x0800e270        0x4
                0x0800e270                        PROVIDE (__init_array_start = .)
 *(SORT_BY_NAME(.init_array.*))
 *(.init_array*)
 .init_array    0x0800e270        0x4 C:/ST/STM32CubeIDE_1.14.0/STM32CubeIDE/plugins/com.st.stm32cube.ide.mcu.externaltools.gnu-tools-for-stm32.12.3.rel1.win32_1.0.200.202406191623/tools/bin/../lib/gcc/arm-none-eabi/12.3.1/thumb/v7e-m+dp/hard/crtbegin.o
                0x0800e274                        PROVIDE (__init_array_end = .)

.fini_array     0x0800e274        0x4
                [!provide]                        PROVIDE (__fini_array_start = .)
 *(SORT_BY_NAME(.fini_array.*))
 *(.fini_array*)
 .fini_array    0x0800e274        0x4 C:/ST/STM32CubeIDE_1.14.0/STM32CubeIDE/plugins/com.st.stm32cube.ide.mcu.externaltools.gnu-tools-for-stm32.12.3.rel1.win32_1.0.200.202406191623/tools/bin/../lib/gcc/arm-none-eabi/12.3.1/thumb/v7e-m+dp/hard/crtbegin.o
                [!provide]                        PROVIDE (__fini_array_end = .)
                0x0800e278                        _sidata = LOADADDR (.data)

.rel.dyn        0x0800e278        0x0
 .rel.iplt      0x0800e278        0x0 C:/ST/STM32CubeIDE_1.14.0/STM32CubeIDE/plugins/com.st.stm32cube.ide.mcu.externaltools.gnu-tools-for-stm32.12.3.rel1.win32_1.0.200.202406191623/tools/bin/../lib/gcc/arm-none-eabi/12.3.1/thumb/v7e-m+dp/hard/crtbegin.o

.data           0x24000000       0x10 load address 0x0800e278
                0x24000000                        . = ALIGN (0x4)
                0x24000000                        _sdata = .
 *(.data)
 *(.data*)
 .data.SystemCoreClock
                0x24000000        0x4 ./Core/Src/system_stm32h7xx.o
                0x24000000                SystemCoreClock
 .data.SystemD2Clock
                0x24000004        0x4 ./Core/Src/system_stm32h7xx.o
                0x24000004                SystemD2Clock
 .data.uwTickPrio
                0x24000008        0x4 ./Drivers/STM32H7xx_HAL_Driver/Src/stm32h7xx_hal.o
                0x24000008                uwTickPrio
 .data.uwTickFreq
                0x2400000c        0x1 ./Drivers/STM32H7xx_HAL_Driver/Src/stm32h7xx_hal.o
                0x2400000c                uwTickFreq
 *(.RamFunc)
 *(.RamFunc*)
                0x24000010                        . = ALIGN (0x4)
 *fill*         0x2400000d        0x3 
                0x24000010                        _edata = .

.igot.plt       0x24000010        0x0 load address 0x0800e288
 .igot.plt      0x24000010        0x0 C:/ST/STM32CubeIDE_1.14.0/STM32CubeIDE/plugins/com.st.stm32cube.ide.mcu.externaltools.gnu-tools-for-stm32.12.3.rel1.win32_1.0.200.202406191623/tools/bin/../lib/gcc/arm-none-eabi/12.3.1/thumb/v7e-m+dp/hard/crtbegin.o
                0x24000010                        . = ALIGN (0x4)

.bss            0x24000010      0xa60 load address 0x0800e288
                0x24000010                        _sbss = .
                0x24000010                        __bss_start__ = _sbss
 *(.bss)
 .bss           0x24000010       0x1c C:/ST/STM32CubeIDE_1.14.0/STM32CubeIDE/plugins/com.st.stm32cube.ide.mcu.externaltools.gnu-tools-for-stm32.12.3.rel1.win32_1.0.200.202406191623/tools/bin/../lib/gcc/arm-none-eabi/12.3.1/thumb/v7e-m+dp/hard/crtbegin.o
 *(.bss*)
 .bss.RGB_TIM   0x2400002c        0x4 ./Core/Src/driver_RGB_LED.o
 .bss.RGB_LED_DATA
                0x24000030       0x24 ./Core/Src/driver_RGB_LED.o
 .bss.RGB_DMA_BUF
                0x24000054      0x370 ./Core/Src/driver_RGB_LED.o
 .bss.RGB_DMA_COMPLETE_FLAG
                0x240003c4        0x1 ./Core/Src/driver_RGB_LED.o
 *fill*         0x240003c5        0x3 
 .bss.hadc1     0x240003c8       0x70 ./Core/Src/main.o
                0x240003c8                hadc1
 .bss.hadc2     0x24000438       0x70 ./Core/Src/main.o
                0x24000438                hadc2
 .bss.hdac1     0x240004a8       0x14 ./Core/Src/main.o
                0x240004a8                hdac1
 .bss.hdma_dac1_ch1
                0x240004bc       0x78 ./Core/Src/main.o
                0x240004bc                hdma_dac1_ch1
 .bss.hdma_dac1_ch2
                0x24000534       0x78 ./Core/Src/main.o
                0x24000534                hdma_dac1_ch2
 .bss.hi2c2     0x240005ac       0x54 ./Core/Src/main.o
                0x240005ac                hi2c2
 .bss.hspi2     0x24000600       0x88 ./Core/Src/main.o
                0x24000600                hspi2
 .bss.hspi3     0x24000688       0x88 ./Core/Src/main.o
                0x24000688                hspi3
 .bss.hspi4     0x24000710       0x88 ./Core/Src/main.o
                0x24000710                hspi4
 .bss.htim1     0x24000798       0x4c ./Core/Src/main.o
                0x24000798                htim1
 .bss.htim2     0x240007e4       0x4c ./Core/Src/main.o
                0x240007e4                htim2
 .bss.htim3     0x24000830       0x4c ./Core/Src/main.o
                0x24000830                htim3
 .bss.htim4     0x2400087c       0x4c ./Core/Src/main.o
                0x2400087c                htim4
 .bss.hdma_tim4_ch1
                0x240008c8       0x78 ./Core/Src/main.o
                0x240008c8                hdma_tim4_ch1
 .bss.huart7    0x24000940       0x94 ./Core/Src/main.o
                0x24000940                huart7
 .bss.huart1    0x240009d4       0x94 ./Core/Src/main.o
                0x240009d4                huart1
 .bss.HAL_RCC_ADC12_CLK_ENABLED
                0x24000a68        0x4 ./Core/Src/stm32h7xx_hal_msp.o
 .bss.uwTick    0x24000a6c        0x4 ./Drivers/STM32H7xx_HAL_Driver/Src/stm32h7xx_hal.o
                0x24000a6c                uwTick
 *(COMMON)
                0x24000a70                        . = ALIGN (0x4)
                0x24000a70                        _ebss = .
                0x24000a70                        __bss_end__ = _ebss

._user_heap_stack
                0x24000a70      0x600 load address 0x0800e288
                0x24000a70                        . = ALIGN (0x8)
                [!provide]                        PROVIDE (end = .)
                0x24000a70                        PROVIDE (_end = .)
                0x24000c70                        . = (. + _Min_Heap_Size)
 *fill*         0x24000a70      0x200 
                0x24001070                        . = (. + _Min_Stack_Size)
 *fill*         0x24000c70      0x400 
                0x24001070                        . = ALIGN (0x8)

/DISCARD/
 libc.a(*)
 libm.a(*)
 libgcc.a(*)

.ARM.attributes
                0x00000000       0x2e
 *(.ARM.attributes)
 .ARM.attributes
                0x00000000       0x20 C:/ST/STM32CubeIDE_1.14.0/STM32CubeIDE/plugins/com.st.stm32cube.ide.mcu.externaltools.gnu-tools-for-stm32.12.3.rel1.win32_1.0.200.202406191623/tools/bin/../lib/gcc/arm-none-eabi/12.3.1/thumb/v7e-m+dp/hard/crti.o
 .ARM.attributes
                0x00000020       0x32 C:/ST/STM32CubeIDE_1.14.0/STM32CubeIDE/plugins/com.st.stm32cube.ide.mcu.externaltools.gnu-tools-for-stm32.12.3.rel1.win32_1.0.200.202406191623/tools/bin/../lib/gcc/arm-none-eabi/12.3.1/thumb/v7e-m+dp/hard/crtbegin.o
 .ARM.attributes
                0x00000052       0x32 ./Core/Src/driver_RGB_LED.o
 .ARM.attributes
                0x00000084       0x32 ./Core/Src/main.o
 .ARM.attributes
                0x000000b6       0x32 ./Core/Src/stm32h7xx_hal_msp.o
 .ARM.attributes
                0x000000e8       0x32 ./Core/Src/stm32h7xx_it.o
 .ARM.attributes
                0x0000011a       0x32 ./Core/Src/system_stm32h7xx.o
 .ARM.attributes
                0x0000014c       0x21 ./Core/Startup/startup_stm32h723vgtx.o
 .ARM.attributes
                0x0000016d       0x32 ./Drivers/STM32H7xx_HAL_Driver/Src/stm32h7xx_hal.o
 .ARM.attributes
                0x0000019f       0x32 ./Drivers/STM32H7xx_HAL_Driver/Src/stm32h7xx_hal_adc.o
 .ARM.attributes
                0x000001d1       0x32 ./Drivers/STM32H7xx_HAL_Driver/Src/stm32h7xx_hal_adc_ex.o
 .ARM.attributes
                0x00000203       0x32 ./Drivers/STM32H7xx_HAL_Driver/Src/stm32h7xx_hal_cortex.o
 .ARM.attributes
                0x00000235       0x32 ./Drivers/STM32H7xx_HAL_Driver/Src/stm32h7xx_hal_dac.o
 .ARM.attributes
                0x00000267       0x32 ./Drivers/STM32H7xx_HAL_Driver/Src/stm32h7xx_hal_dac_ex.o
 .ARM.attributes
                0x00000299       0x32 ./Drivers/STM32H7xx_HAL_Driver/Src/stm32h7xx_hal_dma.o
 .ARM.attributes
                0x000002cb       0x32 ./Drivers/STM32H7xx_HAL_Driver/Src/stm32h7xx_hal_gpio.o
 .ARM.attributes
                0x000002fd       0x32 ./Drivers/STM32H7xx_HAL_Driver/Src/stm32h7xx_hal_i2c.o
 .ARM.attributes
                0x0000032f       0x32 ./Drivers/STM32H7xx_HAL_Driver/Src/stm32h7xx_hal_i2c_ex.o
 .ARM.attributes
                0x00000361       0x32 ./Drivers/STM32H7xx_HAL_Driver/Src/stm32h7xx_hal_pwr_ex.o
 .ARM.attributes
                0x00000393       0x32 ./Drivers/STM32H7xx_HAL_Driver/Src/stm32h7xx_hal_rcc.o
 .ARM.attributes
                0x000003c5       0x32 ./Drivers/STM32H7xx_HAL_Driver/Src/stm32h7xx_hal_rcc_ex.o
 .ARM.attributes
                0x000003f7       0x32 ./Drivers/STM32H7xx_HAL_Driver/Src/stm32h7xx_hal_spi.o
 .ARM.attributes
                0x00000429       0x32 ./Drivers/STM32H7xx_HAL_Driver/Src/stm32h7xx_hal_tim.o
 .ARM.attributes
                0x0000045b       0x32 ./Drivers/STM32H7xx_HAL_Driver/Src/stm32h7xx_hal_tim_ex.o
 .ARM.attributes
                0x0000048d       0x32 ./Drivers/STM32H7xx_HAL_Driver/Src/stm32h7xx_hal_uart.o
 .ARM.attributes
                0x000004bf       0x32 ./Drivers/STM32H7xx_HAL_Driver/Src/stm32h7xx_hal_uart_ex.o
 .ARM.attributes
                0x000004f1       0x32 C:/ST/STM32CubeIDE_1.14.0/STM32CubeIDE/plugins/com.st.stm32cube.ide.mcu.externaltools.gnu-tools-for-stm32.12.3.rel1.win32_1.0.200.202406191623/tools/bin/../lib/gcc/arm-none-eabi/12.3.1/../../../../arm-none-eabi/lib/thumb/v7e-m+dp/hard\libc_nano.a(libc_a-memset.o)
 .ARM.attributes
                0x00000523       0x32 C:/ST/STM32CubeIDE_1.14.0/STM32CubeIDE/plugins/com.st.stm32cube.ide.mcu.externaltools.gnu-tools-for-stm32.12.3.rel1.win32_1.0.200.202406191623/tools/bin/../lib/gcc/arm-none-eabi/12.3.1/../../../../arm-none-eabi/lib/thumb/v7e-m+dp/hard\libc_nano.a(libc_a-init.o)
 .ARM.attributes
                0x00000555       0x32 C:/ST/STM32CubeIDE_1.14.0/STM32CubeIDE/plugins/com.st.stm32cube.ide.mcu.externaltools.gnu-tools-for-stm32.12.3.rel1.win32_1.0.200.202406191623/tools/bin/../lib/gcc/arm-none-eabi/12.3.1/../../../../arm-none-eabi/lib/thumb/v7e-m+dp/hard\libm.a(libm_a-s_sin.o)
 .ARM.attributes
                0x00000587       0x32 C:/ST/STM32CubeIDE_1.14.0/STM32CubeIDE/plugins/com.st.stm32cube.ide.mcu.externaltools.gnu-tools-for-stm32.12.3.rel1.win32_1.0.200.202406191623/tools/bin/../lib/gcc/arm-none-eabi/12.3.1/../../../../arm-none-eabi/lib/thumb/v7e-m+dp/hard\libm.a(libm_a-k_cos.o)
 .ARM.attributes
                0x000005b9       0x32 C:/ST/STM32CubeIDE_1.14.0/STM32CubeIDE/plugins/com.st.stm32cube.ide.mcu.externaltools.gnu-tools-for-stm32.12.3.rel1.win32_1.0.200.202406191623/tools/bin/../lib/gcc/arm-none-eabi/12.3.1/../../../../arm-none-eabi/lib/thumb/v7e-m+dp/hard\libm.a(libm_a-k_sin.o)
 .ARM.attributes
                0x000005eb       0x32 C:/ST/STM32CubeIDE_1.14.0/STM32CubeIDE/plugins/com.st.stm32cube.ide.mcu.externaltools.gnu-tools-for-stm32.12.3.rel1.win32_1.0.200.202406191623/tools/bin/../lib/gcc/arm-none-eabi/12.3.1/../../../../arm-none-eabi/lib/thumb/v7e-m+dp/hard\libm.a(libm_a-e_rem_pio2.o)
 .ARM.attributes
                0x0000061d       0x32 C:/ST/STM32CubeIDE_1.14.0/STM32CubeIDE/plugins/com.st.stm32cube.ide.mcu.externaltools.gnu-tools-for-stm32.12.3.rel1.win32_1.0.200.202406191623/tools/bin/../lib/gcc/arm-none-eabi/12.3.1/../../../../arm-none-eabi/lib/thumb/v7e-m+dp/hard\libm.a(libm_a-s_fabs.o)
 .ARM.attributes
                0x0000064f       0x32 C:/ST/STM32CubeIDE_1.14.0/STM32CubeIDE/plugins/com.st.stm32cube.ide.mcu.externaltools.gnu-tools-for-stm32.12.3.rel1.win32_1.0.200.202406191623/tools/bin/../lib/gcc/arm-none-eabi/12.3.1/../../../../arm-none-eabi/lib/thumb/v7e-m+dp/hard\libm.a(libm_a-k_rem_pio2.o)
 .ARM.attributes
                0x00000681       0x32 C:/ST/STM32CubeIDE_1.14.0/STM32CubeIDE/plugins/com.st.stm32cube.ide.mcu.externaltools.gnu-tools-for-stm32.12.3.rel1.win32_1.0.200.202406191623/tools/bin/../lib/gcc/arm-none-eabi/12.3.1/../../../../arm-none-eabi/lib/thumb/v7e-m+dp/hard\libm.a(libm_a-s_scalbn.o)
 .ARM.attributes
                0x000006b3       0x32 C:/ST/STM32CubeIDE_1.14.0/STM32CubeIDE/plugins/com.st.stm32cube.ide.mcu.externaltools.gnu-tools-for-stm32.12.3.rel1.win32_1.0.200.202406191623/tools/bin/../lib/gcc/arm-none-eabi/12.3.1/../../../../arm-none-eabi/lib/thumb/v7e-m+dp/hard\libm.a(libm_a-s_floor.o)
 .ARM.attributes
                0x000006e5       0x20 C:/ST/STM32CubeIDE_1.14.0/STM32CubeIDE/plugins/com.st.stm32cube.ide.mcu.externaltools.gnu-tools-for-stm32.12.3.rel1.win32_1.0.200.202406191623/tools/bin/../lib/gcc/arm-none-eabi/12.3.1/thumb/v7e-m+dp/hard\libgcc.a(_aeabi_uldivmod.o)
 .ARM.attributes
                0x00000705       0x32 C:/ST/STM32CubeIDE_1.14.0/STM32CubeIDE/plugins/com.st.stm32cube.ide.mcu.externaltools.gnu-tools-for-stm32.12.3.rel1.win32_1.0.200.202406191623/tools/bin/../lib/gcc/arm-none-eabi/12.3.1/thumb/v7e-m+dp/hard\libgcc.a(_udivmoddi4.o)
 .ARM.attributes
                0x00000737       0x20 C:/ST/STM32CubeIDE_1.14.0/STM32CubeIDE/plugins/com.st.stm32cube.ide.mcu.externaltools.gnu-tools-for-stm32.12.3.rel1.win32_1.0.200.202406191623/tools/bin/../lib/gcc/arm-none-eabi/12.3.1/thumb/v7e-m+dp/hard\libgcc.a(_dvmd_tls.o)
 .ARM.attributes
                0x00000757       0x20 C:/ST/STM32CubeIDE_1.14.0/STM32CubeIDE/plugins/com.st.stm32cube.ide.mcu.externaltools.gnu-tools-for-stm32.12.3.rel1.win32_1.0.200.202406191623/tools/bin/../lib/gcc/arm-none-eabi/12.3.1/thumb/v7e-m+dp/hard/crtn.o
OUTPUT(H7_pinout_project.elf elf32-littlearm)
LOAD linker stubs
LOAD C:/ST/STM32CubeIDE_1.14.0/STM32CubeIDE/plugins/com.st.stm32cube.ide.mcu.externaltools.gnu-tools-for-stm32.12.3.rel1.win32_1.0.200.202406191623/tools/bin/../lib/gcc/arm-none-eabi/12.3.1/../../../../arm-none-eabi/lib/thumb/v7e-m+dp/hard\libc.a
LOAD C:/ST/STM32CubeIDE_1.14.0/STM32CubeIDE/plugins/com.st.stm32cube.ide.mcu.externaltools.gnu-tools-for-stm32.12.3.rel1.win32_1.0.200.202406191623/tools/bin/../lib/gcc/arm-none-eabi/12.3.1/../../../../arm-none-eabi/lib/thumb/v7e-m+dp/hard\libm.a
LOAD C:/ST/STM32CubeIDE_1.14.0/STM32CubeIDE/plugins/com.st.stm32cube.ide.mcu.externaltools.gnu-tools-for-stm32.12.3.rel1.win32_1.0.200.202406191623/tools/bin/../lib/gcc/arm-none-eabi/12.3.1/thumb/v7e-m+dp/hard\libgcc.a

.debug_info     0x00000000    0x22931
 .debug_info    0x00000000      0x999 ./Core/Src/driver_RGB_LED.o
 .debug_info    0x00000999     0x3254 ./Core/Src/main.o
 .debug_info    0x00003bed     0x29a6 ./Core/Src/stm32h7xx_hal_msp.o
 .debug_info    0x00006593      0x87c ./Core/Src/stm32h7xx_it.o
 .debug_info    0x00006e0f      0xb2e ./Core/Src/system_stm32h7xx.o
 .debug_info    0x0000793d       0x30 ./Core/Startup/startup_stm32h723vgtx.o
 .debug_info    0x0000796d     0x1698 ./Drivers/STM32H7xx_HAL_Driver/Src/stm32h7xx_hal.o
 .debug_info    0x00009005     0x245f ./Drivers/STM32H7xx_HAL_Driver/Src/stm32h7xx_hal_adc.o
 .debug_info    0x0000b464     0x2432 ./Drivers/STM32H7xx_HAL_Driver/Src/stm32h7xx_hal_adc_ex.o
 .debug_info    0x0000d896     0x10a0 ./Drivers/STM32H7xx_HAL_Driver/Src/stm32h7xx_hal_cortex.o
 .debug_info    0x0000e936      0xbb8 ./Drivers/STM32H7xx_HAL_Driver/Src/stm32h7xx_hal_dac.o
 .debug_info    0x0000f4ee      0xb96 ./Drivers/STM32H7xx_HAL_Driver/Src/stm32h7xx_hal_dac_ex.o
 .debug_info    0x00010084      0xb67 ./Drivers/STM32H7xx_HAL_Driver/Src/stm32h7xx_hal_dma.o
 .debug_info    0x00010beb      0xc5c ./Drivers/STM32H7xx_HAL_Driver/Src/stm32h7xx_hal_gpio.o
 .debug_info    0x00011847     0x22a1 ./Drivers/STM32H7xx_HAL_Driver/Src/stm32h7xx_hal_i2c.o
 .debug_info    0x00013ae8      0xd95 ./Drivers/STM32H7xx_HAL_Driver/Src/stm32h7xx_hal_i2c_ex.o
 .debug_info    0x0001487d      0xdc4 ./Drivers/STM32H7xx_HAL_Driver/Src/stm32h7xx_hal_pwr_ex.o
 .debug_info    0x00015641      0xd73 ./Drivers/STM32H7xx_HAL_Driver/Src/stm32h7xx_hal_rcc.o
 .debug_info    0x000163b4     0x11fc ./Drivers/STM32H7xx_HAL_Driver/Src/stm32h7xx_hal_rcc_ex.o
 .debug_info    0x000175b0     0x1440 ./Drivers/STM32H7xx_HAL_Driver/Src/stm32h7xx_hal_spi.o
 .debug_info    0x000189f0     0x2bae ./Drivers/STM32H7xx_HAL_Driver/Src/stm32h7xx_hal_tim.o
 .debug_info    0x0001b59e     0x18c1 ./Drivers/STM32H7xx_HAL_Driver/Src/stm32h7xx_hal_tim_ex.o
 .debug_info    0x0001ce5f     0x4b13 ./Drivers/STM32H7xx_HAL_Driver/Src/stm32h7xx_hal_uart.o
 .debug_info    0x00021972      0xfbf ./Drivers/STM32H7xx_HAL_Driver/Src/stm32h7xx_hal_uart_ex.o

.debug_abbrev   0x00000000     0x39d1
 .debug_abbrev  0x00000000      0x22e ./Core/Src/driver_RGB_LED.o
 .debug_abbrev  0x0000022e      0x382 ./Core/Src/main.o
 .debug_abbrev  0x000005b0      0x284 ./Core/Src/stm32h7xx_hal_msp.o
 .debug_abbrev  0x00000834      0x192 ./Core/Src/stm32h7xx_it.o
 .debug_abbrev  0x000009c6      0x13a ./Core/Src/system_stm32h7xx.o
 .debug_abbrev  0x00000b00       0x24 ./Core/Startup/startup_stm32h723vgtx.o
 .debug_abbrev  0x00000b24      0x29e ./Drivers/STM32H7xx_HAL_Driver/Src/stm32h7xx_hal.o
 .debug_abbrev  0x00000dc2      0x309 ./Drivers/STM32H7xx_HAL_Driver/Src/stm32h7xx_hal_adc.o
 .debug_abbrev  0x000010cb      0x346 ./Drivers/STM32H7xx_HAL_Driver/Src/stm32h7xx_hal_adc_ex.o
 .debug_abbrev  0x00001411      0x339 ./Drivers/STM32H7xx_HAL_Driver/Src/stm32h7xx_hal_cortex.o
 .debug_abbrev  0x0000174a      0x20c ./Drivers/STM32H7xx_HAL_Driver/Src/stm32h7xx_hal_dac.o
 .debug_abbrev  0x00001956      0x268 ./Drivers/STM32H7xx_HAL_Driver/Src/stm32h7xx_hal_dac_ex.o
 .debug_abbrev  0x00001bbe      0x248 ./Drivers/STM32H7xx_HAL_Driver/Src/stm32h7xx_hal_dma.o
 .debug_abbrev  0x00001e06      0x1fe ./Drivers/STM32H7xx_HAL_Driver/Src/stm32h7xx_hal_gpio.o
 .debug_abbrev  0x00002004      0x25d ./Drivers/STM32H7xx_HAL_Driver/Src/stm32h7xx_hal_i2c.o
 .debug_abbrev  0x00002261      0x1f5 ./Drivers/STM32H7xx_HAL_Driver/Src/stm32h7xx_hal_i2c_ex.o
 .debug_abbrev  0x00002456      0x295 ./Drivers/STM32H7xx_HAL_Driver/Src/stm32h7xx_hal_pwr_ex.o
 .debug_abbrev  0x000026eb      0x2b1 ./Drivers/STM32H7xx_HAL_Driver/Src/stm32h7xx_hal_rcc.o
 .debug_abbrev  0x0000299c      0x269 ./Drivers/STM32H7xx_HAL_Driver/Src/stm32h7xx_hal_rcc_ex.o
 .debug_abbrev  0x00002c05      0x2b1 ./Drivers/STM32H7xx_HAL_Driver/Src/stm32h7xx_hal_spi.o
 .debug_abbrev  0x00002eb6      0x276 ./Drivers/STM32H7xx_HAL_Driver/Src/stm32h7xx_hal_tim.o
 .debug_abbrev  0x0000312c      0x296 ./Drivers/STM32H7xx_HAL_Driver/Src/stm32h7xx_hal_tim_ex.o
 .debug_abbrev  0x000033c2      0x33d ./Drivers/STM32H7xx_HAL_Driver/Src/stm32h7xx_hal_uart.o
 .debug_abbrev  0x000036ff      0x2d2 ./Drivers/STM32H7xx_HAL_Driver/Src/stm32h7xx_hal_uart_ex.o

.debug_aranges  0x00000000     0x1bc0
 .debug_aranges
                0x00000000       0x38 ./Core/Src/driver_RGB_LED.o
 .debug_aranges
                0x00000038       0xc8 ./Core/Src/main.o
 .debug_aranges
                0x00000100       0x88 ./Core/Src/stm32h7xx_hal_msp.o
 .debug_aranges
                0x00000188       0x80 ./Core/Src/stm32h7xx_it.o
 .debug_aranges
                0x00000208       0x28 ./Core/Src/system_stm32h7xx.o
 .debug_aranges
                0x00000230       0x28 ./Core/Startup/startup_stm32h723vgtx.o
 .debug_aranges
                0x00000258      0x1c8 ./Drivers/STM32H7xx_HAL_Driver/Src/stm32h7xx_hal.o
 .debug_aranges
                0x00000420      0x260 ./Drivers/STM32H7xx_HAL_Driver/Src/stm32h7xx_hal_adc.o
 .debug_aranges
                0x00000680      0x1f0 ./Drivers/STM32H7xx_HAL_Driver/Src/stm32h7xx_hal_adc_ex.o
 .debug_aranges
                0x00000870      0x130 ./Drivers/STM32H7xx_HAL_Driver/Src/stm32h7xx_hal_cortex.o
 .debug_aranges
                0x000009a0       0xc0 ./Drivers/STM32H7xx_HAL_Driver/Src/stm32h7xx_hal_dac.o
 .debug_aranges
                0x00000a60       0xa8 ./Drivers/STM32H7xx_HAL_Driver/Src/stm32h7xx_hal_dac_ex.o
 .debug_aranges
                0x00000b08       0xa0 ./Drivers/STM32H7xx_HAL_Driver/Src/stm32h7xx_hal_dma.o
 .debug_aranges
                0x00000ba8       0x58 ./Drivers/STM32H7xx_HAL_Driver/Src/stm32h7xx_hal_gpio.o
 .debug_aranges
                0x00000c00      0x2a0 ./Drivers/STM32H7xx_HAL_Driver/Src/stm32h7xx_hal_i2c.o
 .debug_aranges
                0x00000ea0       0x48 ./Drivers/STM32H7xx_HAL_Driver/Src/stm32h7xx_hal_i2c_ex.o
 .debug_aranges
                0x00000ee8      0x148 ./Drivers/STM32H7xx_HAL_Driver/Src/stm32h7xx_hal_pwr_ex.o
 .debug_aranges
                0x00001030       0x88 ./Drivers/STM32H7xx_HAL_Driver/Src/stm32h7xx_hal_rcc.o
 .debug_aranges
                0x000010b8       0xf8 ./Drivers/STM32H7xx_HAL_Driver/Src/stm32h7xx_hal_rcc_ex.o
 .debug_aranges
                0x000011b0      0x1a8 ./Drivers/STM32H7xx_HAL_Driver/Src/stm32h7xx_hal_spi.o
 .debug_aranges
                0x00001358      0x3e0 ./Drivers/STM32H7xx_HAL_Driver/Src/stm32h7xx_hal_tim.o
 .debug_aranges
                0x00001738      0x198 ./Drivers/STM32H7xx_HAL_Driver/Src/stm32h7xx_hal_tim_ex.o
 .debug_aranges
                0x000018d0      0x248 ./Drivers/STM32H7xx_HAL_Driver/Src/stm32h7xx_hal_uart.o
 .debug_aranges
                0x00001b18       0xa8 ./Drivers/STM32H7xx_HAL_Driver/Src/stm32h7xx_hal_uart_ex.o

.debug_rnglists
                0x00000000     0x15ce
 .debug_rnglists
                0x00000000       0x26 ./Core/Src/driver_RGB_LED.o
 .debug_rnglists
                0x00000026       0xa1 ./Core/Src/main.o
 .debug_rnglists
                0x000000c7       0x6b ./Core/Src/stm32h7xx_hal_msp.o
 .debug_rnglists
                0x00000132       0x5b ./Core/Src/stm32h7xx_it.o
 .debug_rnglists
                0x0000018d       0x1b ./Core/Src/system_stm32h7xx.o
 .debug_rnglists
                0x000001a8       0x19 ./Core/Startup/startup_stm32h723vgtx.o
 .debug_rnglists
                0x000001c1      0x155 ./Drivers/STM32H7xx_HAL_Driver/Src/stm32h7xx_hal.o
 .debug_rnglists
                0x00000316      0x1d5 ./Drivers/STM32H7xx_HAL_Driver/Src/stm32h7xx_hal_adc.o
 .debug_rnglists
                0x000004eb      0x182 ./Drivers/STM32H7xx_HAL_Driver/Src/stm32h7xx_hal_adc_ex.o
 .debug_rnglists
                0x0000066d       0xe0 ./Drivers/STM32H7xx_HAL_Driver/Src/stm32h7xx_hal_cortex.o
 .debug_rnglists
                0x0000074d       0x90 ./Drivers/STM32H7xx_HAL_Driver/Src/stm32h7xx_hal_dac.o
 .debug_rnglists
                0x000007dd       0x7e ./Drivers/STM32H7xx_HAL_Driver/Src/stm32h7xx_hal_dac_ex.o
 .debug_rnglists
                0x0000085b       0x82 ./Drivers/STM32H7xx_HAL_Driver/Src/stm32h7xx_hal_dma.o
 .debug_rnglists
                0x000008dd       0x3f ./Drivers/STM32H7xx_HAL_Driver/Src/stm32h7xx_hal_gpio.o
 .debug_rnglists
                0x0000091c      0x22a ./Drivers/STM32H7xx_HAL_Driver/Src/stm32h7xx_hal_i2c.o
 .debug_rnglists
                0x00000b46       0x35 ./Drivers/STM32H7xx_HAL_Driver/Src/stm32h7xx_hal_i2c_ex.o
 .debug_rnglists
                0x00000b7b       0xf5 ./Drivers/STM32H7xx_HAL_Driver/Src/stm32h7xx_hal_pwr_ex.o
 .debug_rnglists
                0x00000c70       0x68 ./Drivers/STM32H7xx_HAL_Driver/Src/stm32h7xx_hal_rcc.o
 .debug_rnglists
                0x00000cd8       0xc0 ./Drivers/STM32H7xx_HAL_Driver/Src/stm32h7xx_hal_rcc_ex.o
 .debug_rnglists
                0x00000d98      0x148 ./Drivers/STM32H7xx_HAL_Driver/Src/stm32h7xx_hal_spi.o
 .debug_rnglists
                0x00000ee0      0x328 ./Drivers/STM32H7xx_HAL_Driver/Src/stm32h7xx_hal_tim.o
 .debug_rnglists
                0x00001208      0x14d ./Drivers/STM32H7xx_HAL_Driver/Src/stm32h7xx_hal_tim_ex.o
 .debug_rnglists
                0x00001355      0x1fa ./Drivers/STM32H7xx_HAL_Driver/Src/stm32h7xx_hal_uart.o
 .debug_rnglists
                0x0000154f       0x7f ./Drivers/STM32H7xx_HAL_Driver/Src/stm32h7xx_hal_uart_ex.o

.debug_macro    0x00000000    0x36d62
 .debug_macro   0x00000000      0x311 ./Core/Src/driver_RGB_LED.o
 .debug_macro   0x00000311      0xacc ./Core/Src/driver_RGB_LED.o
 .debug_macro   0x00000ddd      0x24a ./Core/Src/driver_RGB_LED.o
 .debug_macro   0x00001027       0x2e ./Core/Src/driver_RGB_LED.o
 .debug_macro   0x00001055       0x3b ./Core/Src/driver_RGB_LED.o
 .debug_macro   0x00001090       0x22 ./Core/Src/driver_RGB_LED.o
 .debug_macro   0x000010b2       0x8e ./Core/Src/driver_RGB_LED.o
 .debug_macro   0x00001140       0x51 ./Core/Src/driver_RGB_LED.o
 .debug_macro   0x00001191      0x103 ./Core/Src/driver_RGB_LED.o
 .debug_macro   0x00001294       0x6a ./Core/Src/driver_RGB_LED.o
 .debug_macro   0x000012fe      0x1df ./Core/Src/driver_RGB_LED.o
 .debug_macro   0x000014dd       0x1c ./Core/Src/driver_RGB_LED.o
 .debug_macro   0x000014f9       0x22 ./Core/Src/driver_RGB_LED.o
 .debug_macro   0x0000151b       0xfb ./Core/Src/driver_RGB_LED.o
 .debug_macro   0x00001616     0x1305 ./Core/Src/driver_RGB_LED.o
 .debug_macro   0x0000291b      0x11f ./Core/Src/driver_RGB_LED.o
 .debug_macro   0x00002a3a       0x27 ./Core/Src/driver_RGB_LED.o
 .debug_macro   0x00002a61    0x2127f ./Core/Src/driver_RGB_LED.o
 .debug_macro   0x00023ce0       0x6d ./Core/Src/driver_RGB_LED.o
 .debug_macro   0x00023d4d     0x3d64 ./Core/Src/driver_RGB_LED.o
 .debug_macro   0x00027ab1      0x189 ./Core/Src/driver_RGB_LED.o
 .debug_macro   0x00027c3a       0x61 ./Core/Src/driver_RGB_LED.o
 .debug_macro   0x00027c9b       0x29 ./Core/Src/driver_RGB_LED.o
 .debug_macro   0x00027cc4       0x43 ./Core/Src/driver_RGB_LED.o
 .debug_macro   0x00027d07       0x34 ./Core/Src/driver_RGB_LED.o
 .debug_macro   0x00027d3b       0x16 ./Core/Src/driver_RGB_LED.o
 .debug_macro   0x00027d51       0x43 ./Core/Src/driver_RGB_LED.o
 .debug_macro   0x00027d94       0x34 ./Core/Src/driver_RGB_LED.o
 .debug_macro   0x00027dc8       0x10 ./Core/Src/driver_RGB_LED.o
 .debug_macro   0x00027dd8       0x58 ./Core/Src/driver_RGB_LED.o
 .debug_macro   0x00027e30       0x8e ./Core/Src/driver_RGB_LED.o
 .debug_macro   0x00027ebe       0x1c ./Core/Src/driver_RGB_LED.o
 .debug_macro   0x00027eda      0x177 ./Core/Src/driver_RGB_LED.o
 .debug_macro   0x00028051      0x369 ./Core/Src/driver_RGB_LED.o
 .debug_macro   0x000283ba      0x19b ./Core/Src/driver_RGB_LED.o
 .debug_macro   0x00028555       0x5d ./Core/Src/driver_RGB_LED.o
 .debug_macro   0x000285b2     0x2462 ./Core/Src/driver_RGB_LED.o
 .debug_macro   0x0002aa14     0x1079 ./Core/Src/driver_RGB_LED.o
 .debug_macro   0x0002ba8d      0x154 ./Core/Src/driver_RGB_LED.o
 .debug_macro   0x0002bbe1      0x114 ./Core/Src/driver_RGB_LED.o
 .debug_macro   0x0002bcf5      0x3fc ./Core/Src/driver_RGB_LED.o
 .debug_macro   0x0002c0f1       0xac ./Core/Src/driver_RGB_LED.o
 .debug_macro   0x0002c19d      0x788 ./Core/Src/driver_RGB_LED.o
 .debug_macro   0x0002c925      0x228 ./Core/Src/driver_RGB_LED.o
 .debug_macro   0x0002cb4d       0x66 ./Core/Src/driver_RGB_LED.o
 .debug_macro   0x0002cbb3      0x3a6 ./Core/Src/driver_RGB_LED.o
 .debug_macro   0x0002cf59      0x3f9 ./Core/Src/driver_RGB_LED.o
 .debug_macro   0x0002d352      0x275 ./Core/Src/driver_RGB_LED.o
 .debug_macro   0x0002d5c7     0x1178 ./Core/Src/driver_RGB_LED.o
 .debug_macro   0x0002e73f      0x7c8 ./Core/Src/driver_RGB_LED.o
 .debug_macro   0x0002ef07      0x39f ./Core/Src/driver_RGB_LED.o
 .debug_macro   0x0002f2a6      0x184 ./Core/Src/driver_RGB_LED.o
 .debug_macro   0x0002f42a       0xd9 ./Core/Src/driver_RGB_LED.o
 .debug_macro   0x0002f503      0x3ca ./Core/Src/driver_RGB_LED.o
 .debug_macro   0x0002f8cd      0x45c ./Core/Src/driver_RGB_LED.o
 .debug_macro   0x0002fd29       0x3c ./Core/Src/driver_RGB_LED.o
 .debug_macro   0x0002fd65       0x4a ./Core/Src/driver_RGB_LED.o
 .debug_macro   0x0002fdaf      0x22c ./Core/Src/driver_RGB_LED.o
 .debug_macro   0x0002ffdb       0x67 ./Core/Src/driver_RGB_LED.o
 .debug_macro   0x00030042       0xa5 ./Core/Src/driver_RGB_LED.o
 .debug_macro   0x000300e7      0x1c4 ./Core/Src/driver_RGB_LED.o
 .debug_macro   0x000302ab      0x22a ./Core/Src/driver_RGB_LED.o
 .debug_macro   0x000304d5       0x35 ./Core/Src/driver_RGB_LED.o
 .debug_macro   0x0003050a      0x5e4 ./Core/Src/driver_RGB_LED.o
 .debug_macro   0x00030aee       0xc1 ./Core/Src/driver_RGB_LED.o
 .debug_macro   0x00030baf      0xb24 ./Core/Src/driver_RGB_LED.o
 .debug_macro   0x000316d3      0x29f ./Core/Src/driver_RGB_LED.o
 .debug_macro   0x00031972      0x693 ./Core/Src/driver_RGB_LED.o
 .debug_macro   0x00032005       0xa6 ./Core/Src/driver_RGB_LED.o
 .debug_macro   0x000320ab      0x5e6 ./Core/Src/driver_RGB_LED.o
 .debug_macro   0x00032691      0x12a ./Core/Src/driver_RGB_LED.o
 .debug_macro   0x000327bb       0x2e ./Core/Src/driver_RGB_LED.o
 .debug_macro   0x000327e9      0x369 ./Core/Src/main.o
 .debug_macro   0x00032b52      0x124 ./Core/Src/main.o
 .debug_macro   0x00032c76      0x308 ./Core/Src/stm32h7xx_hal_msp.o
 .debug_macro   0x00032f7e      0x312 ./Core/Src/stm32h7xx_it.o
 .debug_macro   0x00033290      0x2f9 ./Core/Src/system_stm32h7xx.o
 .debug_macro   0x00033589      0x323 ./Drivers/STM32H7xx_HAL_Driver/Src/stm32h7xx_hal.o
 .debug_macro   0x000338ac      0x324 ./Drivers/STM32H7xx_HAL_Driver/Src/stm32h7xx_hal_adc.o
 .debug_macro   0x00033bd0      0x305 ./Drivers/STM32H7xx_HAL_Driver/Src/stm32h7xx_hal_adc_ex.o
 .debug_macro   0x00033ed5      0x2f9 ./Drivers/STM32H7xx_HAL_Driver/Src/stm32h7xx_hal_cortex.o
 .debug_macro   0x000341ce      0x301 ./Drivers/STM32H7xx_HAL_Driver/Src/stm32h7xx_hal_dac.o
 .debug_macro   0x000344cf      0x2ff ./Drivers/STM32H7xx_HAL_Driver/Src/stm32h7xx_hal_dac_ex.o
 .debug_macro   0x000347ce      0x34d ./Drivers/STM32H7xx_HAL_Driver/Src/stm32h7xx_hal_dma.o
 .debug_macro   0x00034b1b      0x300 ./Drivers/STM32H7xx_HAL_Driver/Src/stm32h7xx_hal_gpio.o
 .debug_macro   0x00034e1b      0x3c5 ./Drivers/STM32H7xx_HAL_Driver/Src/stm32h7xx_hal_i2c.o
 .debug_macro   0x000351e0      0x2f9 ./Drivers/STM32H7xx_HAL_Driver/Src/stm32h7xx_hal_i2c_ex.o
 .debug_macro   0x000354d9      0x332 ./Drivers/STM32H7xx_HAL_Driver/Src/stm32h7xx_hal_pwr_ex.o
 .debug_macro   0x0003580b      0x31d ./Drivers/STM32H7xx_HAL_Driver/Src/stm32h7xx_hal_rcc.o
 .debug_macro   0x00035b28      0x317 ./Drivers/STM32H7xx_HAL_Driver/Src/stm32h7xx_hal_rcc_ex.o
 .debug_macro   0x00035e3f      0x301 ./Drivers/STM32H7xx_HAL_Driver/Src/stm32h7xx_hal_spi.o
 .debug_macro   0x00036140      0x2fa ./Drivers/STM32H7xx_HAL_Driver/Src/stm32h7xx_hal_tim.o
 .debug_macro   0x0003643a      0x2ff ./Drivers/STM32H7xx_HAL_Driver/Src/stm32h7xx_hal_tim_ex.o
 .debug_macro   0x00036739      0x324 ./Drivers/STM32H7xx_HAL_Driver/Src/stm32h7xx_hal_uart.o
 .debug_macro   0x00036a5d      0x305 ./Drivers/STM32H7xx_HAL_Driver/Src/stm32h7xx_hal_uart_ex.o

.debug_line     0x00000000    0x26149
 .debug_line    0x00000000      0xa79 ./Core/Src/driver_RGB_LED.o
 .debug_line    0x00000a79     0x117c ./Core/Src/main.o
 .debug_line    0x00001bf5      0xdaf ./Core/Src/stm32h7xx_hal_msp.o
 .debug_line    0x000029a4      0xab0 ./Core/Src/stm32h7xx_it.o
 .debug_line    0x00003454      0xb3e ./Core/Src/system_stm32h7xx.o
 .debug_line    0x00003f92       0x7a ./Core/Startup/startup_stm32h723vgtx.o
 .debug_line    0x0000400c      0xfcf ./Drivers/STM32H7xx_HAL_Driver/Src/stm32h7xx_hal.o
 .debug_line    0x00004fdb     0x288a ./Drivers/STM32H7xx_HAL_Driver/Src/stm32h7xx_hal_adc.o
 .debug_line    0x00007865     0x2360 ./Drivers/STM32H7xx_HAL_Driver/Src/stm32h7xx_hal_adc_ex.o
 .debug_line    0x00009bc5      0xf6d ./Drivers/STM32H7xx_HAL_Driver/Src/stm32h7xx_hal_cortex.o
 .debug_line    0x0000ab32      0xe8e ./Drivers/STM32H7xx_HAL_Driver/Src/stm32h7xx_hal_dac.o
 .debug_line    0x0000b9c0      0xe42 ./Drivers/STM32H7xx_HAL_Driver/Src/stm32h7xx_hal_dac_ex.o
 .debug_line    0x0000c802     0x28a4 ./Drivers/STM32H7xx_HAL_Driver/Src/stm32h7xx_hal_dma.o
 .debug_line    0x0000f0a6      0xe02 ./Drivers/STM32H7xx_HAL_Driver/Src/stm32h7xx_hal_gpio.o
 .debug_line    0x0000fea8     0x3faa ./Drivers/STM32H7xx_HAL_Driver/Src/stm32h7xx_hal_i2c.o
 .debug_line    0x00013e52      0xbab ./Drivers/STM32H7xx_HAL_Driver/Src/stm32h7xx_hal_i2c_ex.o
 .debug_line    0x000149fd      0xfbc ./Drivers/STM32H7xx_HAL_Driver/Src/stm32h7xx_hal_pwr_ex.o
 .debug_line    0x000159b9     0x1465 ./Drivers/STM32H7xx_HAL_Driver/Src/stm32h7xx_hal_rcc.o
 .debug_line    0x00016e1e     0x1d34 ./Drivers/STM32H7xx_HAL_Driver/Src/stm32h7xx_hal_rcc_ex.o
 .debug_line    0x00018b52     0x245e ./Drivers/STM32H7xx_HAL_Driver/Src/stm32h7xx_hal_spi.o
 .debug_line    0x0001afb0     0x4160 ./Drivers/STM32H7xx_HAL_Driver/Src/stm32h7xx_hal_tim.o
 .debug_line    0x0001f110     0x2032 ./Drivers/STM32H7xx_HAL_Driver/Src/stm32h7xx_hal_tim_ex.o
 .debug_line    0x00021142     0x402b ./Drivers/STM32H7xx_HAL_Driver/Src/stm32h7xx_hal_uart.o
 .debug_line    0x0002516d      0xfdc ./Drivers/STM32H7xx_HAL_Driver/Src/stm32h7xx_hal_uart_ex.o

.debug_str      0x00000000   0x16996b
 .debug_str     0x00000000   0x160253 ./Core/Src/driver_RGB_LED.o
                             0x1609a1 (size before relaxing)
 .debug_str     0x00160253     0x21fd ./Core/Src/main.o
                             0x162ddf (size before relaxing)
 .debug_str     0x00162450      0x195 ./Core/Src/stm32h7xx_hal_msp.o
                             0x16231b (size before relaxing)
 .debug_str     0x001625e5      0x147 ./Core/Src/stm32h7xx_it.o
                             0x1608ef (size before relaxing)
 .debug_str     0x0016272c      0x2a4 ./Core/Src/system_stm32h7xx.o
                             0x160120 (size before relaxing)
 .debug_str     0x001629d0       0x44 ./Core/Startup/startup_stm32h723vgtx.o
                                 0xb5 (size before relaxing)
 .debug_str     0x00162a14      0x996 ./Drivers/STM32H7xx_HAL_Driver/Src/stm32h7xx_hal.o
                             0x1611aa (size before relaxing)
 .debug_str     0x001633aa      0xcac ./Drivers/STM32H7xx_HAL_Driver/Src/stm32h7xx_hal_adc.o
                             0x1611b1 (size before relaxing)
 .debug_str     0x00164056      0x7d8 ./Drivers/STM32H7xx_HAL_Driver/Src/stm32h7xx_hal_adc_ex.o
                             0x1610d1 (size before relaxing)
 .debug_str     0x0016482e      0x2b9 ./Drivers/STM32H7xx_HAL_Driver/Src/stm32h7xx_hal_cortex.o
                             0x160ac4 (size before relaxing)
 .debug_str     0x00164ae7      0x21c ./Drivers/STM32H7xx_HAL_Driver/Src/stm32h7xx_hal_dac.o
                             0x16045c (size before relaxing)
 .debug_str     0x00164d03      0x207 ./Drivers/STM32H7xx_HAL_Driver/Src/stm32h7xx_hal_dac_ex.o
                             0x160494 (size before relaxing)
 .debug_str     0x00164f0a      0x883 ./Drivers/STM32H7xx_HAL_Driver/Src/stm32h7xx_hal_dma.o
                             0x1608d5 (size before relaxing)
 .debug_str     0x0016578d       0xec ./Drivers/STM32H7xx_HAL_Driver/Src/stm32h7xx_hal_gpio.o
                             0x16016b (size before relaxing)
 .debug_str     0x00165879      0xdc0 ./Drivers/STM32H7xx_HAL_Driver/Src/stm32h7xx_hal_i2c.o
                             0x161201 (size before relaxing)
 .debug_str     0x00166639       0xb8 ./Drivers/STM32H7xx_HAL_Driver/Src/stm32h7xx_hal_i2c_ex.o
                             0x1605b0 (size before relaxing)
 .debug_str     0x001666f1      0x5d0 ./Drivers/STM32H7xx_HAL_Driver/Src/stm32h7xx_hal_pwr_ex.o
                             0x160573 (size before relaxing)
 .debug_str     0x00166cc1      0x21a ./Drivers/STM32H7xx_HAL_Driver/Src/stm32h7xx_hal_rcc.o
                             0x1604ee (size before relaxing)
 .debug_str     0x00166edb      0x61e ./Drivers/STM32H7xx_HAL_Driver/Src/stm32h7xx_hal_rcc_ex.o
                             0x160a06 (size before relaxing)
 .debug_str     0x001674f9      0x51e ./Drivers/STM32H7xx_HAL_Driver/Src/stm32h7xx_hal_spi.o
                             0x160871 (size before relaxing)
 .debug_str     0x00167a17      0xd23 ./Drivers/STM32H7xx_HAL_Driver/Src/stm32h7xx_hal_tim.o
                             0x1612ec (size before relaxing)
 .debug_str     0x0016873a      0x5f6 ./Drivers/STM32H7xx_HAL_Driver/Src/stm32h7xx_hal_tim_ex.o
                             0x160c99 (size before relaxing)
 .debug_str     0x00168d30      0x9d5 ./Drivers/STM32H7xx_HAL_Driver/Src/stm32h7xx_hal_uart.o
                             0x16108e (size before relaxing)
 .debug_str     0x00169705      0x266 ./Drivers/STM32H7xx_HAL_Driver/Src/stm32h7xx_hal_uart_ex.o
                             0x16064e (size before relaxing)

.comment        0x00000000       0x43
 .comment       0x00000000       0x43 ./Core/Src/driver_RGB_LED.o
                                 0x44 (size before relaxing)
 .comment       0x00000043       0x44 ./Core/Src/main.o
 .comment       0x00000043       0x44 ./Core/Src/stm32h7xx_hal_msp.o
 .comment       0x00000043       0x44 ./Core/Src/stm32h7xx_it.o
 .comment       0x00000043       0x44 ./Core/Src/system_stm32h7xx.o
 .comment       0x00000043       0x44 ./Drivers/STM32H7xx_HAL_Driver/Src/stm32h7xx_hal.o
 .comment       0x00000043       0x44 ./Drivers/STM32H7xx_HAL_Driver/Src/stm32h7xx_hal_adc.o
 .comment       0x00000043       0x44 ./Drivers/STM32H7xx_HAL_Driver/Src/stm32h7xx_hal_adc_ex.o
 .comment       0x00000043       0x44 ./Drivers/STM32H7xx_HAL_Driver/Src/stm32h7xx_hal_cortex.o
 .comment       0x00000043       0x44 ./Drivers/STM32H7xx_HAL_Driver/Src/stm32h7xx_hal_dac.o
 .comment       0x00000043       0x44 ./Drivers/STM32H7xx_HAL_Driver/Src/stm32h7xx_hal_dac_ex.o
 .comment       0x00000043       0x44 ./Drivers/STM32H7xx_HAL_Driver/Src/stm32h7xx_hal_dma.o
 .comment       0x00000043       0x44 ./Drivers/STM32H7xx_HAL_Driver/Src/stm32h7xx_hal_gpio.o
 .comment       0x00000043       0x44 ./Drivers/STM32H7xx_HAL_Driver/Src/stm32h7xx_hal_i2c.o
 .comment       0x00000043       0x44 ./Drivers/STM32H7xx_HAL_Driver/Src/stm32h7xx_hal_i2c_ex.o
 .comment       0x00000043       0x44 ./Drivers/STM32H7xx_HAL_Driver/Src/stm32h7xx_hal_pwr_ex.o
 .comment       0x00000043       0x44 ./Drivers/STM32H7xx_HAL_Driver/Src/stm32h7xx_hal_rcc.o
 .comment       0x00000043       0x44 ./Drivers/STM32H7xx_HAL_Driver/Src/stm32h7xx_hal_rcc_ex.o
 .comment       0x00000043       0x44 ./Drivers/STM32H7xx_HAL_Driver/Src/stm32h7xx_hal_spi.o
 .comment       0x00000043       0x44 ./Drivers/STM32H7xx_HAL_Driver/Src/stm32h7xx_hal_tim.o
 .comment       0x00000043       0x44 ./Drivers/STM32H7xx_HAL_Driver/Src/stm32h7xx_hal_tim_ex.o
 .comment       0x00000043       0x44 ./Drivers/STM32H7xx_HAL_Driver/Src/stm32h7xx_hal_uart.o
 .comment       0x00000043       0x44 ./Drivers/STM32H7xx_HAL_Driver/Src/stm32h7xx_hal_uart_ex.o

.debug_frame    0x00000000     0x7b28
 .debug_frame   0x00000000       0xa4 ./Core/Src/driver_RGB_LED.o
 .debug_frame   0x000000a4      0x2f8 ./Core/Src/main.o
 .debug_frame   0x0000039c      0x218 ./Core/Src/stm32h7xx_hal_msp.o
 .debug_frame   0x000005b4      0x174 ./Core/Src/stm32h7xx_it.o
 .debug_frame   0x00000728       0x58 ./Core/Src/system_stm32h7xx.o
 .debug_frame   0x00000780      0x760 ./Drivers/STM32H7xx_HAL_Driver/Src/stm32h7xx_hal.o
 .debug_frame   0x00000ee0      0xb40 ./Drivers/STM32H7xx_HAL_Driver/Src/stm32h7xx_hal_adc.o
 .debug_frame   0x00001a20      0x904 ./Drivers/STM32H7xx_HAL_Driver/Src/stm32h7xx_hal_adc_ex.o
 .debug_frame   0x00002324      0x508 ./Drivers/STM32H7xx_HAL_Driver/Src/stm32h7xx_hal_cortex.o
 .debug_frame   0x0000282c      0x338 ./Drivers/STM32H7xx_HAL_Driver/Src/stm32h7xx_hal_dac.o
 .debug_frame   0x00002b64      0x2cc ./Drivers/STM32H7xx_HAL_Driver/Src/stm32h7xx_hal_dac_ex.o
 .debug_frame   0x00002e30      0x2b4 ./Drivers/STM32H7xx_HAL_Driver/Src/stm32h7xx_hal_dma.o
 .debug_frame   0x000030e4      0x14c ./Drivers/STM32H7xx_HAL_Driver/Src/stm32h7xx_hal_gpio.o
 .debug_frame   0x00003230      0xc40 ./Drivers/STM32H7xx_HAL_Driver/Src/stm32h7xx_hal_i2c.o
 .debug_frame   0x00003e70      0x100 ./Drivers/STM32H7xx_HAL_Driver/Src/stm32h7xx_hal_i2c_ex.o
 .debug_frame   0x00003f70      0x540 ./Drivers/STM32H7xx_HAL_Driver/Src/stm32h7xx_hal_pwr_ex.o
 .debug_frame   0x000044b0      0x1fc ./Drivers/STM32H7xx_HAL_Driver/Src/stm32h7xx_hal_rcc.o
 .debug_frame   0x000046ac      0x414 ./Drivers/STM32H7xx_HAL_Driver/Src/stm32h7xx_hal_rcc_ex.o
 .debug_frame   0x00004ac0      0x7a8 ./Drivers/STM32H7xx_HAL_Driver/Src/stm32h7xx_hal_spi.o
 .debug_frame   0x00005268     0x121c ./Drivers/STM32H7xx_HAL_Driver/Src/stm32h7xx_hal_tim.o
 .debug_frame   0x00006484      0x724 ./Drivers/STM32H7xx_HAL_Driver/Src/stm32h7xx_hal_tim_ex.o
 .debug_frame   0x00006ba8      0xa94 ./Drivers/STM32H7xx_HAL_Driver/Src/stm32h7xx_hal_uart.o
 .debug_frame   0x0000763c      0x2c0 ./Drivers/STM32H7xx_HAL_Driver/Src/stm32h7xx_hal_uart_ex.o
 .debug_frame   0x000078fc       0x20 C:/ST/STM32CubeIDE_1.14.0/STM32CubeIDE/plugins/com.st.stm32cube.ide.mcu.externaltools.gnu-tools-for-stm32.12.3.rel1.win32_1.0.200.202406191623/tools/bin/../lib/gcc/arm-none-eabi/12.3.1/../../../../arm-none-eabi/lib/thumb/v7e-m+dp/hard\libc_nano.a(libc_a-memset.o)
 .debug_frame   0x0000791c       0x2c C:/ST/STM32CubeIDE_1.14.0/STM32CubeIDE/plugins/com.st.stm32cube.ide.mcu.externaltools.gnu-tools-for-stm32.12.3.rel1.win32_1.0.200.202406191623/tools/bin/../lib/gcc/arm-none-eabi/12.3.1/../../../../arm-none-eabi/lib/thumb/v7e-m+dp/hard\libc_nano.a(libc_a-init.o)