Archive member included to satisfy reference by file (symbol)

C:/ST/STM32CubeIDE_1.15.1/STM32CubeIDE/plugins/com.st.stm32cube.ide.mcu.externaltools.gnu-tools-for-stm32.12.3.rel1.win32_1.0.200.202406191623/tools/bin/../lib/gcc/arm-none-eabi/12.3.1/../../../../arm-none-eabi/lib/thumb/v7e-m+dp/hard\libc_nano.a(libc_a-atof.o)
                              ./Core/Src/vibecheck_shell.o (atof)
C:/ST/STM32CubeIDE_1.15.1/STM32CubeIDE/plugins/com.st.stm32cube.ide.mcu.externaltools.gnu-tools-for-stm32.12.3.rel1.win32_1.0.200.202406191623/tools/bin/../lib/gcc/arm-none-eabi/12.3.1/../../../../arm-none-eabi/lib/thumb/v7e-m+dp/hard\libc_nano.a(libc_a-atoi.o)
                              ./Core/Src/vibecheck_shell.o (atoi)
C:/ST/STM32CubeIDE_1.15.1/STM32CubeIDE/plugins/com.st.stm32cube.ide.mcu.externaltools.gnu-tools-for-stm32.12.3.rel1.win32_1.0.200.202406191623/tools/bin/../lib/gcc/arm-none-eabi/12.3.1/../../../../arm-none-eabi/lib/thumb/v7e-m+dp/hard\libc_nano.a(libc_a-exit.o)
                              C:/ST/STM32CubeIDE_1.15.1/STM32CubeIDE/plugins/com.st.stm32cube.ide.mcu.externaltools.gnu-tools-for-stm32.12.3.rel1.win32_1.0.200.202406191623/tools/bin/../lib/gcc/arm-none-eabi/12.3.1/../../../../arm-none-eabi/lib/thumb/v7e-m+dp/hard/crt0.o (exit)
C:/ST/STM32CubeIDE_1.15.1/STM32CubeIDE/plugins/com.st.stm32cube.ide.mcu.externaltools.gnu-tools-for-stm32.12.3.rel1.win32_1.0.200.202406191623/tools/bin/../lib/gcc/arm-none-eabi/12.3.1/../../../../arm-none-eabi/lib/thumb/v7e-m+dp/hard\libc_nano.a(libc_a-strtod.o)
                              C:/ST/STM32CubeIDE_1.15.1/STM32CubeIDE/plugins/com.st.stm32cube.ide.mcu.externaltools.gnu-tools-for-stm32.12.3.rel1.win32_1.0.200.202406191623/tools/bin/../lib/gcc/arm-none-eabi/12.3.1/../../../../arm-none-eabi/lib/thumb/v7e-m+dp/hard\libc_nano.a(libc_a-atof.o) (strtod)
C:/ST/STM32CubeIDE_1.15.1/STM32CubeIDE/plugins/com.st.stm32cube.ide.mcu.externaltools.gnu-tools-for-stm32.12.3.rel1.win32_1.0.200.202406191623/tools/bin/../lib/gcc/arm-none-eabi/12.3.1/../../../../arm-none-eabi/lib/thumb/v7e-m+dp/hard\libc_nano.a(libc_a-strtol.o)
                              C:/ST/STM32CubeIDE_1.15.1/STM32CubeIDE/plugins/com.st.stm32cube.ide.mcu.externaltools.gnu-tools-for-stm32.12.3.rel1.win32_1.0.200.202406191623/tools/bin/../lib/gcc/arm-none-eabi/12.3.1/../../../../arm-none-eabi/lib/thumb/v7e-m+dp/hard\libc_nano.a(libc_a-atoi.o) (_strtol_r)
C:/ST/STM32CubeIDE_1.15.1/STM32CubeIDE/plugins/com.st.stm32cube.ide.mcu.externaltools.gnu-tools-for-stm32.12.3.rel1.win32_1.0.200.202406191623/tools/bin/../lib/gcc/arm-none-eabi/12.3.1/../../../../arm-none-eabi/lib/thumb/v7e-m+dp/hard\libc_nano.a(libc_a-ctype_.o)
                              ./Core/Src/vibecheck_shell.o (_ctype_)
C:/ST/STM32CubeIDE_1.15.1/STM32CubeIDE/plugins/com.st.stm32cube.ide.mcu.externaltools.gnu-tools-for-stm32.12.3.rel1.win32_1.0.200.202406191623/tools/bin/../lib/gcc/arm-none-eabi/12.3.1/../../../../arm-none-eabi/lib/thumb/v7e-m+dp/hard\libc_nano.a(libc_a-nano-vfprintf_float.o)
                              (_printf_float)
C:/ST/STM32CubeIDE_1.15.1/STM32CubeIDE/plugins/com.st.stm32cube.ide.mcu.externaltools.gnu-tools-for-stm32.12.3.rel1.win32_1.0.200.202406191623/tools/bin/../lib/gcc/arm-none-eabi/12.3.1/../../../../arm-none-eabi/lib/thumb/v7e-m+dp/hard\libc_nano.a(libc_a-nano-vfprintf_i.o)
                              C:/ST/STM32CubeIDE_1.15.1/STM32CubeIDE/plugins/com.st.stm32cube.ide.mcu.externaltools.gnu-tools-for-stm32.12.3.rel1.win32_1.0.200.202406191623/tools/bin/../lib/gcc/arm-none-eabi/12.3.1/../../../../arm-none-eabi/lib/thumb/v7e-m+dp/hard\libc_nano.a(libc_a-nano-vfprintf_float.o) (_printf_common)
C:/ST/STM32CubeIDE_1.15.1/STM32CubeIDE/plugins/com.st.stm32cube.ide.mcu.externaltools.gnu-tools-for-stm32.12.3.rel1.win32_1.0.200.202406191623/tools/bin/../lib/gcc/arm-none-eabi/12.3.1/../../../../arm-none-eabi/lib/thumb/v7e-m+dp/hard\libc_nano.a(libc_a-findfp.o)
                              C:/ST/STM32CubeIDE_1.15.1/STM32CubeIDE/plugins/com.st.stm32cube.ide.mcu.externaltools.gnu-tools-for-stm32.12.3.rel1.win32_1.0.200.202406191623/tools/bin/../lib/gcc/arm-none-eabi/12.3.1/../../../../arm-none-eabi/lib/thumb/v7e-m+dp/hard\libc_nano.a(libc_a-exit.o) (__stdio_exit_handler)
C:/ST/STM32CubeIDE_1.15.1/STM32CubeIDE/plugins/com.st.stm32cube.ide.mcu.externaltools.gnu-tools-for-stm32.12.3.rel1.win32_1.0.200.202406191623/tools/bin/../lib/gcc/arm-none-eabi/12.3.1/../../../../arm-none-eabi/lib/thumb/v7e-m+dp/hard\libc_nano.a(libc_a-fwalk.o)
                              C:/ST/STM32CubeIDE_1.15.1/STM32CubeIDE/plugins/com.st.stm32cube.ide.mcu.externaltools.gnu-tools-for-stm32.12.3.rel1.win32_1.0.200.202406191623/tools/bin/../lib/gcc/arm-none-eabi/12.3.1/../../../../arm-none-eabi/lib/thumb/v7e-m+dp/hard\libc_nano.a(libc_a-findfp.o) (_fwalk_sglue)
[...]
Memory Configuration

Name             Origin             Length             Attributes
ITCMRAM          0x00000000         0x00010000         xrw
DTCMRAM          0x20000000         0x00020000         xrw
FLASH            0x08000000         0x00100000         xr
RAM_D1           0x24000000         0x00050000         xrw
RAM_D2           0x30000000         0x00008000         xrw
RAM_D3           0x38000000         0x00004000         xrw
*default*        0x00000000         0xffffffff

Linker script and memory map

LOAD C:/ST/STM32CubeIDE_1.15.1/STM32CubeIDE/plugins/com.st.stm32cube.ide.mcu.externaltools.gnu-tools-for-stm32.12.3.rel1.win32_1.0.200.202406191623/tools/bin/../lib/gcc/arm-none-eabi/12.3.1/thumb/v7e-m+dp/hard/crti.o
LOAD C:/ST/STM32CubeIDE_1.15.1/STM32CubeIDE/plugins/com.st.stm32cube.ide.mcu.externaltools.gnu-tools-for-stm32.12.3.rel1.win32_1.0.200.202406191623/tools/bin/../lib/gcc/arm-none-eabi/12.3.1/thumb/v7e-m+dp/hard/crtbegin.o
LOAD C:/ST/STM32CubeIDE_1.15.1/STM32CubeIDE/plugins/com.st.stm32cube.ide.mcu.externaltools.gnu-tools-for-stm32.12.3.rel1.win32_1.0.200.202406191623/tools/bin/../lib/gcc/arm-none-eabi/12.3.1/../../../../arm-none-eabi/lib/thumb/v7e-m+dp/hard/crt0.o
LOAD ./Core/Src/LSM6DS3.o
LOAD ./Core/Src/fast_spi.o
LOAD ./Core/Src/main.o
LOAD ./Core/Src/sequencer.o
LOAD ./Core/Src/stm32h7xx_hal_msp.o
LOAD ./Core/Src/stm32h7xx_it.o
LOAD ./Core/Src/syscalls.o
LOAD ./Core/Src/sysmem.o
LOAD ./Core/Src/system_stm32h7xx.o
LOAD ./Core/Src/util.o
LOAD ./Core/Src/vibecheck.o
LOAD ./Core/Src/vibecheck_rgb.o
LOAD ./Core/Src/vibecheck_rgb_handler.o
LOAD ./Core/Src/vibecheck_sensor.o
LOAD ./Core/Src/vibecheck_sensor_handler.o
LOAD ./Core/Src/vibecheck_shell.o
LOAD ./Core/Src/vibecheck_strobe.o
LOAD ./Core/Src/vibecheck_strobe_handler.o
LOAD ./Core/Src/vibecheck_wavegen.o
LOAD ./Core/Src/vibecheck_wavegen_handler.o
LOAD ./Core/Startup/startup_stm32h723vgtx.o
LOAD ./Drivers/STM32H7xx_HAL_Driver/Src/stm32h7xx_hal.o
LOAD ./Drivers/STM32H7xx_HAL_Driver/Src/stm32h7xx_hal_adc.o
LOAD ./Drivers/STM32H7xx_HAL_Driver/Src/stm32h7xx_hal_adc_ex.o
LOAD ./Drivers/STM32H7xx_HAL_Driver/Src/stm32h7xx_hal_cortex.o
LOAD ./Drivers/STM32H7xx_HAL_Driver/Src/stm32h7xx_hal_dac.o
LOAD ./Drivers/STM32H7xx_HAL_Driver/Src/stm32h7xx_hal_dac_ex.o
LOAD ./Drivers/STM32H7xx_HAL_Driver/Src/stm32h7xx_hal_dma.o
LOAD ./Drivers/STM32H7xx_HAL_Driver/Src/stm32h7xx_hal_dma_ex.o
LOAD ./Drivers/STM32H7xx_HAL_Driver/Src/stm32h7xx_hal_exti.o
LOAD ./Drivers/STM32H7xx_HAL_Driver/Src/stm32h7xx_hal_flash.o
LOAD ./Drivers/STM32H7xx_HAL_Driver/Src/stm32h7xx_hal_flash_ex.o
LOAD ./Drivers/STM32H7xx_HAL_Driver/Src/stm32h7xx_hal_gpio.o
LOAD ./Drivers/STM32H7xx_HAL_Driver/Src/stm32h7xx_hal_hsem.o
LOAD ./Drivers/STM32H7xx_HAL_Driver/Src/stm32h7xx_hal_i2c.o
LOAD ./Drivers/STM32H7xx_HAL_Driver/Src/stm32h7xx_hal_i2c_ex.o
LOAD ./Drivers/STM32H7xx_HAL_Driver/Src/stm32h7xx_hal_mdma.o
LOAD ./Drivers/STM32H7xx_HAL_Driver/Src/stm32h7xx_hal_pcd.o
LOAD ./Drivers/STM32H7xx_HAL_Driver/Src/stm32h7xx_hal_pcd_ex.o
LOAD ./Drivers/STM32H7xx_HAL_Driver/Src/stm32h7xx_hal_pwr.o
LOAD ./Drivers/STM32H7xx_HAL_Driver/Src/stm32h7xx_hal_pwr_ex.o
LOAD ./Drivers/STM32H7xx_HAL_Driver/Src/stm32h7xx_hal_rcc.o
LOAD ./Drivers/STM32H7xx_HAL_Driver/Src/stm32h7xx_hal_rcc_ex.o
LOAD ./Drivers/STM32H7xx_HAL_Driver/Src/stm32h7xx_hal_spi.o
LOAD ./Drivers/STM32H7xx_HAL_Driver/Src/stm32h7xx_hal_spi_ex.o
LOAD ./Drivers/STM32H7xx_HAL_Driver/Src/stm32h7xx_hal_tim.o
LOAD ./Drivers/STM32H7xx_HAL_Driver/Src/stm32h7xx_hal_tim_ex.o
LOAD ./Drivers/STM32H7xx_HAL_Driver/Src/stm32h7xx_hal_uart.o
LOAD ./Drivers/STM32H7xx_HAL_Driver/Src/stm32h7xx_hal_uart_ex.o
LOAD ./Drivers/STM32H7xx_HAL_Driver/Src/stm32h7xx_ll_usb.o
LOAD ./Middlewares/ST/STM32_USB_Device_Library/Class/CDC/Src/usbd_cdc.o
LOAD ./Middlewares/ST/STM32_USB_Device_Library/Core/Src/usbd_core.o
LOAD ./Middlewares/ST/STM32_USB_Device_Library/Core/Src/usbd_ctlreq.o
LOAD ./Middlewares/ST/STM32_USB_Device_Library/Core/Src/usbd_ioreq.o
LOAD ./USB_DEVICE/App/usb_device.o
LOAD ./USB_DEVICE/App/usbd_cdc_if.o
LOAD ./USB_DEVICE/App/usbd_desc.o
LOAD ./USB_DEVICE/Target/usbd_conf.o
START GROUP
LOAD C:/ST/STM32CubeIDE_1.15.1/STM32CubeIDE/plugins/com.st.stm32cube.ide.mcu.externaltools.gnu-tools-for-stm32.12.3.rel1.win32_1.0.200.202406191623/tools/bin/../lib/gcc/arm-none-eabi/12.3.1/../../../../arm-none-eabi/lib/thumb/v7e-m+dp/hard\libc_nano.a
LOAD C:/ST/STM32CubeIDE_1.15.1/STM32CubeIDE/plugins/com.st.stm32cube.ide.mcu.externaltools.gnu-tools-for-stm32.12.3.rel1.win32_1.0.200.202406191623/tools/bin/../lib/gcc/arm-none-eabi/12.3.1/../../../../arm-none-eabi/lib/thumb/v7e-m+dp/hard\libm.a
END GROUP
START GROUP
LOAD C:/ST/STM32CubeIDE_1.15.1/STM32CubeIDE/plugins/com.st.stm32cube.ide.mcu.externaltools.gnu-tools-for-stm32.12.3.rel1.win32_1.0.200.202406191623/tools/bin/../lib/gcc/arm-none-eabi/12.3.1/thumb/v7e-m+dp/hard\libgcc.a
LOAD C:/ST/STM32CubeIDE_1.15.1/STM32CubeIDE/plugins/com.st.stm32cube.ide.mcu.externaltools.gnu-tools-for-stm32.12.3.rel1.win32_1.0.200.202406191623/tools/bin/../lib/gcc/arm-none-eabi/12.3.1/../../../../arm-none-eabi/lib/thumb/v7e-m+dp/hard\libc_nano.a
END GROUP
START GROUP
LOAD C:/ST/STM32CubeIDE_1.15.1/STM32CubeIDE/plugins/com.st.stm32cube.ide.mcu.externaltools.gnu-tools-for-stm32.12.3.rel1.win32_1.0.200.202406191623/tools/bin/../lib/gcc/arm-none-eabi/12.3.1/thumb/v7e-m+dp/hard\libgcc.a
LOAD C:/ST/STM32CubeIDE_1.15.1/STM32CubeIDE/plugins/com.st.stm32cube.ide.mcu.externaltools.gnu-tools-for-stm32.12.3.rel1.win32_1.0.200.202406191623/tools/bin/../lib/gcc/arm-none-eabi/12.3.1/../../../../arm-none-eabi/lib/thumb/v7e-m+dp/hard\libc_nano.a
LOAD C:/ST/STM32CubeIDE_1.15.1/STM32CubeIDE/plugins/com.st.stm32cube.ide.mcu.externaltools.gnu-tools-for-stm32.12.3.rel1.win32_1.0.200.202406191623/tools/bin/../lib/gcc/arm-none-eabi/12.3.1/../../../../arm-none-eabi/lib/thumb/v7e-m+dp/hard\libnosys.a
END GROUP
START GROUP
LOAD C:/ST/STM32CubeIDE_1.15.1/STM32CubeIDE/plugins/com.st.stm32cube.ide.mcu.externaltools.gnu-tools-for-stm32.12.3.rel1.win32_1.0.200.202406191623/tools/bin/../lib/gcc/arm-none-eabi/12.3.1/thumb/v7e-m+dp/hard\libgcc.a
LOAD C:/ST/STM32CubeIDE_1.15.1/STM32CubeIDE/plugins/com.st.stm32cube.ide.mcu.externaltools.gnu-tools-for-stm32.12.3.rel1.win32_1.0.200.202406191623/tools/bin/../lib/gcc/arm-none-eabi/12.3.1/../../../../arm-none-eabi/lib/thumb/v7e-m+dp/hard\libc_nano.a
LOAD C:/ST/STM32CubeIDE_1.15.1/STM32CubeIDE/plugins/com.st.stm32cube.ide.mcu.externaltools.gnu-tools-for-stm32.12.3.rel1.win32_1.0.200.202406191623/tools/bin/../lib/gcc/arm-none-eabi/12.3.1/../../../../arm-none-eabi/lib/thumb/v7e-m+dp/hard\libnosys.a
END GROUP
LOAD C:/ST/STM32CubeIDE_1.15.1/STM32CubeIDE/plugins/com.st.stm32cube.ide.mcu.externaltools.gnu-tools-for-stm32.12.3.rel1.win32_1.0.200.202406191623/tools/bin/../lib/gcc/arm-none-eabi/12.3.1/thumb/v7e-m+dp/hard/crtend.o
LOAD C:/ST/STM32CubeIDE_1.15.1/STM32CubeIDE/plugins/com.st.stm32cube.ide.mcu.externaltools.gnu-tools-for-stm32.12.3.rel1.win32_1.0.200.202406191623/tools/bin/../lib/gcc/arm-none-eabi/12.3.1/thumb/v7e-m+dp/hard/crtn.o
                0x24050000                        _estack = (ORIGIN (RAM_D1) + LENGTH (RAM_D1))
                0x00000400                        _Min_Heap_Size = 0x400
                0x00000800                        _Min_Stack_Size = 0x800

.isr_vector     0x08000000      0x2cc
                0x08000000                        . = ALIGN (0x4)
 *(.isr_vector)
 .isr_vector    0x08000000      0x2cc ./Core/Startup/startup_stm32h723vgtx.o
                0x08000000                g_pfnVectors
                0x080002cc                        . = ALIGN (0x4)

.text           0x080002d0    0x10f70
                0x080002d0                        . = ALIGN (0x4)
 *(.text)
 .text          0x080002d0       0x40 C:/ST/STM32CubeIDE_1.15.1/STM32CubeIDE/plugins/com.st.stm32cube.ide.mcu.externaltools.gnu-tools-for-stm32.12.3.rel1.win32_1.0.200.202406191623/tools/bin/../lib/gcc/arm-none-eabi/12.3.1/thumb/v7e-m+dp/hard/crtbegin.o
 .text          0x08000310       0x14 C:/ST/STM32CubeIDE_1.15.1/STM32CubeIDE/plugins/com.st.stm32cube.ide.mcu.externaltools.gnu-tools-for-stm32.12.3.rel1.win32_1.0.200.202406191623/tools/bin/../lib/gcc/arm-none-eabi/12.3.1/../../../../arm-none-eabi/lib/thumb/v7e-m+dp/hard\libc_nano.a(libc_a-strcmp.o)
                0x08000310                strcmp
 *fill*         0x08000324        0xc 
 .text          0x08000330       0xa0 C:/ST/STM32CubeIDE_1.15.1/STM32CubeIDE/plugins/com.st.stm32cube.ide.mcu.externaltools.gnu-tools-for-stm32.12.3.rel1.win32_1.0.200.202406191623/tools/bin/../lib/gcc/arm-none-eabi/12.3.1/../../../../arm-none-eabi/lib/thumb/v7e-m+dp/hard\libc_nano.a(libc_a-memchr.o)
                0x08000330                memchr
 .text          0x080003d0       0x10 C:/ST/STM32CubeIDE_1.15.1/STM32CubeIDE/plugins/com.st.stm32cube.ide.mcu.externaltools.gnu-tools-for-stm32.12.3.rel1.win32_1.0.200.202406191623/tools/bin/../lib/gcc/arm-none-eabi/12.3.1/../../../../arm-none-eabi/lib/thumb/v7e-m+dp/hard\libc_nano.a(libc_a-strlen.o)
                0x080003d0                strlen
 .text          0x080003e0      0x378 C:/ST/STM32CubeIDE_1.15.1/STM32CubeIDE/plugins/com.st.stm32cube.ide.mcu.externaltools.gnu-tools-for-stm32.12.3.rel1.win32_1.0.200.202406191623/tools/bin/../lib/gcc/arm-none-eabi/12.3.1/thumb/v7e-m+dp/hard\libgcc.a(_arm_addsubdf3.o)
                0x080003e0                __aeabi_drsub
                0x080003e8                __aeabi_dsub
                0x080003e8                __subdf3
                0x080003ec                __aeabi_dadd
                0x080003ec                __adddf3
                0x08000664                __floatunsidf
                0x08000664                __aeabi_ui2d
                0x08000684                __floatsidf
                0x08000684                __aeabi_i2d
                0x080006a8                __aeabi_f2d
                0x080006a8                __extendsfdf2
                0x080006ec                __floatundidf
                0x080006ec                __aeabi_ul2d
                0x080006fc                __floatdidf
                0x080006fc                __aeabi_l2d
 .text          0x08000758       0x30 C:/ST/STM32CubeIDE_1.15.1/STM32CubeIDE/plugins/com.st.stm32cube.ide.mcu.externaltools.gnu-tools-for-stm32.12.3.rel1.win32_1.0.200.202406191623/tools/bin/../lib/gcc/arm-none-eabi/12.3.1/thumb/v7e-m+dp/hard\libgcc.a(_aeabi_uldivmod.o)
                0x08000758                __aeabi_uldivmod
 .text          0x08000788       0x30 C:/ST/STM32CubeIDE_1.15.1/STM32CubeIDE/plugins/com.st.stm32cube.ide.mcu.externaltools.gnu-tools-for-stm32.12.3.rel1.win32_1.0.200.202406191623/tools/bin/../lib/gcc/arm-none-eabi/12.3.1/thumb/v7e-m+dp/hard\libgcc.a(_fixdfdi.o)
                0x08000788                __fixdfdi
                0x08000788                __aeabi_d2lz
 .text          0x080007b8       0x40 C:/ST/STM32CubeIDE_1.15.1/STM32CubeIDE/plugins/com.st.stm32cube.ide.mcu.externaltools.gnu-tools-for-stm32.12.3.rel1.win32_1.0.200.202406191623/tools/bin/../lib/gcc/arm-none-eabi/12.3.1/thumb/v7e-m+dp/hard\libgcc.a(_fixunsdfdi.o)
                0x080007b8                __fixunsdfdi
                0x080007b8                __aeabi_d2ulz
 .text          0x080007f8      0x2bc C:/ST/STM32CubeIDE_1.15.1/STM32CubeIDE/plugins/com.st.stm32cube.ide.mcu.externaltools.gnu-tools-for-stm32.12.3.rel1.win32_1.0.200.202406191623/tools/bin/../lib/gcc/arm-none-eabi/12.3.1/thumb/v7e-m+dp/hard\libgcc.a(_udivmoddi4.o)
                0x080007f8                __udivmoddi4
 .text          0x08000ab4        0x4 C:/ST/STM32CubeIDE_1.15.1/STM32CubeIDE/plugins/com.st.stm32cube.ide.mcu.externaltools.gnu-tools-for-stm32.12.3.rel1.win32_1.0.200.202406191623/tools/bin/../lib/gcc/arm-none-eabi/12.3.1/thumb/v7e-m+dp/hard\libgcc.a(_dvmd_tls.o)
                0x08000ab4                __aeabi_idiv0
                0x08000ab4                __aeabi_ldiv0
 *(.text*)
 .text.LSM6DS3_Init
                0x08000ab8       0x30 ./Core/Src/LSM6DS3.o
                0x08000ab8                LSM6DS3_Init
 .text.LSM6DS3_ReadAccel
                0x08000ae8       0xa4 ./Core/Src/LSM6DS3.o
                0x08000ae8                LSM6DS3_ReadAccel
 .text.LSM6DS3_ReadGyro
                0x08000b8c       0xa8 ./Core/Src/LSM6DS3.o
                0x08000b8c                LSM6DS3_ReadGyro
 .text.LSM6DS3_ReadRegister
                0x08000c34       0x46 ./Core/Src/LSM6DS3.o
                0x08000c34                LSM6DS3_ReadRegister
 .text.LSM6DS3_TestCommunication
                0x08000c7a       0x24 ./Core/Src/LSM6DS3.o
                0x08000c7a                LSM6DS3_TestCommunication
 .text.LSM6DS3_WriteRegister
                0x08000c9e       0x34 ./Core/Src/LSM6DS3.o
                0x08000c9e                LSM6DS3_WriteRegister
 .text.LSM6DS3_WriteOffsets
                0x08000cd2       0x62 ./Core/Src/LSM6DS3.o
                0x08000cd2                LSM6DS3_WriteOffsets
 .text.LSM6DS3_StartAccel
                0x08000d34       0x94 ./Core/Src/LSM6DS3.o
                0x08000d34                LSM6DS3_StartAccel
 .text.LSM6DS3_StartGyro
                0x08000dc8       0xae ./Core/Src/LSM6DS3.o
                0x08000dc8                LSM6DS3_StartGyro
 .text.LSM6DS3_StopAccel
                0x08000e76        0x8 ./Core/Src/LSM6DS3.o
                0x08000e76                LSM6DS3_StopAccel
 .text.LSM6DS3_StopGyro
                0x08000e7e        0x8 ./Core/Src/LSM6DS3.o
                0x08000e7e                LSM6DS3_StopGyro
 .text.LSM6DS3_Configure
                0x08000e86       0x86 ./Core/Src/LSM6DS3.o
                0x08000e86                LSM6DS3_Configure
 .text.SPI_TxRx_Fast
                0x08000f0c       0x6c ./Core/Src/fast_spi.o
                0x08000f0c                SPI_TxRx_Fast
 .text.HAL_TIM_PeriodElapsedCallback
                0x08000f78        0xc ./Core/Src/main.o
                0x08000f78                HAL_TIM_PeriodElapsedCallback
 .text.HAL_DAC_ConvHalfCpltCallbackCh1
                0x08000f84        0xc ./Core/Src/main.o
                0x08000f84                HAL_DAC_ConvHalfCpltCallbackCh1
 .text.HAL_DAC_ConvCpltCallbackCh1
                0x08000f90        0xc ./Core/Src/main.o
                0x08000f90                HAL_DAC_ConvCpltCallbackCh1
 .text.HAL_GPIO_EXTI_Callback
                0x08000f9c        0xc ./Core/Src/main.o
                0x08000f9c                HAL_GPIO_EXTI_Callback
 .text.SystemClock_Config
                0x08000fa8       0xac ./Core/Src/main.o
                0x08000fa8                SystemClock_Config
 *fill*         0x08001054        0x4 
 .text.PeriphCommonClock_Config
                0x08001058       0x48 ./Core/Src/main.o
                0x08001058                PeriphCommonClock_Config
 .text.startup.main
                0x080010a0      0x8a4 ./Core/Src/main.o
                0x080010a0                main
 .text.Error_Handler
                0x08001944        0x4 ./Core/Src/main.o
                0x08001944                Error_Handler
 .text.Sequencer_Init
                0x08001948        0xe ./Core/Src/sequencer.o
                0x08001948                Sequencer_Init
 .text.Sequencer_SetSequence
                0x08001956        0x8 ./Core/Src/sequencer.o
                0x08001956                Sequencer_SetSequence
 .text.Sequencer_Update
                0x0800195e       0x3e ./Core/Src/sequencer.o
                0x0800195e                Sequencer_Update
 .text.Sequencer_Start
                0x0800199c        0xc ./Core/Src/sequencer.o
                0x0800199c                Sequencer_Start
 .text.Sequencer_Stop
                0x080019a8        0x6 ./Core/Src/sequencer.o
                0x080019a8                Sequencer_Stop
 .text.Sequencer_IsRunning
                0x080019ae        0x4 ./Core/Src/sequencer.o
                0x080019ae                Sequencer_IsRunning
 *fill*         0x080019b2        0x2 
 .text.HAL_MspInit
                0x080019b4       0x28 ./Core/Src/stm32h7xx_hal_msp.o
                0x080019b4                HAL_MspInit
 .text.HAL_ADC_MspInit
                0x080019dc       0xdc ./Core/Src/stm32h7xx_hal_msp.o
                0x080019dc                HAL_ADC_MspInit
 .text.HAL_DAC_MspInit
                0x08001ab8       0xf8 ./Core/Src/stm32h7xx_hal_msp.o
                0x08001ab8                HAL_DAC_MspInit
 .text.HAL_I2C_MspInit
                0x08001bb0       0x94 ./Core/Src/stm32h7xx_hal_msp.o
                0x08001bb0                HAL_I2C_MspInit
 .text.HAL_SPI_MspInit
                0x08001c44      0x174 ./Core/Src/stm32h7xx_hal_msp.o
                0x08001c44                HAL_SPI_MspInit
 .text.HAL_TIM_Base_MspInit
                0x08001db8       0xf8 ./Core/Src/stm32h7xx_hal_msp.o
                0x08001db8                HAL_TIM_Base_MspInit
 .text.HAL_TIM_MspPostInit
                0x08001eb0       0x90 ./Core/Src/stm32h7xx_hal_msp.o
                0x08001eb0                HAL_TIM_MspPostInit
 .text.HAL_UART_MspInit
                0x08001f40      0x104 ./Core/Src/stm32h7xx_hal_msp.o
                0x08001f40                HAL_UART_MspInit
 .text.NMI_Handler
                0x08002044        0x2 ./Core/Src/stm32h7xx_it.o
                0x08002044                NMI_Handler
 .text.HardFault_Handler
                0x08002046        0x2 ./Core/Src/stm32h7xx_it.o
                0x08002046                HardFault_Handler
 .text.MemManage_Handler
                0x08002048        0x2 ./Core/Src/stm32h7xx_it.o
                0x08002048                MemManage_Handler
 .text.BusFault_Handler
                0x0800204a        0x2 ./Core/Src/stm32h7xx_it.o
                0x0800204a                BusFault_Handler
 .text.UsageFault_Handler
                0x0800204c        0x2 ./Core/Src/stm32h7xx_it.o
                0x0800204c                UsageFault_Handler
 .text.SVC_Handler
                0x0800204e        0x2 ./Core/Src/stm32h7xx_it.o
                0x0800204e                SVC_Handler
 .text.DebugMon_Handler
                0x08002050        0x2 ./Core/Src/stm32h7xx_it.o
                0x08002050                DebugMon_Handler
 .text.PendSV_Handler
                0x08002052        0x2 ./Core/Src/stm32h7xx_it.o
                0x08002052                PendSV_Handler
 .text.SysTick_Handler
                0x08002054        0x4 ./Core/Src/stm32h7xx_it.o
                0x08002054                SysTick_Handler
 .text.EXTI1_IRQHandler
                0x08002058        0x6 ./Core/Src/stm32h7xx_it.o
                0x08002058                EXTI1_IRQHandler
 .text.EXTI2_IRQHandler
                0x0800205e        0x6 ./Core/Src/stm32h7xx_it.o
                0x0800205e                EXTI2_IRQHandler
 .text.EXTI3_IRQHandler
                0x08002064        0x6 ./Core/Src/stm32h7xx_it.o
                0x08002064                EXTI3_IRQHandler
 *fill*         0x0800206a        0x2 
 .text.DMA1_Stream0_IRQHandler
                0x0800206c        0xc ./Core/Src/stm32h7xx_it.o
                0x0800206c                DMA1_Stream0_IRQHandler
 .text.DMA1_Stream1_IRQHandler
                0x08002078        0xc ./Core/Src/stm32h7xx_it.o
                0x08002078                DMA1_Stream1_IRQHandler
 .text.DMA1_Stream2_IRQHandler
                0x08002084        0xc ./Core/Src/stm32h7xx_it.o
                0x08002084                DMA1_Stream2_IRQHandler
 .text.EXTI9_5_IRQHandler
                0x08002090       0x16 ./Core/Src/stm32h7xx_it.o
                0x08002090                EXTI9_5_IRQHandler
 *fill*         0x080020a6        0x2 
 .text.TIM3_IRQHandler
                0x080020a8        0xc ./Core/Src/stm32h7xx_it.o
                0x080020a8                TIM3_IRQHandler
 .text.EXTI15_10_IRQHandler
                0x080020b4        0x8 ./Core/Src/stm32h7xx_it.o
                0x080020b4                EXTI15_10_IRQHandler
 .text.OTG_HS_IRQHandler
                0x080020bc        0xc ./Core/Src/stm32h7xx_it.o
                0x080020bc                OTG_HS_IRQHandler
 .text._getpid  0x080020c8        0x4 ./Core/Src/syscalls.o
                0x080020c8                _getpid
 .text._kill    0x080020cc       0x10 ./Core/Src/syscalls.o
                0x080020cc                _kill
 .text._exit    0x080020dc        0xc ./Core/Src/syscalls.o
                0x080020dc                _exit
 .text._read    0x080020e8       0x1c ./Core/Src/syscalls.o
                0x080020e8                _read
 .text._write   0x08002104       0x1c ./Core/Src/syscalls.o
                0x08002104                _write
 .text._close   0x08002120        0x6 ./Core/Src/syscalls.o
                0x08002120                _close
 .text._fstat   0x08002126        0xa ./Core/Src/syscalls.o
                0x08002126                _fstat
 .text._isatty  0x08002130        0x4 ./Core/Src/syscalls.o
                0x08002130                _isatty
 .text._lseek   0x08002134        0x4 ./Core/Src/syscalls.o
                0x08002134                _lseek
 .text._sbrk    0x08002138       0x40 ./Core/Src/sysmem.o
                0x08002138                _sbrk
 .text.SystemInit
                0x08002178       0xa4 ./Core/Src/system_stm32h7xx.o
                0x08002178                SystemInit
 .text.FindClosest
                0x0800221c       0x2a ./Core/Src/util.o
                0x0800221c                FindClosest
 *fill*         0x08002246        0x2 
 .text.VibeCheck_Init
                0x08002248      0x234 ./Core/Src/vibecheck.o
                0x08002248                VibeCheck_Init
 *fill*         0x0800247c        0x4 
 .text.VibeCheck_Loop
                0x08002480      0x2d0 ./Core/Src/vibecheck.o
                0x08002480                VibeCheck_Loop
 .text.VibeCheckRGB_SetBaseSequence
                0x08002750       0x16 ./Core/Src/vibecheck_rgb.o
                0x08002750                VibeCheckRGB_SetBaseSequence
 .text.VibeCheckRGB_StartBaseSequence
                0x08002766       0x16 ./Core/Src/vibecheck_rgb.o
                0x08002766                VibeCheckRGB_StartBaseSequence
 .text.VibeCheckRGB_StopBaseSequence
                0x0800277c        0x8 ./Core/Src/vibecheck_rgb.o
                0x0800277c                VibeCheckRGB_StopBaseSequence
 .text.VibeCheckRGB_SetTopSequence
                0x08002784       0x16 ./Core/Src/vibecheck_rgb.o
                0x08002784                VibeCheckRGB_SetTopSequence
 .text.VibeCheckRGB_StartTopSequence
                0x0800279a       0x16 ./Core/Src/vibecheck_rgb.o
                0x0800279a                VibeCheckRGB_StartTopSequence
 .text.VibeCheckRGB_StopTopSequence
                0x080027b0        0x8 ./Core/Src/vibecheck_rgb.o
                0x080027b0                VibeCheckRGB_StopTopSequence
 .text.VibeCheckRGB_SetColor
                0x080027b8       0x18 ./Core/Src/vibecheck_rgb.o
                0x080027b8                VibeCheckRGB_SetColor
 .text.VibeCheckRGB_GetColor
                0x080027d0       0x30 ./Core/Src/vibecheck_rgb.o
                0x080027d0                VibeCheckRGB_GetColor
 .text.VibeCheckRGB_SetAllOff
                0x08002800       0x14 ./Core/Src/vibecheck_rgb.o
                0x08002800                VibeCheckRGB_SetAllOff
 .text.VibeCheckRGB_SendColors
                0x08002814       0x84 ./Core/Src/vibecheck_rgb.o
                0x08002814                VibeCheckRGB_SendColors
 .text.VibeCheckRGB_Init
                0x08002898       0x40 ./Core/Src/vibecheck_rgb.o
                0x08002898                VibeCheckRGB_Init
 .text.VibeCheckRGB_Update
                0x080028d8       0x8c ./Core/Src/vibecheck_rgb.o
                0x080028d8                VibeCheckRGB_Update
 .text.VibeCheckRGBCMD_Execute
                0x08002964      0x13c ./Core/Src/vibecheck_rgb_handler.o
                0x08002964                VibeCheckRGBCMD_Execute
 .text.VibeCheckSensor_Init
                0x08002aa0       0xf0 ./Core/Src/vibecheck_sensor.o
                0x08002aa0                VibeCheckSensor_Init
 .text.VibeCheckSensor_StartAccel
                0x08002b90       0x38 ./Core/Src/vibecheck_sensor.o
                0x08002b90                VibeCheckSensor_StartAccel
 .text.VibeCheckSensor_StopAccel
                0x08002bc8       0x38 ./Core/Src/vibecheck_sensor.o
                0x08002bc8                VibeCheckSensor_StopAccel
 .text.VibeCheckSensor_StartGyro
                0x08002c00       0x38 ./Core/Src/vibecheck_sensor.o
                0x08002c00                VibeCheckSensor_StartGyro
 .text.VibeCheckSensor_StopGyro
                0x08002c38       0x38 ./Core/Src/vibecheck_sensor.o
                0x08002c38                VibeCheckSensor_StopGyro
 .text.VibeCheckSensor_GetAccelODR
                0x08002c70       0x12 ./Core/Src/vibecheck_sensor.o
                0x08002c70                VibeCheckSensor_GetAccelODR
 .text.VibeCheckSensor_GetGyroODR
                0x08002c82       0x12 ./Core/Src/vibecheck_sensor.o
                0x08002c82                VibeCheckSensor_GetGyroODR
 .text.VibeCheckSensor_GetAccelRange
                0x08002c94       0x12 ./Core/Src/vibecheck_sensor.o
                0x08002c94                VibeCheckSensor_GetAccelRange
 .text.VibeCheckSensor_GetGyroRange
                0x08002ca6       0x12 ./Core/Src/vibecheck_sensor.o
                0x08002ca6                VibeCheckSensor_GetGyroRange
 .text.VibeCheckSensor_GetOffsets
                0x08002cb8       0x1e ./Core/Src/vibecheck_sensor.o
                0x08002cb8                VibeCheckSensor_GetOffsets
 .text.VibeCheckSensor_StartFakeData
                0x08002cd6        0x8 ./Core/Src/vibecheck_sensor.o
                0x08002cd6                VibeCheckSensor_StartFakeData
 .text.VibeCheckSensor_StopFakeData
                0x08002cde        0x8 ./Core/Src/vibecheck_sensor.o
                0x08002cde                VibeCheckSensor_StopFakeData
 .text.VibeCheckSensor_IsConnected
                0x08002ce6       0x14 ./Core/Src/vibecheck_sensor.o
                0x08002ce6                VibeCheckSensor_IsConnected
 .text.VibeCheckSensor_ConnectionChanged
                0x08002cfa       0x30 ./Core/Src/vibecheck_sensor.o
                0x08002cfa                VibeCheckSensor_ConnectionChanged
 .text.VibeCheckSensor_ResetConnectionFlag
                0x08002d2a       0x16 ./Core/Src/vibecheck_sensor.o
                0x08002d2a                VibeCheckSensor_ResetConnectionFlag
 .text.VibeCheckSensor_UpdateSensor
                0x08002d40       0x4a ./Core/Src/vibecheck_sensor.o
                0x08002d40                VibeCheckSensor_UpdateSensor
 *fill*         0x08002d8a        0x2 
 .text.VibeCheckSensor_SetAccelODR
                0x08002d8c       0x2c ./Core/Src/vibecheck_sensor.o
                0x08002d8c                VibeCheckSensor_SetAccelODR
 .text.VibeCheckSensor_SetGyroODR
                0x08002db8       0x2c ./Core/Src/vibecheck_sensor.o
                0x08002db8                VibeCheckSensor_SetGyroODR
 .text.VibeCheckSensor_SetAccelRange
                0x08002de4       0x2c ./Core/Src/vibecheck_sensor.o
                0x08002de4                VibeCheckSensor_SetAccelRange
 .text.VibeCheckSensor_SetGyroRange
                0x08002e10       0x2c ./Core/Src/vibecheck_sensor.o
                0x08002e10                VibeCheckSensor_SetGyroRange
 .text.VibeCheckSensor_SetOffsets
                0x08002e3c       0x90 ./Core/Src/vibecheck_sensor.o
                0x08002e3c                VibeCheckSensor_SetOffsets
 .text.VibeCheckSensor_AddData
                0x08002ecc       0x6a ./Core/Src/vibecheck_sensor.o
                0x08002ecc                VibeCheckSensor_AddData
 *fill*         0x08002f36        0x2 
 .text.VibeCheckSensor_Update
                0x08002f38      0x134 ./Core/Src/vibecheck_sensor.o
                0x08002f38                VibeCheckSensor_Update
 .text.VibeCheckSensor_GetDataReady
                0x0800306c       0x24 ./Core/Src/vibecheck_sensor.o
                0x0800306c                VibeCheckSensor_GetDataReady
 .text.VibeCheckSensor_EXTICallback
                0x08003090       0xac ./Core/Src/vibecheck_sensor.o
                0x08003090                VibeCheckSensor_EXTICallback
 .text.VibeCheckSensorCMD_Execute
                0x0800313c      0x3ec ./Core/Src/vibecheck_sensor_handler.o
                0x0800313c                VibeCheckSensorCMD_Execute
 .text.VibeCheckSensorSender_Data_Execute
                0x08003528       0x98 ./Core/Src/vibecheck_sensor_handler.o
                0x08003528                VibeCheckSensorSender_Data_Execute
 .text.VibeCheckSensorSender_Status_Execute
                0x080035c0       0x64 ./Core/Src/vibecheck_sensor_handler.o
                0x080035c0                VibeCheckSensorSender_Status_Execute
 .text.VibeCheckShell_Init
                0x08003624       0x26 ./Core/Src/vibecheck_shell.o
                0x08003624                VibeCheckShell_Init
 .text.VibeCheckShell_RegisterInputHandler
                0x0800364a       0x36 ./Core/Src/vibecheck_shell.o
                0x0800364a                VibeCheckShell_RegisterInputHandler
 .text.VibeCheckShell_RegisterOutputHandler
                0x08003680       0x30 ./Core/Src/vibecheck_shell.o
                0x08003680                VibeCheckShell_RegisterOutputHandler
 .text.VibeCheckShell_PutInput
                0x080036b0       0x58 ./Core/Src/vibecheck_shell.o
                0x080036b0                VibeCheckShell_PutInput
 .text.VibeCheckShell_GetOutput
                0x08003708       0x2a ./Core/Src/vibecheck_shell.o
                0x08003708                VibeCheckShell_GetOutput
 .text.VibeCheckShell_UpdateOutputBuffer
                0x08003732       0x1e ./Core/Src/vibecheck_shell.o
                0x08003732                VibeCheckShell_UpdateOutputBuffer
 .text.VibeCheckShell_GetNextString
                0x08003750       0x90 ./Core/Src/vibecheck_shell.o
                0x08003750                VibeCheckShell_GetNextString
 .text.VibeCheckShell_Update
                0x080037e0      0x110 ./Core/Src/vibecheck_shell.o
                0x080037e0                VibeCheckShell_Update
 .text.VibeCheckShell_TurnToInt
                0x080038f0       0x48 ./Core/Src/vibecheck_shell.o
                0x080038f0                VibeCheckShell_TurnToInt
 .text.VibeCheckShell_GetNextInt
                0x08003938       0x1c ./Core/Src/vibecheck_shell.o
                0x08003938                VibeCheckShell_GetNextInt
 .text.VibeCheckShell_TurnToFloat
                0x08003954       0x64 ./Core/Src/vibecheck_shell.o
                0x08003954                VibeCheckShell_TurnToFloat
 .text.VibeCheckShell_GetNextFloat
                0x080039b8       0x1c ./Core/Src/vibecheck_shell.o
                0x080039b8                VibeCheckShell_GetNextFloat
 .text.VibeCheckShell_PutOutputString
                0x080039d4       0x32 ./Core/Src/vibecheck_shell.o
                0x080039d4                VibeCheckShell_PutOutputString
 *fill*         0x08003a06        0x2 
 .text.VibeCheckShell_PutOutputInt
                0x08003a08       0x20 ./Core/Src/vibecheck_shell.o
                0x08003a08                VibeCheckShell_PutOutputInt
 .text.VibeCheckShell_PutOutputFloat
                0x08003a28       0x28 ./Core/Src/vibecheck_shell.o
                0x08003a28                VibeCheckShell_PutOutputFloat
 .text.VibeCheckShell_PutOutputSeparator
                0x08003a50        0xc ./Core/Src/vibecheck_shell.o
                0x08003a50                VibeCheckShell_PutOutputSeparator
 .text.VibeCheckShell_PutOutputDelimiter
                0x08003a5c        0xc ./Core/Src/vibecheck_shell.o
                0x08003a5c                VibeCheckShell_PutOutputDelimiter
 .text.VibeCheckStrobe_Start
                0x08003a68       0x26 ./Core/Src/vibecheck_strobe.o
                0x08003a68                VibeCheckStrobe_Start
 .text.VibeCheckStrobe_Stop
                0x08003a8e       0x26 ./Core/Src/vibecheck_strobe.o
                0x08003a8e                VibeCheckStrobe_Stop
 .text.VibeCheckStrobe_SetFrequency
                0x08003ab4       0x60 ./Core/Src/vibecheck_strobe.o
                0x08003ab4                VibeCheckStrobe_SetFrequency
 .text.VibeCheckStrobe_GetFrequency
                0x08003b14        0x6 ./Core/Src/vibecheck_strobe.o
                0x08003b14                VibeCheckStrobe_GetFrequency
 *fill*         0x08003b1a        0x2 
 .text.VibeCheckStrobe_SetPhase
                0x08003b1c       0x7c ./Core/Src/vibecheck_strobe.o
                0x08003b1c                VibeCheckStrobe_SetPhase
 .text.VibeCheckStrobe_GetPhase
                0x08003b98        0x6 ./Core/Src/vibecheck_strobe.o
                0x08003b98                VibeCheckStrobe_GetPhase
 *fill*         0x08003b9e        0x2 
 .text.VibeCheckStrobe_SetExposure
                0x08003ba0       0x50 ./Core/Src/vibecheck_strobe.o
                0x08003ba0                VibeCheckStrobe_SetExposure
 .text.VibeCheckStrobe_Init
                0x08003bf0       0x30 ./Core/Src/vibecheck_strobe.o
                0x08003bf0                VibeCheckStrobe_Init
 .text.VibeCheckStrobe_GetExposure
                0x08003c20        0x6 ./Core/Src/vibecheck_strobe.o
                0x08003c20                VibeCheckStrobe_GetExposure
 .text.VibeCheckStrobe_PeriodElapsedUpdate
                0x08003c26       0x26 ./Core/Src/vibecheck_strobe.o
                0x08003c26                VibeCheckStrobe_PeriodElapsedUpdate
 .text.VibeCheckStrobeCMD_Execute
                0x08003c4c      0x168 ./Core/Src/vibecheck_strobe_handler.o
                0x08003c4c                VibeCheckStrobeCMD_Execute
 *fill*         0x08003db4        0x4 
 .text.VibeCheckWaveGen_RecomputeWave
                0x08003db8      0x1ac ./Core/Src/vibecheck_wavegen.o
 .text.VibeCheckWaveGen_Start
                0x08003f64       0x12 ./Core/Src/vibecheck_wavegen.o
                0x08003f64                VibeCheckWaveGen_Start
 .text.VibeCheckWaveGen_Stop
                0x08003f76       0x14 ./Core/Src/vibecheck_wavegen.o
                0x08003f76                VibeCheckWaveGen_Stop
 *fill*         0x08003f8a        0x2 
 .text.VibeCheckWaveGen_SetFrequency
                0x08003f8c       0x78 ./Core/Src/vibecheck_wavegen.o
                0x08003f8c                VibeCheckWaveGen_SetFrequency
 .text.VibeCheckWaveGen_Init
                0x08004004       0x9c ./Core/Src/vibecheck_wavegen.o
                0x08004004                VibeCheckWaveGen_Init
 .text.VibeCheckWaveGen_Update
                0x080040a0       0xa8 ./Core/Src/vibecheck_wavegen.o
                0x080040a0                VibeCheckWaveGen_Update
 .text.VibeCheckWaveGen_GetFrequency
                0x08004148        0xa ./Core/Src/vibecheck_wavegen.o
                0x08004148                VibeCheckWaveGen_GetFrequency
 *fill*         0x08004152        0x2 
 .text.VibeCheckWaveGen_SetAmplitude
                0x08004154       0x34 ./Core/Src/vibecheck_wavegen.o
                0x08004154                VibeCheckWaveGen_SetAmplitude
 .text.VibeCheckWaveGen_GetAmplitude
                0x08004188        0xa ./Core/Src/vibecheck_wavegen.o
                0x08004188                VibeCheckWaveGen_GetAmplitude
 .text.VibeCheckWaveGen_SetWaveform
                0x08004192        0xe ./Core/Src/vibecheck_wavegen.o
                0x08004192                VibeCheckWaveGen_SetWaveform
 .text.VibeCheckWaveGen_GetWaveform
                0x080041a0        0x8 ./Core/Src/vibecheck_wavegen.o
                0x080041a0                VibeCheckWaveGen_GetWaveform
 .text.VibeCheckWaveGen_WasMuteButtonPressed
                0x080041a8       0x14 ./Core/Src/vibecheck_wavegen.o
                0x080041a8                VibeCheckWaveGen_WasMuteButtonPressed
 .text.VibeCheckWaveGen_DMAHalfCpltCallback
                0x080041bc       0x12 ./Core/Src/vibecheck_wavegen.o
                0x080041bc                VibeCheckWaveGen_DMAHalfCpltCallback
 .text.VibeCheckWaveGen_DMACpltCallback
                0x080041ce       0x12 ./Core/Src/vibecheck_wavegen.o
                0x080041ce                VibeCheckWaveGen_DMACpltCallback
 .text.VibeCheckWaveGen_StartDemo
                0x080041e0       0x54 ./Core/Src/vibecheck_wavegen.o
                0x080041e0                VibeCheckWaveGen_StartDemo
 .text.VibeCheckWaveGen_StopDemo
                0x08004234       0x16 ./Core/Src/vibecheck_wavegen.o
                0x08004234                VibeCheckWaveGen_StopDemo
 *fill*         0x0800424a        0x2 
 .text.VibeCheckWaveGenCMD_Execute
                0x0800424c      0x224 ./Core/Src/vibecheck_wavegen_handler.o
                0x0800424c                VibeCheckWaveGenCMD_Execute
 .text.VibeCheckWaveGenSender_Execute
                0x08004470       0x54 ./Core/Src/vibecheck_wavegen_handler.o
                0x08004470                VibeCheckWaveGenSender_Execute
 .text.Reset_Handler
                0x080044c4       0x50 ./Core/Startup/startup_stm32h723vgtx.o
                0x080044c4                Reset_Handler
 .text.Default_Handler
                0x08004514        0x2 ./Core/Startup/startup_stm32h723vgtx.o
                0x08004514                RTC_Alarm_IRQHandler
                0x08004514                TIM8_CC_IRQHandler
                0x08004514                UART8_IRQHandler
                0x08004514                SPI4_IRQHandler
                0x08004514                FDCAN3_IT0_IRQHandler
                0x08004514                TIM1_CC_IRQHandler
                0x08004514                BDMA_Channel6_IRQHandler
                0x08004514                DMA2_Stream5_IRQHandler
                0x08004514                DMA1_Stream5_IRQHandler
                0x08004514                CORDIC_IRQHandler
                0x08004514                BDMA_Channel1_IRQHandler
                0x08004514                TAMP_STAMP_IRQHandler
                0x08004514                LPTIM4_IRQHandler
                0x08004514                TIM8_TRG_COM_TIM14_IRQHandler
                0x08004514                LPTIM2_IRQHandler
                0x08004514                DFSDM1_FLT1_IRQHandler
                0x08004514                DMAMUX2_OVR_IRQHandler
                0x08004514                TIM8_UP_TIM13_IRQHandler
                0x08004514                I2C3_ER_IRQHandler
                0x08004514                DFSDM1_FLT2_IRQHandler
                0x08004514                I2C5_EV_IRQHandler
                0x08004514                USART10_IRQHandler
                0x08004514                MDMA_IRQHandler
                0x08004514                LPTIM3_IRQHandler
                0x08004514                HSEM1_IRQHandler
                0x08004514                EXTI0_IRQHandler
                0x08004514                I2C2_EV_IRQHandler
                0x08004514                FPU_IRQHandler
                0x08004514                OTG_HS_WKUP_IRQHandler
                0x08004514                FDCAN1_IT1_IRQHandler
                0x08004514                LTDC_ER_IRQHandler
                0x08004514                DMA2_Stream2_IRQHandler
                0x08004514                SPI1_IRQHandler
                0x08004514                OCTOSPI1_IRQHandler
                0x08004514                TIM6_DAC_IRQHandler
                0x08004514                DMA2_Stream3_IRQHandler
                0x08004514                OCTOSPI2_IRQHandler
                0x08004514                DFSDM1_FLT3_IRQHandler
                0x08004514                TIM23_IRQHandler
                0x08004514                USART6_IRQHandler
                0x08004514                TIM17_IRQHandler
                0x08004514                USART3_IRQHandler
                0x08004514                BDMA_Channel7_IRQHandler
                0x08004514                LPTIM5_IRQHandler
                0x08004514                UART5_IRQHandler
                0x08004514                ADC3_IRQHandler
                0x08004514                DMA2_Stream0_IRQHandler
                0x08004514                TIM4_IRQHandler
                0x08004514                BDMA_Channel2_IRQHandler
                0x08004514                I2C1_EV_IRQHandler
                0x08004514                DMA1_Stream6_IRQHandler
                0x08004514                DMAMUX1_OVR_IRQHandler
                0x08004514                TIM16_IRQHandler
                0x08004514                UART4_IRQHandler
                0x08004514                BDMA_Channel5_IRQHandler
                0x08004514                RCC_IRQHandler
                0x08004514                UART9_IRQHandler
                0x08004514                TIM8_BRK_TIM12_IRQHandler
                0x08004514                TIM1_TRG_COM_IRQHandler
                0x08004514                Default_Handler
                0x08004514                ECC_IRQHandler
                0x08004514                FMAC_IRQHandler
                0x08004514                CEC_IRQHandler
                0x08004514                BDMA_Channel0_IRQHandler
                0x08004514                ADC_IRQHandler
                0x08004514                I2C5_ER_IRQHandler
                0x08004514                DMA1_Stream7_IRQHandler
                0x08004514                SPI5_IRQHandler
                0x08004514                TIM7_IRQHandler
                0x08004514                FDCAN3_IT1_IRQHandler
                0x08004514                SDMMC1_IRQHandler
                0x08004514                TIM5_IRQHandler
                0x08004514                DMA2_Stream7_IRQHandler
                0x08004514                TIM15_IRQHandler
                0x08004514                PVD_AVD_IRQHandler
                0x08004514                I2C3_EV_IRQHandler
                0x08004514                RTC_WKUP_IRQHandler
                0x08004514                LTDC_IRQHandler
                0x08004514                ETH_WKUP_IRQHandler
                0x08004514                SPDIF_RX_IRQHandler
                0x08004514                SPI2_IRQHandler
                0x08004514                OTG_HS_EP1_IN_IRQHandler
                0x08004514                TIM24_IRQHandler
                0x08004514                CRS_IRQHandler
                0x08004514                EXTI4_IRQHandler
                0x08004514                RNG_IRQHandler
                0x08004514                FDCAN2_IT1_IRQHandler
                0x08004514                ETH_IRQHandler
                0x08004514                TIM1_UP_IRQHandler
                0x08004514                BDMA_Channel4_IRQHandler
                0x08004514                OTG_HS_EP1_OUT_IRQHandler
                0x08004514                WWDG_IRQHandler
                0x08004514                SPI6_IRQHandler
                0x08004514                MDIOS_IRQHandler
                0x08004514                I2C4_EV_IRQHandler
                0x08004514                FDCAN2_IT0_IRQHandler
                0x08004514                LPUART1_IRQHandler
                0x08004514                FDCAN1_IT0_IRQHandler
                0x08004514                TIM2_IRQHandler
                0x08004514                DMA2D_IRQHandler
                0x08004514                TIM1_BRK_IRQHandler
                0x08004514                SDMMC2_IRQHandler
                0x08004514                BDMA_Channel3_IRQHandler
                0x08004514                DTS_IRQHandler
                0x08004514                UART7_IRQHandler
                0x08004514                MDIOS_WKUP_IRQHandler
                0x08004514                USART2_IRQHandler
                0x08004514                DFSDM1_FLT0_IRQHandler
                0x08004514                SAI4_IRQHandler
                0x08004514                I2C2_ER_IRQHandler
                0x08004514                DMA2_Stream1_IRQHandler
                0x08004514                FLASH_IRQHandler
                0x08004514                DMA2_Stream4_IRQHandler
                0x08004514                USART1_IRQHandler
                0x08004514                SPI3_IRQHandler
                0x08004514                WAKEUP_PIN_IRQHandler
                0x08004514                DMA1_Stream4_IRQHandler
                0x08004514                I2C1_ER_IRQHandler
                0x08004514                FMC_IRQHandler
                0x08004514                FDCAN_CAL_IRQHandler
                0x08004514                SWPMI1_IRQHandler
                0x08004514                COMP1_IRQHandler
                0x08004514                LPTIM1_IRQHandler
                0x08004514                DCMI_PSSI_IRQHandler
                0x08004514                I2C4_ER_IRQHandler
                0x08004514                DMA2_Stream6_IRQHandler
                0x08004514                SAI1_IRQHandler
                0x08004514                DMA1_Stream3_IRQHandler
 *fill*         0x08004516        0x2 
 .text.HAL_InitTick
                0x08004518       0x4c ./Drivers/STM32H7xx_HAL_Driver/Src/stm32h7xx_hal.o
                0x08004518                HAL_InitTick
 .text.HAL_Init
                0x08004564       0x5c ./Drivers/STM32H7xx_HAL_Driver/Src/stm32h7xx_hal.o
                0x08004564                HAL_Init
 .text.HAL_IncTick
                0x080045c0       0x18 ./Drivers/STM32H7xx_HAL_Driver/Src/stm32h7xx_hal.o
                0x080045c0                HAL_IncTick
 .text.HAL_GetTick
                0x080045d8        0xc ./Drivers/STM32H7xx_HAL_Driver/Src/stm32h7xx_hal.o
                0x080045d8                HAL_GetTick
 .text.HAL_Delay
                0x080045e4       0x24 ./Drivers/STM32H7xx_HAL_Driver/Src/stm32h7xx_hal.o
                0x080045e4                HAL_Delay
 .text.LL_ADC_SetChannelSamplingTime
                0x08004608       0x20 ./Drivers/STM32H7xx_HAL_Driver/Src/stm32h7xx_hal_adc.o
 .text.LL_ADC_IsEnabled
                0x08004628        0x8 ./Drivers/STM32H7xx_HAL_Driver/Src/stm32h7xx_hal_adc.o
 .text.LL_ADC_REG_IsConversionOngoing
                0x08004630        0x8 ./Drivers/STM32H7xx_HAL_Driver/Src/stm32h7xx_hal_adc.o
 .text.HAL_ADC_ConfigChannel
                0x08004638      0x4f8 ./Drivers/STM32H7xx_HAL_Driver/Src/stm32h7xx_hal_adc.o
                0x08004638                HAL_ADC_ConfigChannel
 .text.ADC_ConfigureBoostMode
                0x08004b30      0x108 ./Drivers/STM32H7xx_HAL_Driver/Src/stm32h7xx_hal_adc.o
                0x08004b30                ADC_ConfigureBoostMode
 .text.HAL_ADC_Init
                0x08004c38      0x28c ./Drivers/STM32H7xx_HAL_Driver/Src/stm32h7xx_hal_adc.o
                0x08004c38                HAL_ADC_Init
 .text.LL_ADC_IsEnabled
                0x08004ec4        0x8 ./Drivers/STM32H7xx_HAL_Driver/Src/stm32h7xx_hal_adc_ex.o
 .text.LL_ADC_REG_IsConversionOngoing
                0x08004ecc        0x8 ./Drivers/STM32H7xx_HAL_Driver/Src/stm32h7xx_hal_adc_ex.o
 .text.HAL_ADCEx_MultiModeConfigChannel
                0x08004ed4       0xcc ./Drivers/STM32H7xx_HAL_Driver/Src/stm32h7xx_hal_adc_ex.o
                0x08004ed4                HAL_ADCEx_MultiModeConfigChannel
 .text.HAL_NVIC_SetPriorityGrouping
                0x08004fa0       0x24 ./Drivers/STM32H7xx_HAL_Driver/Src/stm32h7xx_hal_cortex.o
                0x08004fa0                HAL_NVIC_SetPriorityGrouping
 .text.HAL_NVIC_SetPriority
                0x08004fc4       0x64 ./Drivers/STM32H7xx_HAL_Driver/Src/stm32h7xx_hal_cortex.o
                0x08004fc4                HAL_NVIC_SetPriority
 .text.HAL_NVIC_EnableIRQ
                0x08005028       0x1c ./Drivers/STM32H7xx_HAL_Driver/Src/stm32h7xx_hal_cortex.o
                0x08005028                HAL_NVIC_EnableIRQ
 .text.HAL_SYSTICK_Config
                0x08005044       0x28 ./Drivers/STM32H7xx_HAL_Driver/Src/stm32h7xx_hal_cortex.o
                0x08005044                HAL_SYSTICK_Config
 .text.HAL_MPU_Disable
                0x0800506c       0x1c ./Drivers/STM32H7xx_HAL_Driver/Src/stm32h7xx_hal_cortex.o
                0x0800506c                HAL_MPU_Disable
 .text.HAL_MPU_Enable
                0x08005088       0x20 ./Drivers/STM32H7xx_HAL_Driver/Src/stm32h7xx_hal_cortex.o
                0x08005088                HAL_MPU_Enable
 .text.HAL_MPU_ConfigRegion
                0x080050a8       0x58 ./Drivers/STM32H7xx_HAL_Driver/Src/stm32h7xx_hal_cortex.o
                0x080050a8                HAL_MPU_ConfigRegion
 .text.HAL_DAC_Init
                0x08005100       0x26 ./Drivers/STM32H7xx_HAL_Driver/Src/stm32h7xx_hal_dac.o
                0x08005100                HAL_DAC_Init
 *fill*         0x08005126        0x2 
 .text.HAL_DAC_Start_DMA
                0x08005128       0xcc ./Drivers/STM32H7xx_HAL_Driver/Src/stm32h7xx_hal_dac.o
                0x08005128                HAL_DAC_Start_DMA
 .text.DAC_DMAConvCpltCh1
                0x080051f4       0x10 ./Drivers/STM32H7xx_HAL_Driver/Src/stm32h7xx_hal_dac.o
                0x080051f4                DAC_DMAConvCpltCh1
 .text.DAC_DMAHalfConvCpltCh1
                0x08005204        0xa ./Drivers/STM32H7xx_HAL_Driver/Src/stm32h7xx_hal_dac.o
                0x08005204                DAC_DMAHalfConvCpltCh1
 .text.HAL_DAC_ErrorCallbackCh1
                0x0800520e        0x2 ./Drivers/STM32H7xx_HAL_Driver/Src/stm32h7xx_hal_dac.o
                0x0800520e                HAL_DAC_ErrorCallbackCh1
 .text.DAC_DMAErrorCh1
                0x08005210       0x18 ./Drivers/STM32H7xx_HAL_Driver/Src/stm32h7xx_hal_dac.o
                0x08005210                DAC_DMAErrorCh1
 .text.HAL_DAC_ConfigChannel
                0x08005228      0x148 ./Drivers/STM32H7xx_HAL_Driver/Src/stm32h7xx_hal_dac.o
                0x08005228                HAL_DAC_ConfigChannel
 .text.HAL_DACEx_ConvCpltCallbackCh2
                0x08005370        0x2 ./Drivers/STM32H7xx_HAL_Driver/Src/stm32h7xx_hal_dac_ex.o
                0x08005370                HAL_DACEx_ConvCpltCallbackCh2
 .text.DAC_DMAConvCpltCh2
                0x08005372       0x10 ./Drivers/STM32H7xx_HAL_Driver/Src/stm32h7xx_hal_dac_ex.o
                0x08005372                DAC_DMAConvCpltCh2
 .text.HAL_DACEx_ConvHalfCpltCallbackCh2
                0x08005382        0x2 ./Drivers/STM32H7xx_HAL_Driver/Src/stm32h7xx_hal_dac_ex.o
                0x08005382                HAL_DACEx_ConvHalfCpltCallbackCh2
 .text.DAC_DMAHalfConvCpltCh2
                0x08005384        0xa ./Drivers/STM32H7xx_HAL_Driver/Src/stm32h7xx_hal_dac_ex.o
                0x08005384                DAC_DMAHalfConvCpltCh2
 .text.HAL_DACEx_ErrorCallbackCh2
                0x0800538e        0x2 ./Drivers/STM32H7xx_HAL_Driver/Src/stm32h7xx_hal_dac_ex.o
                0x0800538e                HAL_DACEx_ErrorCallbackCh2
 .text.DAC_DMAErrorCh2
                0x08005390       0x18 ./Drivers/STM32H7xx_HAL_Driver/Src/stm32h7xx_hal_dac_ex.o
                0x08005390                DAC_DMAErrorCh2
 .text.DMA_SetConfig
                0x080053a8      0x184 ./Drivers/STM32H7xx_HAL_Driver/Src/stm32h7xx_hal_dma.o
 .text.DMA_CalcBaseAndBitshift
                0x0800552c       0x9c ./Drivers/STM32H7xx_HAL_Driver/Src/stm32h7xx_hal_dma.o
 .text.DMA_CalcDMAMUXChannelBaseAndMask
                0x080055c8       0x98 ./Drivers/STM32H7xx_HAL_Driver/Src/stm32h7xx_hal_dma.o
 .text.DMA_CalcDMAMUXRequestGenBaseAndMask
                0x08005660       0x70 ./Drivers/STM32H7xx_HAL_Driver/Src/stm32h7xx_hal_dma.o
 .text.HAL_DMA_Init
                0x080056d0      0x37c ./Drivers/STM32H7xx_HAL_Driver/Src/stm32h7xx_hal_dma.o
                0x080056d0                HAL_DMA_Init
 .text.HAL_DMA_Start_IT
                0x08005a4c      0x234 ./Drivers/STM32H7xx_HAL_Driver/Src/stm32h7xx_hal_dma.o
                0x08005a4c                HAL_DMA_Start_IT
 .text.HAL_DMA_IRQHandler
                0x08005c80      0x548 ./Drivers/STM32H7xx_HAL_Driver/Src/stm32h7xx_hal_dma.o
                0x08005c80                HAL_DMA_IRQHandler
 .text.HAL_GPIO_Init
                0x080061c8      0x1c4 ./Drivers/STM32H7xx_HAL_Driver/Src/stm32h7xx_hal_gpio.o
                0x080061c8                HAL_GPIO_Init
 .text.HAL_GPIO_ReadPin
                0x0800638c        0xc ./Drivers/STM32H7xx_HAL_Driver/Src/stm32h7xx_hal_gpio.o
                0x0800638c                HAL_GPIO_ReadPin
 .text.HAL_GPIO_WritePin
                0x08006398        0xa ./Drivers/STM32H7xx_HAL_Driver/Src/stm32h7xx_hal_gpio.o
                0x08006398                HAL_GPIO_WritePin
 .text.HAL_GPIO_EXTI_IRQHandler
                0x080063a2       0x18 ./Drivers/STM32H7xx_HAL_Driver/Src/stm32h7xx_hal_gpio.o
                0x080063a2                HAL_GPIO_EXTI_IRQHandler
 .text.HAL_I2C_Init
                0x080063ba       0xaa ./Drivers/STM32H7xx_HAL_Driver/Src/stm32h7xx_hal_i2c.o
                0x080063ba                HAL_I2C_Init
 .text.HAL_I2CEx_ConfigAnalogFilter
                0x08006464       0x4c ./Drivers/STM32H7xx_HAL_Driver/Src/stm32h7xx_hal_i2c_ex.o
                0x08006464                HAL_I2CEx_ConfigAnalogFilter
 .text.HAL_I2CEx_ConfigDigitalFilter
                0x080064b0       0x4a ./Drivers/STM32H7xx_HAL_Driver/Src/stm32h7xx_hal_i2c_ex.o
                0x080064b0                HAL_I2CEx_ConfigDigitalFilter
 .text.HAL_PCD_Init
                0x080064fa       0xda ./Drivers/STM32H7xx_HAL_Driver/Src/stm32h7xx_hal_pcd.o
                0x080064fa                HAL_PCD_Init
 .text.HAL_PCD_Start
                0x080065d4       0x3e ./Drivers/STM32H7xx_HAL_Driver/Src/stm32h7xx_hal_pcd.o
                0x080065d4                HAL_PCD_Start
 .text.HAL_PCD_SetAddress
                0x08006612       0x26 ./Drivers/STM32H7xx_HAL_Driver/Src/stm32h7xx_hal_pcd.o
                0x08006612                HAL_PCD_SetAddress
 .text.HAL_PCD_EP_Open
                0x08006638       0x6e ./Drivers/STM32H7xx_HAL_Driver/Src/stm32h7xx_hal_pcd.o
                0x08006638                HAL_PCD_EP_Open
 .text.HAL_PCD_EP_Close
                0x080066a6       0x5c ./Drivers/STM32H7xx_HAL_Driver/Src/stm32h7xx_hal_pcd.o
                0x080066a6                HAL_PCD_EP_Close
 .text.HAL_PCD_EP_Receive
                0x08006702       0x3c ./Drivers/STM32H7xx_HAL_Driver/Src/stm32h7xx_hal_pcd.o
                0x08006702                HAL_PCD_EP_Receive
 .text.HAL_PCD_EP_GetRxCount
                0x0800673e       0x10 ./Drivers/STM32H7xx_HAL_Driver/Src/stm32h7xx_hal_pcd.o
                0x0800673e                HAL_PCD_EP_GetRxCount
 .text.HAL_PCD_EP_Transmit
                0x0800674e       0x34 ./Drivers/STM32H7xx_HAL_Driver/Src/stm32h7xx_hal_pcd.o
                0x0800674e                HAL_PCD_EP_Transmit
 .text.HAL_PCD_EP_SetStall
                0x08006782       0x6e ./Drivers/STM32H7xx_HAL_Driver/Src/stm32h7xx_hal_pcd.o
                0x08006782                HAL_PCD_EP_SetStall
 .text.HAL_PCD_EP_ClrStall
                0x080067f0       0x6a ./Drivers/STM32H7xx_HAL_Driver/Src/stm32h7xx_hal_pcd.o
                0x080067f0                HAL_PCD_EP_ClrStall
 .text.HAL_PCD_EP_Abort
                0x0800685a       0x20 ./Drivers/STM32H7xx_HAL_Driver/Src/stm32h7xx_hal_pcd.o
                0x0800685a                HAL_PCD_EP_Abort
 *fill*         0x0800687a        0x2 
 .text.HAL_PCD_IRQHandler
                0x0800687c      0x6d0 ./Drivers/STM32H7xx_HAL_Driver/Src/stm32h7xx_hal_pcd.o
                0x0800687c                HAL_PCD_IRQHandler
 .text.HAL_PCDEx_SetTxFiFo
                0x08006f4c       0x3e ./Drivers/STM32H7xx_HAL_Driver/Src/stm32h7xx_hal_pcd_ex.o
                0x08006f4c                HAL_PCDEx_SetTxFiFo
 .text.HAL_PCDEx_SetRxFiFo
                0x08006f8a        0x8 ./Drivers/STM32H7xx_HAL_Driver/Src/stm32h7xx_hal_pcd_ex.o
                0x08006f8a                HAL_PCDEx_SetRxFiFo
 .text.HAL_PCDEx_ActivateLPM
                0x08006f92       0x26 ./Drivers/STM32H7xx_HAL_Driver/Src/stm32h7xx_hal_pcd_ex.o
                0x08006f92                HAL_PCDEx_ActivateLPM
 .text.HAL_PCDEx_LPM_Callback
                0x08006fb8        0x2 ./Drivers/STM32H7xx_HAL_Driver/Src/stm32h7xx_hal_pcd_ex.o
                0x08006fb8                HAL_PCDEx_LPM_Callback
 *fill*         0x08006fba        0x2 
 .text.HAL_PWREx_ConfigSupply
                0x08006fbc       0x48 ./Drivers/STM32H7xx_HAL_Driver/Src/stm32h7xx_hal_pwr_ex.o
                0x08006fbc                HAL_PWREx_ConfigSupply
 .text.HAL_PWREx_EnableUSBVoltageDetector
                0x08007004       0x10 ./Drivers/STM32H7xx_HAL_Driver/Src/stm32h7xx_hal_pwr_ex.o
                0x08007004                HAL_PWREx_EnableUSBVoltageDetector
 .text.HAL_RCC_OscConfig
                0x08007014      0x4f4 ./Drivers/STM32H7xx_HAL_Driver/Src/stm32h7xx_hal_rcc.o
                0x08007014                HAL_RCC_OscConfig
 .text.HAL_RCC_GetSysClockFreq
                0x08007508      0x144 ./Drivers/STM32H7xx_HAL_Driver/Src/stm32h7xx_hal_rcc.o
                0x08007508                HAL_RCC_GetSysClockFreq
 .text.HAL_RCC_ClockConfig
                0x0800764c      0x24c ./Drivers/STM32H7xx_HAL_Driver/Src/stm32h7xx_hal_rcc.o
                0x0800764c                HAL_RCC_ClockConfig
 .text.HAL_RCC_GetHCLKFreq
                0x08007898       0x44 ./Drivers/STM32H7xx_HAL_Driver/Src/stm32h7xx_hal_rcc.o
                0x08007898                HAL_RCC_GetHCLKFreq
 .text.HAL_RCC_GetPCLK1Freq
                0x080078dc       0x24 ./Drivers/STM32H7xx_HAL_Driver/Src/stm32h7xx_hal_rcc.o
                0x080078dc                HAL_RCC_GetPCLK1Freq
 .text.HAL_RCC_GetPCLK2Freq
                0x08007900       0x24 ./Drivers/STM32H7xx_HAL_Driver/Src/stm32h7xx_hal_rcc.o
                0x08007900                HAL_RCC_GetPCLK2Freq
 .text.RCCEx_PLL2_Config
                0x08007924       0xf0 ./Drivers/STM32H7xx_HAL_Driver/Src/stm32h7xx_hal_rcc_ex.o
 .text.RCCEx_PLL3_Config
                0x08007a14       0xf0 ./Drivers/STM32H7xx_HAL_Driver/Src/stm32h7xx_hal_rcc_ex.o
 .text.HAL_RCCEx_PeriphCLKConfig
                0x08007b04      0x95c ./Drivers/STM32H7xx_HAL_Driver/Src/stm32h7xx_hal_rcc_ex.o
                0x08007b04                HAL_RCCEx_PeriphCLKConfig
 .text.HAL_RCCEx_GetD3PCLK1Freq
                0x08008460       0x24 ./Drivers/STM32H7xx_HAL_Driver/Src/stm32h7xx_hal_rcc_ex.o
                0x08008460                HAL_RCCEx_GetD3PCLK1Freq
 .text.HAL_RCCEx_GetPLL2ClockFreq
                0x08008484      0x154 ./Drivers/STM32H7xx_HAL_Driver/Src/stm32h7xx_hal_rcc_ex.o
                0x08008484                HAL_RCCEx_GetPLL2ClockFreq
 .text.HAL_RCCEx_GetPLL3ClockFreq
                0x080085d8      0x154 ./Drivers/STM32H7xx_HAL_Driver/Src/stm32h7xx_hal_rcc_ex.o
                0x080085d8                HAL_RCCEx_GetPLL3ClockFreq
 .text.HAL_RCCEx_GetPLL1ClockFreq
                0x0800872c      0x154 ./Drivers/STM32H7xx_HAL_Driver/Src/stm32h7xx_hal_rcc_ex.o
                0x0800872c                HAL_RCCEx_GetPLL1ClockFreq
 .text.HAL_RCCEx_GetPeriphCLKFreq
                0x08008880      0x2cc ./Drivers/STM32H7xx_HAL_Driver/Src/stm32h7xx_hal_rcc_ex.o
                0x08008880                HAL_RCCEx_GetPeriphCLKFreq
 .text.SPI_CloseTransfer
                0x08008b4c       0xac ./Drivers/STM32H7xx_HAL_Driver/Src/stm32h7xx_hal_spi.o
 .text.HAL_SPI_Init
                0x08008bf8      0x148 ./Drivers/STM32H7xx_HAL_Driver/Src/stm32h7xx_hal_spi.o
                0x08008bf8                HAL_SPI_Init
 .text.HAL_SPI_Transmit
                0x08008d40      0x234 ./Drivers/STM32H7xx_HAL_Driver/Src/stm32h7xx_hal_spi.o
                0x08008d40                HAL_SPI_Transmit
 .text.HAL_SPI_TransmitReceive
                0x08008f74      0x344 ./Drivers/STM32H7xx_HAL_Driver/Src/stm32h7xx_hal_spi.o
                0x08008f74                HAL_SPI_TransmitReceive
 .text.TIM_OC1_SetConfig
                0x080092b8       0x98 ./Drivers/STM32H7xx_HAL_Driver/Src/stm32h7xx_hal_tim.o
 .text.TIM_OC3_SetConfig
                0x08009350       0x88 ./Drivers/STM32H7xx_HAL_Driver/Src/stm32h7xx_hal_tim.o
 .text.TIM_OC4_SetConfig
                0x080093d8       0x68 ./Drivers/STM32H7xx_HAL_Driver/Src/stm32h7xx_hal_tim.o
 .text.TIM_OC5_SetConfig
                0x08009440       0x68 ./Drivers/STM32H7xx_HAL_Driver/Src/stm32h7xx_hal_tim.o
 .text.TIM_OC6_SetConfig
                0x080094a8       0x68 ./Drivers/STM32H7xx_HAL_Driver/Src/stm32h7xx_hal_tim.o
 .text.HAL_TIM_Base_Start
                0x08009510       0x84 ./Drivers/STM32H7xx_HAL_Driver/Src/stm32h7xx_hal_tim.o
                0x08009510                HAL_TIM_Base_Start
 .text.HAL_TIM_Base_Start_IT
                0x08009594       0x8c ./Drivers/STM32H7xx_HAL_Driver/Src/stm32h7xx_hal_tim.o
                0x08009594                HAL_TIM_Base_Start_IT
 .text.HAL_TIM_PWM_MspInit
                0x08009620        0x2 ./Drivers/STM32H7xx_HAL_Driver/Src/stm32h7xx_hal_tim.o
                0x08009620                HAL_TIM_PWM_MspInit
 .text.HAL_TIM_OC_DelayElapsedCallback
                0x08009622        0x2 ./Drivers/STM32H7xx_HAL_Driver/Src/stm32h7xx_hal_tim.o
                0x08009622                HAL_TIM_OC_DelayElapsedCallback
 .text.HAL_TIM_IC_CaptureCallback
                0x08009624        0x2 ./Drivers/STM32H7xx_HAL_Driver/Src/stm32h7xx_hal_tim.o
                0x08009624                HAL_TIM_IC_CaptureCallback
 .text.HAL_TIM_PWM_PulseFinishedCallback
                0x08009626        0x2 ./Drivers/STM32H7xx_HAL_Driver/Src/stm32h7xx_hal_tim.o
                0x08009626                HAL_TIM_PWM_PulseFinishedCallback
 .text.TIM_DMADelayPulseCplt
                0x08009628       0x6a ./Drivers/STM32H7xx_HAL_Driver/Src/stm32h7xx_hal_tim.o
 .text.HAL_TIM_PWM_PulseFinishedHalfCpltCallback
                0x08009692        0x2 ./Drivers/STM32H7xx_HAL_Driver/Src/stm32h7xx_hal_tim.o
                0x08009692                HAL_TIM_PWM_PulseFinishedHalfCpltCallback
 .text.TIM_DMADelayPulseHalfCplt
                0x08009694       0x38 ./Drivers/STM32H7xx_HAL_Driver/Src/stm32h7xx_hal_tim.o
                0x08009694                TIM_DMADelayPulseHalfCplt
 .text.HAL_TIM_TriggerCallback
                0x080096cc        0x2 ./Drivers/STM32H7xx_HAL_Driver/Src/stm32h7xx_hal_tim.o
                0x080096cc                HAL_TIM_TriggerCallback
 .text.HAL_TIM_IRQHandler
                0x080096ce      0x140 ./Drivers/STM32H7xx_HAL_Driver/Src/stm32h7xx_hal_tim.o
                0x080096ce                HAL_TIM_IRQHandler
 .text.HAL_TIM_ErrorCallback
                0x0800980e        0x2 ./Drivers/STM32H7xx_HAL_Driver/Src/stm32h7xx_hal_tim.o
                0x0800980e                HAL_TIM_ErrorCallback
 .text.TIM_DMAError
                0x08009810       0x5a ./Drivers/STM32H7xx_HAL_Driver/Src/stm32h7xx_hal_tim.o
                0x08009810                TIM_DMAError
 *fill*         0x0800986a        0x2 
 .text.TIM_Base_SetConfig
                0x0800986c       0xe8 ./Drivers/STM32H7xx_HAL_Driver/Src/stm32h7xx_hal_tim.o
                0x0800986c                TIM_Base_SetConfig
 .text.HAL_TIM_Base_Init
                0x08009954       0x60 ./Drivers/STM32H7xx_HAL_Driver/Src/stm32h7xx_hal_tim.o
                0x08009954                HAL_TIM_Base_Init
 .text.HAL_TIM_PWM_Init
                0x080099b4       0x60 ./Drivers/STM32H7xx_HAL_Driver/Src/stm32h7xx_hal_tim.o
                0x080099b4                HAL_TIM_PWM_Init
 .text.TIM_OC2_SetConfig
                0x08009a14       0x8c ./Drivers/STM32H7xx_HAL_Driver/Src/stm32h7xx_hal_tim.o
                0x08009a14                TIM_OC2_SetConfig
 .text.HAL_TIM_PWM_ConfigChannel
                0x08009aa0       0xf8 ./Drivers/STM32H7xx_HAL_Driver/Src/stm32h7xx_hal_tim.o
                0x08009aa0                HAL_TIM_PWM_ConfigChannel
 .text.TIM_ETR_SetConfig
                0x08009b98       0x14 ./Drivers/STM32H7xx_HAL_Driver/Src/stm32h7xx_hal_tim.o
                0x08009b98                TIM_ETR_SetConfig
 .text.HAL_TIM_ConfigClockSource
                0x08009bac      0x174 ./Drivers/STM32H7xx_HAL_Driver/Src/stm32h7xx_hal_tim.o
                0x08009bac                HAL_TIM_ConfigClockSource
 .text.TIM_CCxChannelCmd
                0x08009d20       0x1c ./Drivers/STM32H7xx_HAL_Driver/Src/stm32h7xx_hal_tim.o
                0x08009d20                TIM_CCxChannelCmd
 .text.HAL_TIM_OC_Start
                0x08009d3c      0x130 ./Drivers/STM32H7xx_HAL_Driver/Src/stm32h7xx_hal_tim.o
                0x08009d3c                HAL_TIM_OC_Start
 .text.HAL_TIM_PWM_Start
                0x08009e6c        0x4 ./Drivers/STM32H7xx_HAL_Driver/Src/stm32h7xx_hal_tim.o
                0x08009e6c                HAL_TIM_PWM_Start
 .text.HAL_TIM_OC_Stop
                0x08009e70       0xb0 ./Drivers/STM32H7xx_HAL_Driver/Src/stm32h7xx_hal_tim.o
                0x08009e70                HAL_TIM_OC_Stop
 .text.HAL_TIM_PWM_Stop
                0x08009f20        0x4 ./Drivers/STM32H7xx_HAL_Driver/Src/stm32h7xx_hal_tim.o
                0x08009f20                HAL_TIM_PWM_Stop
 .text.HAL_TIM_OC_Start_DMA
                0x08009f24      0x228 ./Drivers/STM32H7xx_HAL_Driver/Src/stm32h7xx_hal_tim.o
                0x08009f24                HAL_TIM_OC_Start_DMA
 .text.HAL_TIM_PWM_Start_DMA
                0x0800a14c        0x4 ./Drivers/STM32H7xx_HAL_Driver/Src/stm32h7xx_hal_tim.o
                0x0800a14c                HAL_TIM_PWM_Start_DMA
 .text.HAL_TIMEx_MasterConfigSynchronization
                0x0800a150       0xa4 ./Drivers/STM32H7xx_HAL_Driver/Src/stm32h7xx_hal_tim_ex.o
                0x0800a150                HAL_TIMEx_MasterConfigSynchronization
 .text.HAL_TIMEx_CommutCallback
                0x0800a1f4        0x2 ./Drivers/STM32H7xx_HAL_Driver/Src/stm32h7xx_hal_tim_ex.o
                0x0800a1f4                HAL_TIMEx_CommutCallback
 .text.HAL_TIMEx_BreakCallback
                0x0800a1f6        0x2 ./Drivers/STM32H7xx_HAL_Driver/Src/stm32h7xx_hal_tim_ex.o
                0x0800a1f6                HAL_TIMEx_BreakCallback
 .text.HAL_TIMEx_Break2Callback
                0x0800a1f8        0x2 ./Drivers/STM32H7xx_HAL_Driver/Src/stm32h7xx_hal_tim_ex.o
                0x0800a1f8                HAL_TIMEx_Break2Callback
 *fill*         0x0800a1fa        0x2 
 .text.UART_EndRxTransfer
                0x0800a1fc       0x58 ./Drivers/STM32H7xx_HAL_Driver/Src/stm32h7xx_hal_uart.o
 .text.UART_SetConfig
                0x0800a254      0x348 ./Drivers/STM32H7xx_HAL_Driver/Src/stm32h7xx_hal_uart.o
                0x0800a254                UART_SetConfig
 .text.UART_AdvFeatureConfig
                0x0800a59c       0xaa ./Drivers/STM32H7xx_HAL_Driver/Src/stm32h7xx_hal_uart.o
                0x0800a59c                UART_AdvFeatureConfig
 .text.UART_WaitOnFlagUntilTimeout
                0x0800a646       0x90 ./Drivers/STM32H7xx_HAL_Driver/Src/stm32h7xx_hal_uart.o
                0x0800a646                UART_WaitOnFlagUntilTimeout
 .text.UART_CheckIdleState
                0x0800a6d6       0xb6 ./Drivers/STM32H7xx_HAL_Driver/Src/stm32h7xx_hal_uart.o
                0x0800a6d6                UART_CheckIdleState
 .text.HAL_UART_Init
                0x0800a78c       0x60 ./Drivers/STM32H7xx_HAL_Driver/Src/stm32h7xx_hal_uart.o
                0x0800a78c                HAL_UART_Init
 .text.UARTEx_SetNbDataToProcess
                0x0800a7ec       0x44 ./Drivers/STM32H7xx_HAL_Driver/Src/stm32h7xx_hal_uart_ex.o
 .text.HAL_UARTEx_DisableFifoMode
                0x0800a830       0x36 ./Drivers/STM32H7xx_HAL_Driver/Src/stm32h7xx_hal_uart_ex.o
                0x0800a830                HAL_UARTEx_DisableFifoMode
 .text.HAL_UARTEx_SetTxFifoThreshold
                0x0800a866       0x40 ./Drivers/STM32H7xx_HAL_Driver/Src/stm32h7xx_hal_uart_ex.o
                0x0800a866                HAL_UARTEx_SetTxFifoThreshold
 .text.HAL_UARTEx_SetRxFifoThreshold
                0x0800a8a6       0x40 ./Drivers/STM32H7xx_HAL_Driver/Src/stm32h7xx_hal_uart_ex.o
                0x0800a8a6                HAL_UARTEx_SetRxFifoThreshold
 .text.USB_CoreReset
                0x0800a8e6       0x46 ./Drivers/STM32H7xx_HAL_Driver/Src/stm32h7xx_ll_usb.o
 .text.USB_CoreInit
                0x0800a92c       0x9c ./Drivers/STM32H7xx_HAL_Driver/Src/stm32h7xx_ll_usb.o
                0x0800a92c                USB_CoreInit
 .text.USB_SetTurnaroundTime
                0x0800a9c8       0xe0 ./Drivers/STM32H7xx_HAL_Driver/Src/stm32h7xx_ll_usb.o
                0x0800a9c8                USB_SetTurnaroundTime
 .text.USB_EnableGlobalInt
                0x0800aaa8        0xc ./Drivers/STM32H7xx_HAL_Driver/Src/stm32h7xx_ll_usb.o
                0x0800aaa8                USB_EnableGlobalInt
 .text.USB_DisableGlobalInt
                0x0800aab4        0xc ./Drivers/STM32H7xx_HAL_Driver/Src/stm32h7xx_ll_usb.o
                0x0800aab4                USB_DisableGlobalInt
 .text.USB_SetCurrentMode
                0x0800aac0       0x5c ./Drivers/STM32H7xx_HAL_Driver/Src/stm32h7xx_ll_usb.o
                0x0800aac0                USB_SetCurrentMode
 .text.USB_FlushTxFifo
                0x0800ab1c       0x46 ./Drivers/STM32H7xx_HAL_Driver/Src/stm32h7xx_ll_usb.o
                0x0800ab1c                USB_FlushTxFifo
 .text.USB_FlushRxFifo
                0x0800ab62       0x42 ./Drivers/STM32H7xx_HAL_Driver/Src/stm32h7xx_ll_usb.o
                0x0800ab62                USB_FlushRxFifo
 .text.USB_SetDevSpeed
                0x0800aba4        0xe ./Drivers/STM32H7xx_HAL_Driver/Src/stm32h7xx_ll_usb.o
                0x0800aba4                USB_SetDevSpeed
 *fill*         0x0800abb2        0x2 
 .text.USB_DevInit
                0x0800abb4      0x170 ./Drivers/STM32H7xx_HAL_Driver/Src/stm32h7xx_ll_usb.o
                0x0800abb4                USB_DevInit
 .text.USB_GetDevSpeed
                0x0800ad24       0x16 ./Drivers/STM32H7xx_HAL_Driver/Src/stm32h7xx_ll_usb.o
                0x0800ad24                USB_GetDevSpeed
 .text.USB_ActivateEndpoint
                0x0800ad3a       0x7e ./Drivers/STM32H7xx_HAL_Driver/Src/stm32h7xx_ll_usb.o
                0x0800ad3a                USB_ActivateEndpoint
 .text.USB_DeactivateEndpoint
                0x0800adb8       0xac ./Drivers/STM32H7xx_HAL_Driver/Src/stm32h7xx_ll_usb.o
                0x0800adb8                USB_DeactivateEndpoint
 .text.USB_EPStopXfer
                0x0800ae64       0x84 ./Drivers/STM32H7xx_HAL_Driver/Src/stm32h7xx_ll_usb.o
                0x0800ae64                USB_EPStopXfer
 .text.USB_WritePacket
                0x0800aee8       0x26 ./Drivers/STM32H7xx_HAL_Driver/Src/stm32h7xx_ll_usb.o
                0x0800aee8                USB_WritePacket
 *fill*         0x0800af0e        0x2 
 .text.USB_EPStartXfer
                0x0800af10      0x1c4 ./Drivers/STM32H7xx_HAL_Driver/Src/stm32h7xx_ll_usb.o
                0x0800af10                USB_EPStartXfer
 .text.USB_ReadPacket
                0x0800b0d4       0x40 ./Drivers/STM32H7xx_HAL_Driver/Src/stm32h7xx_ll_usb.o
                0x0800b0d4                USB_ReadPacket
 .text.USB_EPSetStall
                0x0800b114       0x56 ./Drivers/STM32H7xx_HAL_Driver/Src/stm32h7xx_ll_usb.o
                0x0800b114                USB_EPSetStall
 .text.USB_EPClearStall
                0x0800b16a       0x52 ./Drivers/STM32H7xx_HAL_Driver/Src/stm32h7xx_ll_usb.o
                0x0800b16a                USB_EPClearStall
 .text.USB_SetDevAddress
                0x0800b1bc       0x20 ./Drivers/STM32H7xx_HAL_Driver/Src/stm32h7xx_ll_usb.o
                0x0800b1bc                USB_SetDevAddress
 .text.USB_DevConnect
                0x0800b1dc       0x1c ./Drivers/STM32H7xx_HAL_Driver/Src/stm32h7xx_ll_usb.o
                0x0800b1dc                USB_DevConnect
 .text.USB_DevDisconnect
                0x0800b1f8       0x1c ./Drivers/STM32H7xx_HAL_Driver/Src/stm32h7xx_ll_usb.o
                0x0800b1f8                USB_DevDisconnect
 .text.USB_ReadInterrupts
                0x0800b214        0x8 ./Drivers/STM32H7xx_HAL_Driver/Src/stm32h7xx_ll_usb.o
                0x0800b214                USB_ReadInterrupts
 .text.USB_ReadDevAllOutEpInterrupt
                0x0800b21c       0x10 ./Drivers/STM32H7xx_HAL_Driver/Src/stm32h7xx_ll_usb.o
                0x0800b21c                USB_ReadDevAllOutEpInterrupt
 .text.USB_ReadDevAllInEpInterrupt
                0x0800b22c       0x10 ./Drivers/STM32H7xx_HAL_Driver/Src/stm32h7xx_ll_usb.o
                0x0800b22c                USB_ReadDevAllInEpInterrupt
 .text.USB_ReadDevOutEPInterrupt
                0x0800b23c       0x12 ./Drivers/STM32H7xx_HAL_Driver/Src/stm32h7xx_ll_usb.o
                0x0800b23c                USB_ReadDevOutEPInterrupt
 .text.USB_ReadDevInEPInterrupt
                0x0800b24e       0x22 ./Drivers/STM32H7xx_HAL_Driver/Src/stm32h7xx_ll_usb.o
                0x0800b24e                USB_ReadDevInEPInterrupt
 .text.USB_GetMode
                0x0800b270        0x8 ./Drivers/STM32H7xx_HAL_Driver/Src/stm32h7xx_ll_usb.o
                0x0800b270                USB_GetMode
 .text.USB_ActivateSetup
                0x0800b278       0x20 ./Drivers/STM32H7xx_HAL_Driver/Src/stm32h7xx_ll_usb.o
                0x0800b278                USB_ActivateSetup
 .text.USB_EP0_OutStart
                0x0800b298       0x4c ./Drivers/STM32H7xx_HAL_Driver/Src/stm32h7xx_ll_usb.o
                0x0800b298                USB_EP0_OutStart
 .text.USBD_CDC_EP0_RxReady
                0x0800b2e4       0x38 ./Middlewares/ST/STM32_USB_Device_Library/Class/CDC/Src/usbd_cdc.o
 .text.USBD_CDC_GetDeviceQualifierDescriptor
                0x0800b31c        0xc ./Middlewares/ST/STM32_USB_Device_Library/Class/CDC/Src/usbd_cdc.o
                0x0800b31c                USBD_CDC_GetDeviceQualifierDescriptor
 .text.USBD_CDC_GetFSCfgDesc
                0x0800b328       0x48 ./Middlewares/ST/STM32_USB_Device_Library/Class/CDC/Src/usbd_cdc.o
 .text.USBD_CDC_GetOtherSpeedCfgDesc
                0x0800b370        0x4 ./Middlewares/ST/STM32_USB_Device_Library/Class/CDC/Src/usbd_cdc.o
 .text.USBD_CDC_GetHSCfgDesc
                0x0800b374       0x48 ./Middlewares/ST/STM32_USB_Device_Library/Class/CDC/Src/usbd_cdc.o
 .text.USBD_CDC_DataOut
                0x0800b3bc       0x38 ./Middlewares/ST/STM32_USB_Device_Library/Class/CDC/Src/usbd_cdc.o
 .text.USBD_CDC_DataIn
                0x0800b3f4       0x64 ./Middlewares/ST/STM32_USB_Device_Library/Class/CDC/Src/usbd_cdc.o
 .text.USBD_CDC_Setup
                0x0800b458       0xf0 ./Middlewares/ST/STM32_USB_Device_Library/Class/CDC/Src/usbd_cdc.o
 .text.USBD_CDC_DeInit
                0x0800b548       0x5a ./Middlewares/ST/STM32_USB_Device_Library/Class/CDC/Src/usbd_cdc.o
 .text.USBD_CDC_Init
                0x0800b5a2       0xc6 ./Middlewares/ST/STM32_USB_Device_Library/Class/CDC/Src/usbd_cdc.o
 .text.USBD_CDC_RegisterInterface
                0x0800b668       0x16 ./Middlewares/ST/STM32_USB_Device_Library/Class/CDC/Src/usbd_cdc.o
                0x0800b668                USBD_CDC_RegisterInterface
 .text.USBD_CDC_SetTxBuffer
                0x0800b67e       0x1c ./Middlewares/ST/STM32_USB_Device_Library/Class/CDC/Src/usbd_cdc.o
                0x0800b67e                USBD_CDC_SetTxBuffer
 .text.USBD_CDC_SetRxBuffer
                0x0800b69a       0x18 ./Middlewares/ST/STM32_USB_Device_Library/Class/CDC/Src/usbd_cdc.o
                0x0800b69a                USBD_CDC_SetRxBuffer
 .text.USBD_CDC_TransmitPacket
                0x0800b6b2       0x36 ./Middlewares/ST/STM32_USB_Device_Library/Class/CDC/Src/usbd_cdc.o
                0x0800b6b2                USBD_CDC_TransmitPacket
 .text.USBD_CDC_ReceivePacket
                0x0800b6e8       0x2c ./Middlewares/ST/STM32_USB_Device_Library/Class/CDC/Src/usbd_cdc.o
                0x0800b6e8                USBD_CDC_ReceivePacket
 .text.USBD_Init
                0x0800b714       0x26 ./Middlewares/ST/STM32_USB_Device_Library/Core/Src/usbd_core.o
                0x0800b714                USBD_Init
 .text.USBD_RegisterClass
                0x0800b73a       0x32 ./Middlewares/ST/STM32_USB_Device_Library/Core/Src/usbd_core.o
                0x0800b73a                USBD_RegisterClass
 .text.USBD_Start
                0x0800b76c        0x4 ./Middlewares/ST/STM32_USB_Device_Library/Core/Src/usbd_core.o
                0x0800b76c                USBD_Start
 .text.USBD_SetClassConfig
                0x0800b770        0xe ./Middlewares/ST/STM32_USB_Device_Library/Core/Src/usbd_core.o
                0x0800b770                USBD_SetClassConfig
 .text.USBD_ClrClassConfig
                0x0800b77e       0x12 ./Middlewares/ST/STM32_USB_Device_Library/Core/Src/usbd_core.o
                0x0800b77e                USBD_ClrClassConfig
 .text.USBD_LL_SetupStage
                0x0800b790       0x60 ./Middlewares/ST/STM32_USB_Device_Library/Core/Src/usbd_core.o
                0x0800b790                USBD_LL_SetupStage
 .text.USBD_LL_DataOutStage
                0x0800b7f0       0x6a ./Middlewares/ST/STM32_USB_Device_Library/Core/Src/usbd_core.o
                0x0800b7f0                USBD_LL_DataOutStage
 .text.USBD_LL_DataInStage
                0x0800b85a       0xa6 ./Middlewares/ST/STM32_USB_Device_Library/Core/Src/usbd_core.o
                0x0800b85a                USBD_LL_DataInStage
 .text.USBD_LL_Reset
                0x0800b900       0x5e ./Middlewares/ST/STM32_USB_Device_Library/Core/Src/usbd_core.o
                0x0800b900                USBD_LL_Reset
 .text.USBD_LL_SetSpeed
                0x0800b95e        0x6 ./Middlewares/ST/STM32_USB_Device_Library/Core/Src/usbd_core.o
                0x0800b95e                USBD_LL_SetSpeed
 .text.USBD_LL_Suspend
                0x0800b964       0x1c ./Middlewares/ST/STM32_USB_Device_Library/Core/Src/usbd_core.o
                0x0800b964                USBD_LL_Suspend
 .text.USBD_LL_Resume
                0x0800b980       0x16 ./Middlewares/ST/STM32_USB_Device_Library/Core/Src/usbd_core.o
                0x0800b980                USBD_LL_Resume
 .text.USBD_LL_SOF
                0x0800b996       0x1a ./Middlewares/ST/STM32_USB_Device_Library/Core/Src/usbd_core.o
                0x0800b996                USBD_LL_SOF
 .text.USBD_LL_IsoINIncomplete
                0x0800b9b0       0x26 ./Middlewares/ST/STM32_USB_Device_Library/Core/Src/usbd_core.o
                0x0800b9b0                USBD_LL_IsoINIncomplete
 .text.USBD_LL_IsoOUTIncomplete
                0x0800b9d6       0x26 ./Middlewares/ST/STM32_USB_Device_Library/Core/Src/usbd_core.o
                0x0800b9d6                USBD_LL_IsoOUTIncomplete
 .text.USBD_LL_DevConnected
                0x0800b9fc        0x4 ./Middlewares/ST/STM32_USB_Device_Library/Core/Src/usbd_core.o
                0x0800b9fc                USBD_LL_DevConnected
 .text.USBD_LL_DevDisconnected
                0x0800ba00       0x20 ./Middlewares/ST/STM32_USB_Device_Library/Core/Src/usbd_core.o
                0x0800ba00                USBD_LL_DevDisconnected
 .text.USBD_CoreFindIF
                0x0800ba20        0x4 ./Middlewares/ST/STM32_USB_Device_Library/Core/Src/usbd_core.o
                0x0800ba20                USBD_CoreFindIF
 .text.USBD_CoreFindEP
                0x0800ba24        0x4 ./Middlewares/ST/STM32_USB_Device_Library/Core/Src/usbd_core.o
                0x0800ba24                USBD_CoreFindEP
 .text.USBD_GetEpDesc
                0x0800ba28       0x24 ./Middlewares/ST/STM32_USB_Device_Library/Core/Src/usbd_core.o
                0x0800ba28                USBD_GetEpDesc
 .text.USBD_CtlError.constprop.0
                0x0800ba4c       0x16 ./Middlewares/ST/STM32_USB_Device_Library/Core/Src/usbd_ctlreq.o
 *fill*         0x0800ba62        0x2 
 .text.USBD_StdDevReq
                0x0800ba64      0x298 ./Middlewares/ST/STM32_USB_Device_Library/Core/Src/usbd_ctlreq.o
                0x0800ba64                USBD_StdDevReq
 .text.USBD_StdItfReq
                0x0800bcfc       0x5a ./Middlewares/ST/STM32_USB_Device_Library/Core/Src/usbd_ctlreq.o
                0x0800bcfc                USBD_StdItfReq
 .text.USBD_StdEPReq
                0x0800bd56      0x13e ./Middlewares/ST/STM32_USB_Device_Library/Core/Src/usbd_ctlreq.o
                0x0800bd56                USBD_StdEPReq
 .text.USBD_ParseSetupRequest
                0x0800be94       0x16 ./Middlewares/ST/STM32_USB_Device_Library/Core/Src/usbd_ctlreq.o
                0x0800be94                USBD_ParseSetupRequest
 .text.USBD_CtlError
                0x0800beaa       0x16 ./Middlewares/ST/STM32_USB_Device_Library/Core/Src/usbd_ctlreq.o
                0x0800beaa                USBD_CtlError
 .text.USBD_GetString
                0x0800bec0       0x38 ./Middlewares/ST/STM32_USB_Device_Library/Core/Src/usbd_ctlreq.o
                0x0800bec0                USBD_GetString
 .text.USBD_CtlSendData
                0x0800bef8       0x1a ./Middlewares/ST/STM32_USB_Device_Library/Core/Src/usbd_ioreq.o
                0x0800bef8                USBD_CtlSendData
 .text.USBD_CtlContinueSendData
                0x0800bf12       0x10 ./Middlewares/ST/STM32_USB_Device_Library/Core/Src/usbd_ioreq.o
                0x0800bf12                USBD_CtlContinueSendData
 .text.USBD_CtlPrepareRx
                0x0800bf22       0x1a ./Middlewares/ST/STM32_USB_Device_Library/Core/Src/usbd_ioreq.o
                0x0800bf22                USBD_CtlPrepareRx
 .text.USBD_CtlContinueRx
                0x0800bf3c       0x10 ./Middlewares/ST/STM32_USB_Device_Library/Core/Src/usbd_ioreq.o
                0x0800bf3c                USBD_CtlContinueRx
 .text.USBD_CtlSendStatus
                0x0800bf4c       0x16 ./Middlewares/ST/STM32_USB_Device_Library/Core/Src/usbd_ioreq.o
                0x0800bf4c                USBD_CtlSendStatus
 .text.USBD_CtlReceiveStatus
                0x0800bf62       0x16 ./Middlewares/ST/STM32_USB_Device_Library/Core/Src/usbd_ioreq.o
                0x0800bf62                USBD_CtlReceiveStatus
 .text.MX_USB_DEVICE_Init
                0x0800bf78       0x54 ./USB_DEVICE/App/usb_device.o
                0x0800bf78                MX_USB_DEVICE_Init
 .text.CDC_DeInit_HS
                0x0800bfcc        0x4 ./USB_DEVICE/App/usbd_cdc_if.o
 .text.CDC_Control_HS
                0x0800bfd0        0x4 ./USB_DEVICE/App/usbd_cdc_if.o
 .text.CDC_TransmitCplt_HS
                0x0800bfd4        0x4 ./USB_DEVICE/App/usbd_cdc_if.o
 .text.CDC_Receive_HS
                0x0800bfd8       0x2c ./USB_DEVICE/App/usbd_cdc_if.o
 .text.CDC_Init_HS
                0x0800c004       0x28 ./USB_DEVICE/App/usbd_cdc_if.o
 .text.CDC_Transmit_HS
                0x0800c02c       0x2c ./USB_DEVICE/App/usbd_cdc_if.o
                0x0800c02c                CDC_Transmit_HS
 .text.USBD_HS_DeviceDescriptor
                0x0800c058        0xc ./USB_DEVICE/App/usbd_desc.o
                0x0800c058                USBD_HS_DeviceDescriptor
 .text.USBD_HS_LangIDStrDescriptor
                0x0800c064        0xc ./USB_DEVICE/App/usbd_desc.o
                0x0800c064                USBD_HS_LangIDStrDescriptor
 .text.IntToUnicode
                0x0800c070       0x2c ./USB_DEVICE/App/usbd_desc.o
 .text.USBD_HS_SerialStrDescriptor
                0x0800c09c       0x3c ./USB_DEVICE/App/usbd_desc.o
                0x0800c09c                USBD_HS_SerialStrDescriptor
 .text.USBD_HS_ManufacturerStrDescriptor
                0x0800c0d8       0x1c ./USB_DEVICE/App/usbd_desc.o
                0x0800c0d8                USBD_HS_ManufacturerStrDescriptor
 .text.USBD_HS_ProductStrDescriptor
                0x0800c0f4       0x1c ./USB_DEVICE/App/usbd_desc.o
                0x0800c0f4                USBD_HS_ProductStrDescriptor
 .text.USBD_HS_ConfigStrDescriptor
                0x0800c110       0x1c ./USB_DEVICE/App/usbd_desc.o
                0x0800c110                USBD_HS_ConfigStrDescriptor
 .text.USBD_HS_InterfaceStrDescriptor
                0x0800c12c       0x1c ./USB_DEVICE/App/usbd_desc.o
                0x0800c12c                USBD_HS_InterfaceStrDescriptor
 .text.HAL_PCD_MspInit
                0x0800c148       0x70 ./USB_DEVICE/Target/usbd_conf.o
                0x0800c148                HAL_PCD_MspInit
 .text.HAL_PCD_SetupStageCallback
                0x0800c1b8        0xc ./USB_DEVICE/Target/usbd_conf.o
                0x0800c1b8                HAL_PCD_SetupStageCallback
 .text.HAL_PCD_DataOutStageCallback
                0x0800c1c4       0x12 ./USB_DEVICE/Target/usbd_conf.o
                0x0800c1c4                HAL_PCD_DataOutStageCallback
 .text.HAL_PCD_DataInStageCallback
                0x0800c1d6       0x10 ./USB_DEVICE/Target/usbd_conf.o
                0x0800c1d6                HAL_PCD_DataInStageCallback
 .text.HAL_PCD_SOFCallback
                0x0800c1e6        0x8 ./USB_DEVICE/Target/usbd_conf.o
                0x0800c1e6                HAL_PCD_SOFCallback
 .text.HAL_PCD_ResetCallback
                0x0800c1ee       0x26 ./USB_DEVICE/Target/usbd_conf.o
                0x0800c1ee                HAL_PCD_ResetCallback
 .text.HAL_PCD_SuspendCallback
                0x0800c214       0x30 ./USB_DEVICE/Target/usbd_conf.o
                0x0800c214                HAL_PCD_SuspendCallback
 .text.HAL_PCD_ResumeCallback
                0x0800c244        0x8 ./USB_DEVICE/Target/usbd_conf.o
                0x0800c244                HAL_PCD_ResumeCallback
 .text.HAL_PCD_ISOOUTIncompleteCallback
                0x0800c24c        0x8 ./USB_DEVICE/Target/usbd_conf.o
                0x0800c24c                HAL_PCD_ISOOUTIncompleteCallback
 .text.HAL_PCD_ISOINIncompleteCallback
                0x0800c254        0x8 ./USB_DEVICE/Target/usbd_conf.o
                0x0800c254                HAL_PCD_ISOINIncompleteCallback
 .text.HAL_PCD_ConnectCallback
                0x0800c25c        0x8 ./USB_DEVICE/Target/usbd_conf.o
                0x0800c25c                HAL_PCD_ConnectCallback
 .text.HAL_PCD_DisconnectCallback
                0x0800c264        0x8 ./USB_DEVICE/Target/usbd_conf.o
                0x0800c264                HAL_PCD_DisconnectCallback
 .text.USBD_LL_Init
                0x0800c26c       0x68 ./USB_DEVICE/Target/usbd_conf.o
                0x0800c26c                USBD_LL_Init
 .text.USBD_LL_IsStallEP
                0x0800c2d4       0x24 ./USB_DEVICE/Target/usbd_conf.o
                0x0800c2d4                USBD_LL_IsStallEP
 .text.USBD_LL_GetRxDataSize
                0x0800c2f8        0x8 ./USB_DEVICE/Target/usbd_conf.o
                0x0800c2f8                USBD_LL_GetRxDataSize
 .text.USBD_static_malloc
                0x0800c300        0x8 ./USB_DEVICE/Target/usbd_conf.o
                0x0800c300                USBD_static_malloc
 .text.USBD_static_free
                0x0800c308        0x2 ./USB_DEVICE/Target/usbd_conf.o
                0x0800c308                USBD_static_free
 .text.USBD_Get_USB_Status
                0x0800c30a        0xc ./USB_DEVICE/Target/usbd_conf.o
                0x0800c30a                USBD_Get_USB_Status
 .text.USBD_LL_Start
                0x0800c316       0x12 ./USB_DEVICE/Target/usbd_conf.o
                0x0800c316                USBD_LL_Start
 .text.USBD_LL_OpenEP
                0x0800c328       0x18 ./USB_DEVICE/Target/usbd_conf.o
                0x0800c328                USBD_LL_OpenEP
 .text.USBD_LL_CloseEP
                0x0800c340       0x12 ./USB_DEVICE/Target/usbd_conf.o
                0x0800c340                USBD_LL_CloseEP
 .text.USBD_LL_StallEP
                0x0800c352       0x12 ./USB_DEVICE/Target/usbd_conf.o
                0x0800c352                USBD_LL_StallEP
 .text.USBD_LL_ClearStallEP
                0x0800c364       0x12 ./USB_DEVICE/Target/usbd_conf.o
                0x0800c364                USBD_LL_ClearStallEP
 .text.USBD_LL_SetUSBAddress
                0x0800c376       0x12 ./USB_DEVICE/Target/usbd_conf.o
                0x0800c376                USBD_LL_SetUSBAddress
 .text.USBD_LL_Transmit
                0x0800c388       0x12 ./USB_DEVICE/Target/usbd_conf.o
                0x0800c388                USBD_LL_Transmit
 .text.USBD_LL_PrepareReceive
                0x0800c39a       0x12 ./USB_DEVICE/Target/usbd_conf.o
                0x0800c39a                USBD_LL_PrepareReceive
 .text.atof     0x0800c3ac        0x6 C:/ST/STM32CubeIDE_1.15.1/STM32CubeIDE/plugins/com.st.stm32cube.ide.mcu.externaltools.gnu-tools-for-stm32.12.3.rel1.win32_1.0.200.202406191623/tools/bin/../lib/gcc/arm-none-eabi/12.3.1/../../../../arm-none-eabi/lib/thumb/v7e-m+dp/hard\libc_nano.a(libc_a-atof.o)
                0x0800c3ac                atof
 .text.atoi     0x0800c3b2        0x8 C:/ST/STM32CubeIDE_1.15.1/STM32CubeIDE/plugins/com.st.stm32cube.ide.mcu.externaltools.gnu-tools-for-stm32.12.3.rel1.win32_1.0.200.202406191623/tools/bin/../lib/gcc/arm-none-eabi/12.3.1/../../../../arm-none-eabi/lib/thumb/v7e-m+dp/hard\libc_nano.a(libc_a-atoi.o)
                0x0800c3b2                atoi
 .text.sulp     0x0800c3ba       0x34 C:/ST/STM32CubeIDE_1.15.1/STM32CubeIDE/plugins/com.st.stm32cube.ide.mcu.externaltools.gnu-tools-for-stm32.12.3.rel1.win32_1.0.200.202406191623/tools/bin/../lib/gcc/arm-none-eabi/12.3.1/../../../../arm-none-eabi/lib/thumb/v7e-m+dp/hard\libc_nano.a(libc_a-strtod.o)
 *fill*         0x0800c3ee        0x2 
 .text._strtod_l
                0x0800c3f0      0xb2c C:/ST/STM32CubeIDE_1.15.1/STM32CubeIDE/plugins/com.st.stm32cube.ide.mcu.externaltools.gnu-tools-for-stm32.12.3.rel1.win32_1.0.200.202406191623/tools/bin/../lib/gcc/arm-none-eabi/12.3.1/../../../../arm-none-eabi/lib/thumb/v7e-m+dp/hard\libc_nano.a(libc_a-strtod.o)
                0x0800c3f0                _strtod_l
 .text.strtod   0x0800cf1c       0x18 C:/ST/STM32CubeIDE_1.15.1/STM32CubeIDE/plugins/com.st.stm32cube.ide.mcu.externaltools.gnu-tools-for-stm32.12.3.rel1.win32_1.0.200.202406191623/tools/bin/../lib/gcc/arm-none-eabi/12.3.1/../../../../arm-none-eabi/lib/thumb/v7e-m+dp/hard\libc_nano.a(libc_a-strtod.o)
                0x0800cf1c                strtod
 .text._strtol_l.constprop.0
                0x0800cf34       0xf4 C:/ST/STM32CubeIDE_1.15.1/STM32CubeIDE/plugins/com.st.stm32cube.ide.mcu.externaltools.gnu-tools-for-stm32.12.3.rel1.win32_1.0.200.202406191623/tools/bin/../lib/gcc/arm-none-eabi/12.3.1/../../../../arm-none-eabi/lib/thumb/v7e-m+dp/hard\libc_nano.a(libc_a-strtol.o)
 .text.strtol   0x0800d028       0x14 C:/ST/STM32CubeIDE_1.15.1/STM32CubeIDE/plugins/com.st.stm32cube.ide.mcu.externaltools.gnu-tools-for-stm32.12.3.rel1.win32_1.0.200.202406191623/tools/bin/../lib/gcc/arm-none-eabi/12.3.1/../../../../arm-none-eabi/lib/thumb/v7e-m+dp/hard\libc_nano.a(libc_a-strtol.o)
                0x0800d028                strtol
 .text.__cvt    0x0800d03c       0xa8 C:/ST/STM32CubeIDE_1.15.1/STM32CubeIDE/plugins/com.st.stm32cube.ide.mcu.externaltools.gnu-tools-for-stm32.12.3.rel1.win32_1.0.200.202406191623/tools/bin/../lib/gcc/arm-none-eabi/12.3.1/../../../../arm-none-eabi/lib/thumb/v7e-m+dp/hard\libc_nano.a(libc_a-nano-vfprintf_float.o)
                0x0800d03c                __cvt
 .text.__exponent
                0x0800d0e4       0x74 C:/ST/STM32CubeIDE_1.15.1/STM32CubeIDE/plugins/com.st.stm32cube.ide.mcu.externaltools.gnu-tools-for-stm32.12.3.rel1.win32_1.0.200.202406191623/tools/bin/../lib/gcc/arm-none-eabi/12.3.1/../../../../arm-none-eabi/lib/thumb/v7e-m+dp/hard\libc_nano.a(libc_a-nano-vfprintf_float.o)
                0x0800d0e4                __exponent
 .text._printf_float
                0x0800d158      0x434 C:/ST/STM32CubeIDE_1.15.1/STM32CubeIDE/plugins/com.st.stm32cube.ide.mcu.externaltools.gnu-tools-for-stm32.12.3.rel1.win32_1.0.200.202406191623/tools/bin/../lib/gcc/arm-none-eabi/12.3.1/../../../../arm-none-eabi/lib/thumb/v7e-m+dp/hard\libc_nano.a(libc_a-nano-vfprintf_float.o)
                0x0800d158                _printf_float
 .text._printf_common
                0x0800d58c       0xda C:/ST/STM32CubeIDE_1.15.1/STM32CubeIDE/plugins/com.st.stm32cube.ide.mcu.externaltools.gnu-tools-for-stm32.12.3.rel1.win32_1.0.200.202406191623/tools/bin/../lib/gcc/arm-none-eabi/12.3.1/../../../../arm-none-eabi/lib/thumb/v7e-m+dp/hard\libc_nano.a(libc_a-nano-vfprintf_i.o)
                0x0800d58c                _printf_common
 *fill*         0x0800d666        0x2 
 .text._printf_i
                0x0800d668      0x240 C:/ST/STM32CubeIDE_1.15.1/STM32CubeIDE/plugins/com.st.stm32cube.ide.mcu.externaltools.gnu-tools-for-stm32.12.3.rel1.win32_1.0.200.202406191623/tools/bin/../lib/gcc/arm-none-eabi/12.3.1/../../../../arm-none-eabi/lib/thumb/v7e-m+dp/hard\libc_nano.a(libc_a-nano-vfprintf_i.o)
                0x0800d668                _printf_i
 .text.std      0x0800d8a8       0x6c C:/ST/STM32CubeIDE_1.15.1/STM32CubeIDE/plugins/com.st.stm32cube.ide.mcu.externaltools.gnu-tools-for-stm32.12.3.rel1.win32_1.0.200.202406191623/tools/bin/../lib/gcc/arm-none-eabi/12.3.1/../../../../arm-none-eabi/lib/thumb/v7e-m+dp/hard\libc_nano.a(libc_a-findfp.o)
 .text.stdio_exit_handler
                0x0800d914       0x18 C:/ST/STM32CubeIDE_1.15.1/STM32CubeIDE/plugins/com.st.stm32cube.ide.mcu.externaltools.gnu-tools-for-stm32.12.3.rel1.win32_1.0.200.202406191623/tools/bin/../lib/gcc/arm-none-eabi/12.3.1/../../../../arm-none-eabi/lib/thumb/v7e-m+dp/hard\libc_nano.a(libc_a-findfp.o)
 .text.cleanup_stdio
                0x0800d92c       0x40 C:/ST/STM32CubeIDE_1.15.1/STM32CubeIDE/plugins/com.st.stm32cube.ide.mcu.externaltools.gnu-tools-for-stm32.12.3.rel1.win32_1.0.200.202406191623/tools/bin/../lib/gcc/arm-none-eabi/12.3.1/../../../../arm-none-eabi/lib/thumb/v7e-m+dp/hard\libc_nano.a(libc_a-findfp.o)
 .text.global_stdio_init.part.0
                0x0800d96c       0x3c C:/ST/STM32CubeIDE_1.15.1/STM32CubeIDE/plugins/com.st.stm32cube.ide.mcu.externaltools.gnu-tools-for-stm32.12.3.rel1.win32_1.0.200.202406191623/tools/bin/../lib/gcc/arm-none-eabi/12.3.1/../../../../arm-none-eabi/lib/thumb/v7e-m+dp/hard\libc_nano.a(libc_a-findfp.o)
 .text.__sfp_lock_acquire
                0x0800d9a8        0xc C:/ST/STM32CubeIDE_1.15.1/STM32CubeIDE/plugins/com.st.stm32cube.ide.mcu.externaltools.gnu-tools-for-stm32.12.3.rel1.win32_1.0.200.202406191623/tools/bin/../lib/gcc/arm-none-eabi/12.3.1/../../../../arm-none-eabi/lib/thumb/v7e-m+dp/hard\libc_nano.a(libc_a-findfp.o)
                0x0800d9a8                __sfp_lock_acquire
 .text.__sfp_lock_release
                0x0800d9b4        0xc C:/ST/STM32CubeIDE_1.15.1/STM32CubeIDE/plugins/com.st.stm32cube.ide.mcu.externaltools.gnu-tools-for-stm32.12.3.rel1.win32_1.0.200.202406191623/tools/bin/../lib/gcc/arm-none-eabi/12.3.1/../../../../arm-none-eabi/lib/thumb/v7e-m+dp/hard\libc_nano.a(libc_a-findfp.o)
                0x0800d9b4                __sfp_lock_release